H0AR9_dma.c:89:6:DMA_MSG_RX_CH_Init	8	static
H0AR9_dma.c:107:6:DMA_MSG_TX_CH_Init	8	static
H0AR9_dma.c:44:6:DMA_Init	16	static
H0AR9_dma.c:125:6:DMA_STREAM_CH_Init	8	static
H0AR9_dma.c:143:6:DMA_FRONTEND_CH_Init	8	static
H0AR9_dma.c:278:6:StopStreamDMA	16	static
H0AR9_dma.c:294:6:StopMsgDMA	16	static
H0AR9_dma.c:309:6:SwitchMsgDMAToStream	8	static
H0AR9_dma.c:342:6:SetupDMAInterrupts	8	static
H0AR9_dma.c:379:6:UnSetupDMAInterrupts	8	static
H0AR9_dma.c:238:6:DMA_MSG_TX_UnSetup	8	static
H0AR9_dma.c:413:6:RemapAndLinkDMAtoUARTRx	16	static
H0AR9_dma.c:195:6:DMA_MSG_RX_Setup	16	static
H0AR9_dma.c:163:6:SetupMessagingRxDMAs	8	static
H0AR9_dma.c:323:6:SwitchStreamDMAToMsg	32	static
H0AR9_dma.c:252:6:DMA_STREAM_Setup	24	static
H0AR9_dma.c:528:6:RemapAndLinkDMAtoUARTTx	16	static
H0AR9_dma.c:212:6:DMA_MSG_TX_Setup	8	static
H0AR9_dma.c:643:6:CRC_Init	8	static
H0AR9_dma.c:655:6:HAL_CRC_MspInit	8	static
H0AR9_dma.c:661:6:HAL_CRC_MspDeInit	0	static
H0AR9_dma.c:671:10:CalculateCRC8	24	static
