H0AR9.c:409:22:StreamMemsToBuf	32	static
H0AR9.c:437:22:StreamMemsToPort	40	static
H0AR9.c:467:22:StreamMemsToCLI	64	static
H0AR9.c:1048:22:StopStreamCommand	8	static
H0AR9.c:143:6:SystemClock_Config	128	static
H0AR9.c:192:6:RegisterModuleCLICommands	8	static
H0AR9.c:200:6:initialValue	0	static
H0AR9.c:265:6:SetupPortForRemoteBootloaderUpdate	8	static
H0AR9.c:213:6:remoteBootloaderUpdate	48	static
H0AR9.c:499:6:APDS9950_init	24	static
H0AR9.c:278:6:Module_Peripheral_Init	8	static
H0AR9.c:521:6:SampleColor	16	static
H0AR9.c:559:6:SampleColorBuf	16	static
H0AR9.c:592:6:SampleColorToPort	32	static
H0AR9.c:741:6:SampleColorToString	48	static
H0AR9.c:529:6:SampleDistance	8	static
H0AR9.c:568:6:SampleDistanceBuff	24	static
H0AR9.c:638:6:SampleDistanceToPort	24	static
H0AR9.c:751:6:SampleDistanceToString	24	static
H0AR9.c:534:6:SampleTemperature	32	static
H0AR9.c:575:6:SampleTemperatureBuf	8	static
H0AR9.c:759:6:SampleTemperatureToString	32	static
H0AR9.c:666:6:SampleTemperatureToPort	24	static
H0AR9.c:544:6:SampleHumidity	32	static
H0AR9.c:580:6:SampleHumidityBuf	8	static
H0AR9.c:767:6:SampleHumidityToString	32	static
H0AR9.c:694:6:SampleHumidityToPort	24	static
H0AR9.c:554:6:SamplePIR	8	static
H0AR9.c:585:6:SamplePIRBuf	24	static
H0AR9.c:722:6:SamplePIRToPort	24	static
H0AR9.c:775:6:SamplePIRToString	24	static
H0AR9.c:866:22:SampleSensorCommand	24	static
H0AR9.c:784:15:StreamColorToBuffer	8	static
H0AR9.c:789:15:StreamDistanceToBuffer	8	static
H0AR9.c:794:15:StreamTemperatureToBuffer	8	static
H0AR9.c:799:15:StreamHumidityToBuffer	8	static
H0AR9.c:804:15:StreamPIRToBuffer	8	static
H0AR9.c:809:15:StreamColorToPort	16	static
H0AR9.c:814:15:StreamDistanceToPort	16	static
H0AR9.c:819:15:StreamTemperatureToPort	16	static
H0AR9.c:824:15:StreamHumidityToPort	16	static
H0AR9.c:829:15:StreamPIRToPort	16	static
H0AR9.c:296:15:Module_MessagingTask	24	static
H0AR9.c:834:15:StreamColorToCLI	8	static
H0AR9.c:840:15:StreamDistanceToCLI	8	static
H0AR9.c:845:15:StreamTemperatureToCLI	8	static
H0AR9.c:851:15:StreamHumidityToCLI	8	static
H0AR9.c:856:15:StreamPIRToCLI	8	static
H0AR9.c:962:22:StreamSensorCommand	64	static
H0AR9.c:861:6:stopStreamMems	0	static
H0AR9.c:1058:9:SaveToRO	72	static
H0AR9.c:1154:9:ClearROtopology	8	static
H0AR9.c:1167:9:GetPort	0	static
