core_cm0.h:676:22:NVIC_SystemReset	0	static,ignoring_inline_asm
H0AR9_it.c:34:6:SysTick_Handler	8	static
H0AR9_it.c:45:6:HardFault_Handler	24	static
H0AR9_it.c:65:6:USART1_IRQHandler	8	static
H0AR9_it.c:84:6:USART2_IRQHandler	8	static
H0AR9_it.c:103:6:USART3_8_IRQHandler	8	static
H0AR9_it.c:132:6:DMA1_Ch1_IRQHandler	8	static
H0AR9_it.c:144:6:DMA1_Ch2_3_DMA2_Ch1_2_IRQHandler	8	static
H0AR9_it.c:163:6:DMA1_Ch4_7_DMA2_Ch3_5_IRQHandler	8	static
H0AR9_it.c:185:6:HAL_UART_TxCpltCallback	16	static
H0AR9_it.c:199:6:HAL_UART_ErrorCallback	8	static
H0AR9_it.c:219:6:HAL_UART_RxCpltCallback	40	static
H0AR9_it.c:294:6:vApplicationStackOverflowHook	24	static
H0AR9_it.c:316:6:vApplicationMallocFailedHook	24	static
