H0AR9.c:344:22:StreamMemsToBuf	32	static
H0AR9.c:372:22:StreamMemsToPort	40	static
H0AR9.c:402:22:StreamMemsToCLI	64	static
H0AR9.c:983:22:StopStreamCommand	8	static
H0AR9.c:143:6:SystemClock_Config	128	static
H0AR9.c:192:6:RegisterModuleCLICommands	8	static
H0AR9.c:200:6:initialValue	0	static
H0AR9.c:434:6:APDS9950_init	24	static
H0AR9.c:213:6:Module_Peripheral_Init	8	static
H0AR9.c:456:6:SampleColor	16	static
H0AR9.c:494:6:SampleColorBuf	16	static
H0AR9.c:527:6:SampleColorToPort	32	static
H0AR9.c:676:6:SampleColorToString	48	static
H0AR9.c:464:6:SampleDistance	8	static
H0AR9.c:503:6:SampleDistanceBuff	24	static
H0AR9.c:573:6:SampleDistanceToPort	24	static
H0AR9.c:686:6:SampleDistanceToString	24	static
H0AR9.c:469:6:SampleTemperature	32	static
H0AR9.c:510:6:SampleTemperatureBuf	8	static
H0AR9.c:694:6:SampleTemperatureToString	32	static
H0AR9.c:601:6:SampleTemperatureToPort	24	static
H0AR9.c:479:6:SampleHumidity	32	static
H0AR9.c:515:6:SampleHumidityBuf	8	static
H0AR9.c:702:6:SampleHumidityToString	32	static
H0AR9.c:629:6:SampleHumidityToPort	24	static
H0AR9.c:489:6:SamplePIR	8	static
H0AR9.c:520:6:SamplePIRBuf	24	static
H0AR9.c:657:6:SamplePIRToPort	24	static
H0AR9.c:710:6:SamplePIRToString	24	static
H0AR9.c:801:22:SampleSensorCommand	24	static
H0AR9.c:719:15:StreamColorToBuffer	8	static
H0AR9.c:724:15:StreamDistanceToBuffer	8	static
H0AR9.c:729:15:StreamTemperatureToBuffer	8	static
H0AR9.c:734:15:StreamHumidityToBuffer	8	static
H0AR9.c:739:15:StreamPIRToBuffer	8	static
H0AR9.c:744:15:StreamColorToPort	16	static
H0AR9.c:749:15:StreamDistanceToPort	16	static
H0AR9.c:754:15:StreamTemperatureToPort	16	static
H0AR9.c:759:15:StreamHumidityToPort	16	static
H0AR9.c:764:15:StreamPIRToPort	16	static
H0AR9.c:231:15:Module_MessagingTask	24	static
H0AR9.c:769:15:StreamColorToCLI	8	static
H0AR9.c:775:15:StreamDistanceToCLI	8	static
H0AR9.c:780:15:StreamTemperatureToCLI	8	static
H0AR9.c:786:15:StreamHumidityToCLI	8	static
H0AR9.c:791:15:StreamPIRToCLI	8	static
H0AR9.c:897:22:StreamSensorCommand	64	static
H0AR9.c:796:6:stopStreamMems	0	static
H0AR9.c:993:9:SaveToRO	72	static
H0AR9.c:1089:9:ClearROtopology	8	static
H0AR9.c:1102:9:GetPort	0	static
