H0AR9_it.c:31:6:SysTick_Handler	8	static
H0AR9_it.c:42:6:HardFault_Handler	0	static
H0AR9_it.c:58:6:USART1_IRQHandler	8	static
H0AR9_it.c:77:6:USART2_IRQHandler	8	static
H0AR9_it.c:96:6:USART3_8_IRQHandler	8	static
H0AR9_it.c:125:6:DMA1_Ch1_IRQHandler	8	static
H0AR9_it.c:137:6:DMA1_Ch2_3_DMA2_Ch1_2_IRQHandler	8	static
H0AR9_it.c:156:6:DMA1_Ch4_7_DMA2_Ch3_5_IRQHandler	8	static
H0AR9_it.c:178:6:HAL_UART_TxCpltCallback	16	static
H0AR9_it.c:192:6:HAL_UART_ErrorCallback	8	static
H0AR9_it.c:212:6:HAL_UART_RxCpltCallback	8	static
H0AR9_it.c:230:6:vApplicationStackOverflowHook	0	static,ignoring_inline_asm
H0AR9_it.c:243:6:vApplicationMallocFailedHook	0	static,ignoring_inline_asm
