Archive member included to satisfy reference by file (symbol)

C:/ST/STM32CubeIDE_1.17.0/STM32CubeIDE/plugins/com.st.stm32cube.ide.mcu.externaltools.gnu-tools-for-stm32.12.3.rel1.win32_1.1.0.202410251130/tools/bin/../lib/gcc/arm-none-eabi/12.3.1/../../../../arm-none-eabi/lib/thumb/v6-m/nofp\libc.a(libc_a-atof.o)
                              BOS\BOS_CLI.o (atof)
C:/ST/STM32CubeIDE_1.17.0/STM32CubeIDE/plugins/com.st.stm32cube.ide.mcu.externaltools.gnu-tools-for-stm32.12.3.rel1.win32_1.1.0.202410251130/tools/bin/../lib/gcc/arm-none-eabi/12.3.1/../../../../arm-none-eabi/lib/thumb/v6-m/nofp\libc.a(libc_a-atoi.o)
                              BOS\BOS_CLI.o (atoi)
C:/ST/STM32CubeIDE_1.17.0/STM32CubeIDE/plugins/com.st.stm32cube.ide.mcu.externaltools.gnu-tools-for-stm32.12.3.rel1.win32_1.1.0.202410251130/tools/bin/../lib/gcc/arm-none-eabi/12.3.1/../../../../arm-none-eabi/lib/thumb/v6-m/nofp\libc.a(libc_a-atol.o)
                              BOS\BOS.o (atol)
C:/ST/STM32CubeIDE_1.17.0/STM32CubeIDE/plugins/com.st.stm32cube.ide.mcu.externaltools.gnu-tools-for-stm32.12.3.rel1.win32_1.1.0.202410251130/tools/bin/../lib/gcc/arm-none-eabi/12.3.1/../../../../arm-none-eabi/lib/thumb/v6-m/nofp\libc.a(libc_a-exit.o)
                              C:/ST/STM32CubeIDE_1.17.0/STM32CubeIDE/plugins/com.st.stm32cube.ide.mcu.externaltools.gnu-tools-for-stm32.12.3.rel1.win32_1.1.0.202410251130/tools/bin/../lib/gcc/arm-none-eabi/12.3.1/../../../../arm-none-eabi/lib/thumb/v6-m/nofp/crt0.o (exit)
C:/ST/STM32CubeIDE_1.17.0/STM32CubeIDE/plugins/com.st.stm32cube.ide.mcu.externaltools.gnu-tools-for-stm32.12.3.rel1.win32_1.1.0.202410251130/tools/bin/../lib/gcc/arm-none-eabi/12.3.1/../../../../arm-none-eabi/lib/thumb/v6-m/nofp\libc.a(libc_a-malloc.o)
                              BOS\BOS.o (malloc)
C:/ST/STM32CubeIDE_1.17.0/STM32CubeIDE/plugins/com.st.stm32cube.ide.mcu.externaltools.gnu-tools-for-stm32.12.3.rel1.win32_1.1.0.202410251130/tools/bin/../lib/gcc/arm-none-eabi/12.3.1/../../../../arm-none-eabi/lib/thumb/v6-m/nofp\libc.a(libc_a-mallocr.o)
                              C:/ST/STM32CubeIDE_1.17.0/STM32CubeIDE/plugins/com.st.stm32cube.ide.mcu.externaltools.gnu-tools-for-stm32.12.3.rel1.win32_1.1.0.202410251130/tools/bin/../lib/gcc/arm-none-eabi/12.3.1/../../../../arm-none-eabi/lib/thumb/v6-m/nofp\libc.a(libc_a-malloc.o) (_malloc_r)
C:/ST/STM32CubeIDE_1.17.0/STM32CubeIDE/plugins/com.st.stm32cube.ide.mcu.externaltools.gnu-tools-for-stm32.12.3.rel1.win32_1.1.0.202410251130/tools/bin/../lib/gcc/arm-none-eabi/12.3.1/../../../../arm-none-eabi/lib/thumb/v6-m/nofp\libc.a(libc_a-mlock.o)
                              C:/ST/STM32CubeIDE_1.17.0/STM32CubeIDE/plugins/com.st.stm32cube.ide.mcu.externaltools.gnu-tools-for-stm32.12.3.rel1.win32_1.1.0.202410251130/tools/bin/../lib/gcc/arm-none-eabi/12.3.1/../../../../arm-none-eabi/lib/thumb/v6-m/nofp\libc.a(libc_a-mallocr.o) (__malloc_lock)
C:/ST/STM32CubeIDE_1.17.0/STM32CubeIDE/plugins/com.st.stm32cube.ide.mcu.externaltools.gnu-tools-for-stm32.12.3.rel1.win32_1.1.0.202410251130/tools/bin/../lib/gcc/arm-none-eabi/12.3.1/../../../../arm-none-eabi/lib/thumb/v6-m/nofp\libc.a(libc_a-rand.o)
                              BOS\BOS_CLIcommands.o (rand)
C:/ST/STM32CubeIDE_1.17.0/STM32CubeIDE/plugins/com.st.stm32cube.ide.mcu.externaltools.gnu-tools-for-stm32.12.3.rel1.win32_1.1.0.202410251130/tools/bin/../lib/gcc/arm-none-eabi/12.3.1/../../../../arm-none-eabi/lib/thumb/v6-m/nofp\libc.a(libc_a-realloc.o)
                              BOS\BOS_CLI.o (realloc)
C:/ST/STM32CubeIDE_1.17.0/STM32CubeIDE/plugins/com.st.stm32cube.ide.mcu.externaltools.gnu-tools-for-stm32.12.3.rel1.win32_1.1.0.202410251130/tools/bin/../lib/gcc/arm-none-eabi/12.3.1/../../../../arm-none-eabi/lib/thumb/v6-m/nofp\libc.a(libc_a-reallocr.o)
                              C:/ST/STM32CubeIDE_1.17.0/STM32CubeIDE/plugins/com.st.stm32cube.ide.mcu.externaltools.gnu-tools-for-stm32.12.3.rel1.win32_1.1.0.202410251130/tools/bin/../lib/gcc/arm-none-eabi/12.3.1/../../../../arm-none-eabi/lib/thumb/v6-m/nofp\libc.a(libc_a-realloc.o) (_realloc_r)
C:/ST/STM32CubeIDE_1.17.0/STM32CubeIDE/plugins/com.st.stm32cube.ide.mcu.externaltools.gnu-tools-for-stm32.12.3.rel1.win32_1.1.0.202410251130/tools/bin/../lib/gcc/arm-none-eabi/12.3.1/../../../../arm-none-eabi/lib/thumb/v6-m/nofp\libc.a(libc_a-strtod.o)
                              C:/ST/STM32CubeIDE_1.17.0/STM32CubeIDE/plugins/com.st.stm32cube.ide.mcu.externaltools.gnu-tools-for-stm32.12.3.rel1.win32_1.1.0.202410251130/tools/bin/../lib/gcc/arm-none-eabi/12.3.1/../../../../arm-none-eabi/lib/thumb/v6-m/nofp\libc.a(libc_a-atof.o) (strtod)
C:/ST/STM32CubeIDE_1.17.0/STM32CubeIDE/plugins/com.st.stm32cube.ide.mcu.externaltools.gnu-tools-for-stm32.12.3.rel1.win32_1.1.0.202410251130/tools/bin/../lib/gcc/arm-none-eabi/12.3.1/../../../../arm-none-eabi/lib/thumb/v6-m/nofp\libc.a(libc_a-strtol.o)
[...]
Memory Configuration

Name             Origin             Length             Attributes
RAM              0x20000000         0x00024000         xrw
FLASH            0x08000000         0x00080000         xr
*default*        0x00000000         0xffffffff

Linker script and memory map

LOAD C:/ST/STM32CubeIDE_1.17.0/STM32CubeIDE/plugins/com.st.stm32cube.ide.mcu.externaltools.gnu-tools-for-stm32.12.3.rel1.win32_1.1.0.202410251130/tools/bin/../lib/gcc/arm-none-eabi/12.3.1/thumb/v6-m/nofp/crti.o
LOAD C:/ST/STM32CubeIDE_1.17.0/STM32CubeIDE/plugins/com.st.stm32cube.ide.mcu.externaltools.gnu-tools-for-stm32.12.3.rel1.win32_1.1.0.202410251130/tools/bin/../lib/gcc/arm-none-eabi/12.3.1/thumb/v6-m/nofp/crtbegin.o
LOAD C:/ST/STM32CubeIDE_1.17.0/STM32CubeIDE/plugins/com.st.stm32cube.ide.mcu.externaltools.gnu-tools-for-stm32.12.3.rel1.win32_1.1.0.202410251130/tools/bin/../lib/gcc/arm-none-eabi/12.3.1/../../../../arm-none-eabi/lib/thumb/v6-m/nofp/crt0.o
LOAD BOS\BOS.o
LOAD BOS\BOS_CLI.o
LOAD BOS\BOS_CLIcommands.o
LOAD BOS\BOS_dma.o
LOAD BOS\BOS_freertos.o
LOAD BOS\BOS_messaging.o
LOAD BOS\BOS_msgparser.o
LOAD H0AR9\H0AR9.o
LOAD H0AR9\H0AR9_dma.o
LOAD H0AR9\H0AR9_eeprom.o
LOAD H0AR9\H0AR9_gpio.o
LOAD H0AR9\H0AR9_i2c.o
LOAD H0AR9\H0AR9_inputs.o
LOAD H0AR9\H0AR9_it.o
LOAD H0AR9\H0AR9_rtc.o
LOAD H0AR9\H0AR9_timers.o
LOAD H0AR9\H0AR9_uart.o
LOAD H0AR9\startup_stm32g0b1ceuxn.o
LOAD Thirdparty\CMSIS\STM32G0xx\Device\ST\STM32G0xx\Source\Templates\system_stm32g0xx.o
LOAD Thirdparty\Middleware\STM32G0xx\FreeRTOS\Source\CMSIS_RTOS\cmsis_os.o
LOAD Thirdparty\Middleware\STM32G0xx\FreeRTOS\Source\FreeRTOS_CLI.o
LOAD Thirdparty\Middleware\STM32G0xx\FreeRTOS\Source\croutine.o
LOAD Thirdparty\Middleware\STM32G0xx\FreeRTOS\Source\event_groups.o
LOAD Thirdparty\Middleware\STM32G0xx\FreeRTOS\Source\list.o
LOAD Thirdparty\Middleware\STM32G0xx\FreeRTOS\Source\portable\GCC\ARM_CM0\port.o
LOAD Thirdparty\Middleware\STM32G0xx\FreeRTOS\Source\portable\MemMang\heap_4.o
LOAD Thirdparty\Middleware\STM32G0xx\FreeRTOS\Source\queue.o
LOAD Thirdparty\Middleware\STM32G0xx\FreeRTOS\Source\stream_buffer.o
LOAD Thirdparty\Middleware\STM32G0xx\FreeRTOS\Source\tasks.o
LOAD Thirdparty\Middleware\STM32G0xx\FreeRTOS\Source\timers.o
LOAD Thirdparty\STM32G0xx_HAL_Driver\Src\stm32g0xx_hal.o
LOAD Thirdparty\STM32G0xx_HAL_Driver\Src\stm32g0xx_hal_adc.o
LOAD Thirdparty\STM32G0xx_HAL_Driver\Src\stm32g0xx_hal_adc_ex.o
LOAD Thirdparty\STM32G0xx_HAL_Driver\Src\stm32g0xx_hal_cec.o
LOAD Thirdparty\STM32G0xx_HAL_Driver\Src\stm32g0xx_hal_comp.o
LOAD Thirdparty\STM32G0xx_HAL_Driver\Src\stm32g0xx_hal_cortex.o
LOAD Thirdparty\STM32G0xx_HAL_Driver\Src\stm32g0xx_hal_crc.o
LOAD Thirdparty\STM32G0xx_HAL_Driver\Src\stm32g0xx_hal_crc_ex.o
LOAD Thirdparty\STM32G0xx_HAL_Driver\Src\stm32g0xx_hal_cryp.o
LOAD Thirdparty\STM32G0xx_HAL_Driver\Src\stm32g0xx_hal_cryp_ex.o
LOAD Thirdparty\STM32G0xx_HAL_Driver\Src\stm32g0xx_hal_dac.o
LOAD Thirdparty\STM32G0xx_HAL_Driver\Src\stm32g0xx_hal_dac_ex.o
LOAD Thirdparty\STM32G0xx_HAL_Driver\Src\stm32g0xx_hal_dma.o
LOAD Thirdparty\STM32G0xx_HAL_Driver\Src\stm32g0xx_hal_dma_ex.o
LOAD Thirdparty\STM32G0xx_HAL_Driver\Src\stm32g0xx_hal_exti.o
LOAD Thirdparty\STM32G0xx_HAL_Driver\Src\stm32g0xx_hal_fdcan.o
LOAD Thirdparty\STM32G0xx_HAL_Driver\Src\stm32g0xx_hal_flash.o
LOAD Thirdparty\STM32G0xx_HAL_Driver\Src\stm32g0xx_hal_flash_ex.o
LOAD Thirdparty\STM32G0xx_HAL_Driver\Src\stm32g0xx_hal_gpio.o
LOAD Thirdparty\STM32G0xx_HAL_Driver\Src\stm32g0xx_hal_hcd.o
LOAD Thirdparty\STM32G0xx_HAL_Driver\Src\stm32g0xx_hal_i2c.o
LOAD Thirdparty\STM32G0xx_HAL_Driver\Src\stm32g0xx_hal_i2c_ex.o
LOAD Thirdparty\STM32G0xx_HAL_Driver\Src\stm32g0xx_hal_i2s.o
LOAD Thirdparty\STM32G0xx_HAL_Driver\Src\stm32g0xx_hal_irda.o
LOAD Thirdparty\STM32G0xx_HAL_Driver\Src\stm32g0xx_hal_iwdg.o
LOAD Thirdparty\STM32G0xx_HAL_Driver\Src\stm32g0xx_hal_lptim.o
LOAD Thirdparty\STM32G0xx_HAL_Driver\Src\stm32g0xx_hal_msp_template.o
LOAD Thirdparty\STM32G0xx_HAL_Driver\Src\stm32g0xx_hal_pcd.o
LOAD Thirdparty\STM32G0xx_HAL_Driver\Src\stm32g0xx_hal_pcd_ex.o
LOAD Thirdparty\STM32G0xx_HAL_Driver\Src\stm32g0xx_hal_pwr.o
LOAD Thirdparty\STM32G0xx_HAL_Driver\Src\stm32g0xx_hal_pwr_ex.o
LOAD Thirdparty\STM32G0xx_HAL_Driver\Src\stm32g0xx_hal_rcc.o
LOAD Thirdparty\STM32G0xx_HAL_Driver\Src\stm32g0xx_hal_rcc_ex.o
LOAD Thirdparty\STM32G0xx_HAL_Driver\Src\stm32g0xx_hal_rng.o
LOAD Thirdparty\STM32G0xx_HAL_Driver\Src\stm32g0xx_hal_rtc.o
LOAD Thirdparty\STM32G0xx_HAL_Driver\Src\stm32g0xx_hal_rtc_ex.o
LOAD Thirdparty\STM32G0xx_HAL_Driver\Src\stm32g0xx_hal_smartcard.o
LOAD Thirdparty\STM32G0xx_HAL_Driver\Src\stm32g0xx_hal_smartcard_ex.o
LOAD Thirdparty\STM32G0xx_HAL_Driver\Src\stm32g0xx_hal_smbus.o
LOAD Thirdparty\STM32G0xx_HAL_Driver\Src\stm32g0xx_hal_smbus_ex.o
LOAD Thirdparty\STM32G0xx_HAL_Driver\Src\stm32g0xx_hal_spi.o
LOAD Thirdparty\STM32G0xx_HAL_Driver\Src\stm32g0xx_hal_spi_ex.o
LOAD Thirdparty\STM32G0xx_HAL_Driver\Src\stm32g0xx_hal_tim.o
LOAD Thirdparty\STM32G0xx_HAL_Driver\Src\stm32g0xx_hal_tim_ex.o
LOAD Thirdparty\STM32G0xx_HAL_Driver\Src\stm32g0xx_hal_uart.o
LOAD Thirdparty\STM32G0xx_HAL_Driver\Src\stm32g0xx_hal_uart_ex.o
LOAD Thirdparty\STM32G0xx_HAL_Driver\Src\stm32g0xx_hal_usart.o
LOAD Thirdparty\STM32G0xx_HAL_Driver\Src\stm32g0xx_hal_usart_ex.o
LOAD Thirdparty\STM32G0xx_HAL_Driver\Src\stm32g0xx_hal_wwdg.o
LOAD Thirdparty\STM32G0xx_HAL_Driver\Src\stm32g0xx_ll_adc.o
LOAD Thirdparty\STM32G0xx_HAL_Driver\Src\stm32g0xx_ll_comp.o
LOAD Thirdparty\STM32G0xx_HAL_Driver\Src\stm32g0xx_ll_crc.o
LOAD Thirdparty\STM32G0xx_HAL_Driver\Src\stm32g0xx_ll_crs.o
LOAD Thirdparty\STM32G0xx_HAL_Driver\Src\stm32g0xx_ll_dac.o
LOAD Thirdparty\STM32G0xx_HAL_Driver\Src\stm32g0xx_ll_dma.o
LOAD Thirdparty\STM32G0xx_HAL_Driver\Src\stm32g0xx_ll_exti.o
LOAD Thirdparty\STM32G0xx_HAL_Driver\Src\stm32g0xx_ll_gpio.o
LOAD Thirdparty\STM32G0xx_HAL_Driver\Src\stm32g0xx_ll_i2c.o
LOAD Thirdparty\STM32G0xx_HAL_Driver\Src\stm32g0xx_ll_lptim.o
LOAD Thirdparty\STM32G0xx_HAL_Driver\Src\stm32g0xx_ll_lpuart.o
LOAD Thirdparty\STM32G0xx_HAL_Driver\Src\stm32g0xx_ll_pwr.o
LOAD Thirdparty\STM32G0xx_HAL_Driver\Src\stm32g0xx_ll_rcc.o
LOAD Thirdparty\STM32G0xx_HAL_Driver\Src\stm32g0xx_ll_rng.o
LOAD Thirdparty\STM32G0xx_HAL_Driver\Src\stm32g0xx_ll_rtc.o
LOAD Thirdparty\STM32G0xx_HAL_Driver\Src\stm32g0xx_ll_spi.o
LOAD Thirdparty\STM32G0xx_HAL_Driver\Src\stm32g0xx_ll_tim.o
LOAD Thirdparty\STM32G0xx_HAL_Driver\Src\stm32g0xx_ll_ucpd.o
LOAD Thirdparty\STM32G0xx_HAL_Driver\Src\stm32g0xx_ll_usart.o
LOAD Thirdparty\STM32G0xx_HAL_Driver\Src\stm32g0xx_ll_usb.o
LOAD Thirdparty\STM32G0xx_HAL_Driver\Src\stm32g0xx_ll_utils.o
LOAD User\main.o
START GROUP
LOAD C:/ST/STM32CubeIDE_1.17.0/STM32CubeIDE/plugins/com.st.stm32cube.ide.mcu.externaltools.gnu-tools-for-stm32.12.3.rel1.win32_1.1.0.202410251130/tools/bin/../lib/gcc/arm-none-eabi/12.3.1/../../../../arm-none-eabi/lib/thumb/v6-m/nofp\libc.a
LOAD C:/ST/STM32CubeIDE_1.17.0/STM32CubeIDE/plugins/com.st.stm32cube.ide.mcu.externaltools.gnu-tools-for-stm32.12.3.rel1.win32_1.1.0.202410251130/tools/bin/../lib/gcc/arm-none-eabi/12.3.1/../../../../arm-none-eabi/lib/thumb/v6-m/nofp\libm.a
END GROUP
START GROUP
LOAD C:/ST/STM32CubeIDE_1.17.0/STM32CubeIDE/plugins/com.st.stm32cube.ide.mcu.externaltools.gnu-tools-for-stm32.12.3.rel1.win32_1.1.0.202410251130/tools/bin/../lib/gcc/arm-none-eabi/12.3.1/thumb/v6-m/nofp\libgcc.a
LOAD C:/ST/STM32CubeIDE_1.17.0/STM32CubeIDE/plugins/com.st.stm32cube.ide.mcu.externaltools.gnu-tools-for-stm32.12.3.rel1.win32_1.1.0.202410251130/tools/bin/../lib/gcc/arm-none-eabi/12.3.1/../../../../arm-none-eabi/lib/thumb/v6-m/nofp\libc.a
END GROUP
START GROUP
LOAD C:/ST/STM32CubeIDE_1.17.0/STM32CubeIDE/plugins/com.st.stm32cube.ide.mcu.externaltools.gnu-tools-for-stm32.12.3.rel1.win32_1.1.0.202410251130/tools/bin/../lib/gcc/arm-none-eabi/12.3.1/thumb/v6-m/nofp\libgcc.a
LOAD C:/ST/STM32CubeIDE_1.17.0/STM32CubeIDE/plugins/com.st.stm32cube.ide.mcu.externaltools.gnu-tools-for-stm32.12.3.rel1.win32_1.1.0.202410251130/tools/bin/../lib/gcc/arm-none-eabi/12.3.1/../../../../arm-none-eabi/lib/thumb/v6-m/nofp\libc.a
LOAD C:/ST/STM32CubeIDE_1.17.0/STM32CubeIDE/plugins/com.st.stm32cube.ide.mcu.externaltools.gnu-tools-for-stm32.12.3.rel1.win32_1.1.0.202410251130/tools/bin/../lib/gcc/arm-none-eabi/12.3.1/../../../../arm-none-eabi/lib/thumb/v6-m/nofp\libnosys.a
END GROUP
LOAD C:/ST/STM32CubeIDE_1.17.0/STM32CubeIDE/plugins/com.st.stm32cube.ide.mcu.externaltools.gnu-tools-for-stm32.12.3.rel1.win32_1.1.0.202410251130/tools/bin/../lib/gcc/arm-none-eabi/12.3.1/thumb/v6-m/nofp/crtend.o
LOAD C:/ST/STM32CubeIDE_1.17.0/STM32CubeIDE/plugins/com.st.stm32cube.ide.mcu.externaltools.gnu-tools-for-stm32.12.3.rel1.win32_1.1.0.202410251130/tools/bin/../lib/gcc/arm-none-eabi/12.3.1/thumb/v6-m/nofp/crtn.o
                0x20024000                        _estack = (ORIGIN (RAM) + LENGTH (RAM))
                0x00000200                        _Min_Heap_Size = 0x200
                0x00000400                        _Min_Stack_Size = 0x400

.isr_vector     0x08000000       0xbc
                0x08000000                        . = ALIGN (0x4)
 *(.isr_vector)
 .isr_vector    0x08000000       0xbc H0AR9\startup_stm32g0b1ceuxn.o
                0x08000000                g_pfnVectors
                0x080000bc                        . = ALIGN (0x4)

.text           0x080000c0    0x2b180
                0x080000c0                        . = ALIGN (0x4)
 *(.text)
 .text          0x080000c0       0x48 C:/ST/STM32CubeIDE_1.17.0/STM32CubeIDE/plugins/com.st.stm32cube.ide.mcu.externaltools.gnu-tools-for-stm32.12.3.rel1.win32_1.1.0.202410251130/tools/bin/../lib/gcc/arm-none-eabi/12.3.1/thumb/v6-m/nofp/crtbegin.o
 .text          0x08000108       0x14 C:/ST/STM32CubeIDE_1.17.0/STM32CubeIDE/plugins/com.st.stm32cube.ide.mcu.externaltools.gnu-tools-for-stm32.12.3.rel1.win32_1.1.0.202410251130/tools/bin/../lib/gcc/arm-none-eabi/12.3.1/../../../../arm-none-eabi/lib/thumb/v6-m/nofp\libc.a(libc_a-strcmp.o)
                0x08000108                strcmp
 .text          0x0800011c        0xe C:/ST/STM32CubeIDE_1.17.0/STM32CubeIDE/plugins/com.st.stm32cube.ide.mcu.externaltools.gnu-tools-for-stm32.12.3.rel1.win32_1.1.0.202410251130/tools/bin/../lib/gcc/arm-none-eabi/12.3.1/../../../../arm-none-eabi/lib/thumb/v6-m/nofp\libc.a(libc_a-strlen.o)
                0x0800011c                strlen
 *fill*         0x0800012a        0x2 
 .text          0x0800012c       0x14 C:/ST/STM32CubeIDE_1.17.0/STM32CubeIDE/plugins/com.st.stm32cube.ide.mcu.externaltools.gnu-tools-for-stm32.12.3.rel1.win32_1.1.0.202410251130/tools/bin/../lib/gcc/arm-none-eabi/12.3.1/thumb/v6-m/nofp\libgcc.a(_thumb1_case_uqi.o)
                0x0800012c                __gnu_thumb1_case_uqi
 .text          0x08000140       0x14 C:/ST/STM32CubeIDE_1.17.0/STM32CubeIDE/plugins/com.st.stm32cube.ide.mcu.externaltools.gnu-tools-for-stm32.12.3.rel1.win32_1.1.0.202410251130/tools/bin/../lib/gcc/arm-none-eabi/12.3.1/thumb/v6-m/nofp\libgcc.a(_thumb1_case_uhi.o)
                0x08000140                __gnu_thumb1_case_uhi
 .text          0x08000154      0x114 C:/ST/STM32CubeIDE_1.17.0/STM32CubeIDE/plugins/com.st.stm32cube.ide.mcu.externaltools.gnu-tools-for-stm32.12.3.rel1.win32_1.1.0.202410251130/tools/bin/../lib/gcc/arm-none-eabi/12.3.1/thumb/v6-m/nofp\libgcc.a(_udivsi3.o)
                0x08000154                __aeabi_uidiv
                0x08000154                __udivsi3
                0x08000260                __aeabi_uidivmod
 .text          0x08000268      0x1d4 C:/ST/STM32CubeIDE_1.17.0/STM32CubeIDE/plugins/com.st.stm32cube.ide.mcu.externaltools.gnu-tools-for-stm32.12.3.rel1.win32_1.1.0.202410251130/tools/bin/../lib/gcc/arm-none-eabi/12.3.1/thumb/v6-m/nofp\libgcc.a(_divsi3.o)
                0x08000268                __divsi3
                0x08000268                __aeabi_idiv
                0x08000434                __aeabi_idivmod
 .text          0x0800043c        0x4 C:/ST/STM32CubeIDE_1.17.0/STM32CubeIDE/plugins/com.st.stm32cube.ide.mcu.externaltools.gnu-tools-for-stm32.12.3.rel1.win32_1.1.0.202410251130/tools/bin/../lib/gcc/arm-none-eabi/12.3.1/thumb/v6-m/nofp\libgcc.a(_dvmd_tls.o)
                0x0800043c                __aeabi_idiv0
                0x0800043c                __aeabi_ldiv0
 .text          0x08000440       0x7c C:/ST/STM32CubeIDE_1.17.0/STM32CubeIDE/plugins/com.st.stm32cube.ide.mcu.externaltools.gnu-tools-for-stm32.12.3.rel1.win32_1.1.0.202410251130/tools/bin/../lib/gcc/arm-none-eabi/12.3.1/thumb/v6-m/nofp\libgcc.a(_arm_cmpdf2.o)
                0x08000440                __aeabi_cdrcmple
                0x08000450                __aeabi_cdcmple
                0x08000450                __aeabi_cdcmpeq
                0x08000460                __aeabi_dcmpeq
                0x0800046c                __aeabi_dcmplt
                0x08000480                __aeabi_dcmple
                0x08000494                __aeabi_dcmpgt
                0x080004a8                __aeabi_dcmpge
 .text          0x080004bc       0x74 C:/ST/STM32CubeIDE_1.17.0/STM32CubeIDE/plugins/com.st.stm32cube.ide.mcu.externaltools.gnu-tools-for-stm32.12.3.rel1.win32_1.1.0.202410251130/tools/bin/../lib/gcc/arm-none-eabi/12.3.1/thumb/v6-m/nofp\libgcc.a(_arm_cmpsf2.o)
                0x080004bc                __aeabi_cfrcmple
                0x080004c4                __aeabi_cfcmpeq
                0x080004c4                __aeabi_cfcmple
                0x080004d4                __aeabi_fcmpeq
                0x080004e0                __aeabi_fcmplt
                0x080004f4                __aeabi_fcmple
                0x08000508                __aeabi_fcmpgt
                0x0800051c                __aeabi_fcmpge
 .text          0x08000530       0x14 C:/ST/STM32CubeIDE_1.17.0/STM32CubeIDE/plugins/com.st.stm32cube.ide.mcu.externaltools.gnu-tools-for-stm32.12.3.rel1.win32_1.1.0.202410251130/tools/bin/../lib/gcc/arm-none-eabi/12.3.1/thumb/v6-m/nofp\libgcc.a(_aeabi_ulcmp.o)
                0x08000530                __aeabi_ulcmp
 .text          0x08000544       0x40 C:/ST/STM32CubeIDE_1.17.0/STM32CubeIDE/plugins/com.st.stm32cube.ide.mcu.externaltools.gnu-tools-for-stm32.12.3.rel1.win32_1.1.0.202410251130/tools/bin/../lib/gcc/arm-none-eabi/12.3.1/thumb/v6-m/nofp\libgcc.a(_aeabi_uldivmod.o)
                0x08000544                __aeabi_uldivmod
 .text          0x08000584       0x5c C:/ST/STM32CubeIDE_1.17.0/STM32CubeIDE/plugins/com.st.stm32cube.ide.mcu.externaltools.gnu-tools-for-stm32.12.3.rel1.win32_1.1.0.202410251130/tools/bin/../lib/gcc/arm-none-eabi/12.3.1/thumb/v6-m/nofp\libgcc.a(_muldi3.o)
                0x08000584                __muldi3
                0x08000584                __aeabi_lmul
 .text          0x080005e0       0x30 C:/ST/STM32CubeIDE_1.17.0/STM32CubeIDE/plugins/com.st.stm32cube.ide.mcu.externaltools.gnu-tools-for-stm32.12.3.rel1.win32_1.1.0.202410251130/tools/bin/../lib/gcc/arm-none-eabi/12.3.1/thumb/v6-m/nofp\libgcc.a(_fixunssfsi.o)
                0x080005e0                __fixunssfsi
                0x080005e0                __aeabi_f2uiz
 .text          0x08000610       0x3c C:/ST/STM32CubeIDE_1.17.0/STM32CubeIDE/plugins/com.st.stm32cube.ide.mcu.externaltools.gnu-tools-for-stm32.12.3.rel1.win32_1.1.0.202410251130/tools/bin/../lib/gcc/arm-none-eabi/12.3.1/thumb/v6-m/nofp\libgcc.a(_fixunsdfsi.o)
                0x08000610                __aeabi_d2uiz
                0x08000610                __fixunsdfsi
 .text          0x0800064c       0x38 C:/ST/STM32CubeIDE_1.17.0/STM32CubeIDE/plugins/com.st.stm32cube.ide.mcu.externaltools.gnu-tools-for-stm32.12.3.rel1.win32_1.1.0.202410251130/tools/bin/../lib/gcc/arm-none-eabi/12.3.1/thumb/v6-m/nofp\libgcc.a(_fixdfdi.o)
                0x0800064c                __fixdfdi
                0x0800064c                __aeabi_d2lz
 .text          0x08000684       0x3c C:/ST/STM32CubeIDE_1.17.0/STM32CubeIDE/plugins/com.st.stm32cube.ide.mcu.externaltools.gnu-tools-for-stm32.12.3.rel1.win32_1.1.0.202410251130/tools/bin/../lib/gcc/arm-none-eabi/12.3.1/thumb/v6-m/nofp\libgcc.a(_fixunsdfdi.o)
                0x08000684                __fixunsdfdi
                0x08000684                __aeabi_d2ulz
 .text          0x080006c0       0x2c C:/ST/STM32CubeIDE_1.17.0/STM32CubeIDE/plugins/com.st.stm32cube.ide.mcu.externaltools.gnu-tools-for-stm32.12.3.rel1.win32_1.1.0.202410251130/tools/bin/../lib/gcc/arm-none-eabi/12.3.1/thumb/v6-m/nofp\libgcc.a(_floatdidf.o)
                0x080006c0                __aeabi_l2d
                0x080006c0                __floatdidf
 .text          0x080006ec      0x198 C:/ST/STM32CubeIDE_1.17.0/STM32CubeIDE/plugins/com.st.stm32cube.ide.mcu.externaltools.gnu-tools-for-stm32.12.3.rel1.win32_1.1.0.202410251130/tools/bin/../lib/gcc/arm-none-eabi/12.3.1/thumb/v6-m/nofp\libgcc.a(_udivmoddi4.o)
                0x080006ec                __udivmoddi4
 .text          0x08000884      0x240 C:/ST/STM32CubeIDE_1.17.0/STM32CubeIDE/plugins/com.st.stm32cube.ide.mcu.externaltools.gnu-tools-for-stm32.12.3.rel1.win32_1.1.0.202410251130/tools/bin/../lib/gcc/arm-none-eabi/12.3.1/thumb/v6-m/nofp\libgcc.a(divsf3.o)
                0x08000884                __aeabi_fdiv
 .text          0x08000ac4       0x50 C:/ST/STM32CubeIDE_1.17.0/STM32CubeIDE/plugins/com.st.stm32cube.ide.mcu.externaltools.gnu-tools-for-stm32.12.3.rel1.win32_1.1.0.202410251130/tools/bin/../lib/gcc/arm-none-eabi/12.3.1/thumb/v6-m/nofp\libgcc.a(eqsf2.o)
                0x08000ac4                __eqsf2
                0x08000ac4                __nesf2
 .text          0x08000b14       0xa0 C:/ST/STM32CubeIDE_1.17.0/STM32CubeIDE/plugins/com.st.stm32cube.ide.mcu.externaltools.gnu-tools-for-stm32.12.3.rel1.win32_1.1.0.202410251130/tools/bin/../lib/gcc/arm-none-eabi/12.3.1/thumb/v6-m/nofp\libgcc.a(gesf2.o)
                0x08000b14                __gesf2
                0x08000b14                __gtsf2
 .text          0x08000bb4       0x9c C:/ST/STM32CubeIDE_1.17.0/STM32CubeIDE/plugins/com.st.stm32cube.ide.mcu.externaltools.gnu-tools-for-stm32.12.3.rel1.win32_1.1.0.202410251130/tools/bin/../lib/gcc/arm-none-eabi/12.3.1/thumb/v6-m/nofp\libgcc.a(lesf2.o)
                0x08000bb4                __ltsf2
                0x08000bb4                __lesf2
 .text          0x08000c50      0x27c C:/ST/STM32CubeIDE_1.17.0/STM32CubeIDE/plugins/com.st.stm32cube.ide.mcu.externaltools.gnu-tools-for-stm32.12.3.rel1.win32_1.1.0.202410251130/tools/bin/../lib/gcc/arm-none-eabi/12.3.1/thumb/v6-m/nofp\libgcc.a(mulsf3.o)
                0x08000c50                __aeabi_fmul
 .text          0x08000ecc      0x348 C:/ST/STM32CubeIDE_1.17.0/STM32CubeIDE/plugins/com.st.stm32cube.ide.mcu.externaltools.gnu-tools-for-stm32.12.3.rel1.win32_1.1.0.202410251130/tools/bin/../lib/gcc/arm-none-eabi/12.3.1/thumb/v6-m/nofp\libgcc.a(subsf3.o)
                0x08000ecc                __aeabi_fsub
 .text          0x08001214       0x40 C:/ST/STM32CubeIDE_1.17.0/STM32CubeIDE/plugins/com.st.stm32cube.ide.mcu.externaltools.gnu-tools-for-stm32.12.3.rel1.win32_1.1.0.202410251130/tools/bin/../lib/gcc/arm-none-eabi/12.3.1/thumb/v6-m/nofp\libgcc.a(fixsfsi.o)
                0x08001214                __aeabi_f2iz
 .text          0x08001254       0x84 C:/ST/STM32CubeIDE_1.17.0/STM32CubeIDE/plugins/com.st.stm32cube.ide.mcu.externaltools.gnu-tools-for-stm32.12.3.rel1.win32_1.1.0.202410251130/tools/bin/../lib/gcc/arm-none-eabi/12.3.1/thumb/v6-m/nofp\libgcc.a(floatunsisf.o)
                0x08001254                __aeabi_ui2f
 .text          0x080012d8      0x6c8 C:/ST/STM32CubeIDE_1.17.0/STM32CubeIDE/plugins/com.st.stm32cube.ide.mcu.externaltools.gnu-tools-for-stm32.12.3.rel1.win32_1.1.0.202410251130/tools/bin/../lib/gcc/arm-none-eabi/12.3.1/thumb/v6-m/nofp\libgcc.a(adddf3.o)
                0x080012d8                __aeabi_dadd
 .text          0x080019a0      0x634 C:/ST/STM32CubeIDE_1.17.0/STM32CubeIDE/plugins/com.st.stm32cube.ide.mcu.externaltools.gnu-tools-for-stm32.12.3.rel1.win32_1.1.0.202410251130/tools/bin/../lib/gcc/arm-none-eabi/12.3.1/thumb/v6-m/nofp\libgcc.a(divdf3.o)
                0x080019a0                __aeabi_ddiv
 .text          0x08001fd4       0x88 C:/ST/STM32CubeIDE_1.17.0/STM32CubeIDE/plugins/com.st.stm32cube.ide.mcu.externaltools.gnu-tools-for-stm32.12.3.rel1.win32_1.1.0.202410251130/tools/bin/../lib/gcc/arm-none-eabi/12.3.1/thumb/v6-m/nofp\libgcc.a(eqdf2.o)
                0x08001fd4                __nedf2
                0x08001fd4                __eqdf2
 .text          0x0800205c       0xe8 C:/ST/STM32CubeIDE_1.17.0/STM32CubeIDE/plugins/com.st.stm32cube.ide.mcu.externaltools.gnu-tools-for-stm32.12.3.rel1.win32_1.1.0.202410251130/tools/bin/../lib/gcc/arm-none-eabi/12.3.1/thumb/v6-m/nofp\libgcc.a(gedf2.o)
                0x0800205c                __gedf2
                0x0800205c                __gtdf2
 .text          0x08002144       0xe4 C:/ST/STM32CubeIDE_1.17.0/STM32CubeIDE/plugins/com.st.stm32cube.ide.mcu.externaltools.gnu-tools-for-stm32.12.3.rel1.win32_1.1.0.202410251130/tools/bin/../lib/gcc/arm-none-eabi/12.3.1/thumb/v6-m/nofp\libgcc.a(ledf2.o)
                0x08002144                __ledf2
                0x08002144                __ltdf2
 .text          0x08002228      0x590 C:/ST/STM32CubeIDE_1.17.0/STM32CubeIDE/plugins/com.st.stm32cube.ide.mcu.externaltools.gnu-tools-for-stm32.12.3.rel1.win32_1.1.0.202410251130/tools/bin/../lib/gcc/arm-none-eabi/12.3.1/thumb/v6-m/nofp\libgcc.a(muldf3.o)
                0x08002228                __aeabi_dmul
 .text          0x080027b8      0x738 C:/ST/STM32CubeIDE_1.17.0/STM32CubeIDE/plugins/com.st.stm32cube.ide.mcu.externaltools.gnu-tools-for-stm32.12.3.rel1.win32_1.1.0.202410251130/tools/bin/../lib/gcc/arm-none-eabi/12.3.1/thumb/v6-m/nofp\libgcc.a(subdf3.o)
                0x080027b8                __aeabi_dsub
 .text          0x08002ef0       0x44 C:/ST/STM32CubeIDE_1.17.0/STM32CubeIDE/plugins/com.st.stm32cube.ide.mcu.externaltools.gnu-tools-for-stm32.12.3.rel1.win32_1.1.0.202410251130/tools/bin/../lib/gcc/arm-none-eabi/12.3.1/thumb/v6-m/nofp\libgcc.a(unorddf2.o)
                0x08002ef0                __aeabi_dcmpun
 .text          0x08002f34       0x78 C:/ST/STM32CubeIDE_1.17.0/STM32CubeIDE/plugins/com.st.stm32cube.ide.mcu.externaltools.gnu-tools-for-stm32.12.3.rel1.win32_1.1.0.202410251130/tools/bin/../lib/gcc/arm-none-eabi/12.3.1/thumb/v6-m/nofp\libgcc.a(fixdfsi.o)
                0x08002f34                __aeabi_d2iz
 .text          0x08002fac       0x5c C:/ST/STM32CubeIDE_1.17.0/STM32CubeIDE/plugins/com.st.stm32cube.ide.mcu.externaltools.gnu-tools-for-stm32.12.3.rel1.win32_1.1.0.202410251130/tools/bin/../lib/gcc/arm-none-eabi/12.3.1/thumb/v6-m/nofp\libgcc.a(floatsidf.o)
                0x08002fac                __aeabi_i2d
 .text          0x08003008       0x48 C:/ST/STM32CubeIDE_1.17.0/STM32CubeIDE/plugins/com.st.stm32cube.ide.mcu.externaltools.gnu-tools-for-stm32.12.3.rel1.win32_1.1.0.202410251130/tools/bin/../lib/gcc/arm-none-eabi/12.3.1/thumb/v6-m/nofp\libgcc.a(floatunsidf.o)
                0x08003008                __aeabi_ui2d
 .text          0x08003050       0x90 C:/ST/STM32CubeIDE_1.17.0/STM32CubeIDE/plugins/com.st.stm32cube.ide.mcu.externaltools.gnu-tools-for-stm32.12.3.rel1.win32_1.1.0.202410251130/tools/bin/../lib/gcc/arm-none-eabi/12.3.1/thumb/v6-m/nofp\libgcc.a(extendsfdf2.o)
                0x08003050                __aeabi_f2d
 .text          0x080030e0      0x108 C:/ST/STM32CubeIDE_1.17.0/STM32CubeIDE/plugins/com.st.stm32cube.ide.mcu.externaltools.gnu-tools-for-stm32.12.3.rel1.win32_1.1.0.202410251130/tools/bin/../lib/gcc/arm-none-eabi/12.3.1/thumb/v6-m/nofp\libgcc.a(truncdfsf2.o)
                0x080030e0                __aeabi_d2f
 .text          0x080031e8       0x3c C:/ST/STM32CubeIDE_1.17.0/STM32CubeIDE/plugins/com.st.stm32cube.ide.mcu.externaltools.gnu-tools-for-stm32.12.3.rel1.win32_1.1.0.202410251130/tools/bin/../lib/gcc/arm-none-eabi/12.3.1/thumb/v6-m/nofp\libgcc.a(_clzsi2.o)
                0x080031e8                __clzsi2
 .text          0x08003224       0x18 C:/ST/STM32CubeIDE_1.17.0/STM32CubeIDE/plugins/com.st.stm32cube.ide.mcu.externaltools.gnu-tools-for-stm32.12.3.rel1.win32_1.1.0.202410251130/tools/bin/../lib/gcc/arm-none-eabi/12.3.1/thumb/v6-m/nofp\libgcc.a(_clzdi2.o)
                0x08003224                __clzdi2
 *(.text*)
 .text.__NVIC_SystemReset
                0x0800323c       0x24 BOS\BOS.o
 .text.Processor_type
                0x08003260       0x5a BOS\BOS.o
                0x08003260                Processor_type
 *fill*         0x080032ba        0x2 
 .text.Get_Module_Name
                0x080032bc       0x2c BOS\BOS.o
                0x080032bc                Get_Module_Name
 .text.Send_BOS_Message
                0x080032e8       0xfc BOS\BOS.o
                0x080032e8                Send_BOS_Message
 .text.LoadEEvars
                0x080033e4       0x26 BOS\BOS.o
                0x080033e4                LoadEEvars
 *fill*         0x0800340a        0x2 
 .text.LoadEEportsDir
                0x0800340c       0x68 BOS\BOS.o
                0x0800340c                LoadEEportsDir
 .text.LoadEEalias
                0x08003474       0xd8 BOS\BOS.o
                0x08003474                LoadEEalias
 .text.LoadEEgroup
                0x0800354c      0x120 BOS\BOS.o
                0x0800354c                LoadEEgroup
 .text.LoadEEstreams
                0x0800366c      0x21c BOS\BOS.o
                0x0800366c                LoadEEstreams
 .text.LoadEEparams
                0x08003888      0x260 BOS\BOS.o
                0x08003888                LoadEEparams
 .text.LoadEEbuttons
                0x08003ae8      0x2ec BOS\BOS.o
                0x08003ae8                LoadEEbuttons
 .text.LoadROsnippets
                0x08003dd4      0x1d8 BOS\BOS.o
                0x08003dd4                LoadROsnippets
 .text.SaveEEportsDir
                0x08003fac       0x78 BOS\BOS.o
                0x08003fac                SaveEEportsDir
 .text.SaveEEalias
                0x08004024       0xd0 BOS\BOS.o
                0x08004024                SaveEEalias
 .text.SaveEEstreams
                0x080040f4       0xdc BOS\BOS.o
                0x080040f4                SaveEEstreams
 .text.SaveEEparams
                0x080041d0       0xf8 BOS\BOS.o
                0x080041d0                SaveEEparams
 .text.ClearEEportsDir
                0x080042c8       0x84 BOS\BOS.o
                0x080042c8                ClearEEportsDir
 .text.EE_FormatForFactoryReset
                0x0800434c       0x2c BOS\BOS.o
                0x0800434c                EE_FormatForFactoryReset
 .text.IsLowerCLIbaud
                0x08004378       0xe8 BOS\BOS.o
                0x08004378                IsLowerCLIbaud
 .text.IsModuleParameter
                0x08004460       0x64 BOS\BOS.o
                0x08004460                IsModuleParameter
 .text.IsMathOperator
                0x080044c4       0xc4 BOS\BOS.o
                0x080044c4                IsMathOperator
 .text.BOS_Init
                0x08004588      0x190 BOS\BOS.o
                0x08004588                BOS_Init
 .text.Module_Init
                0x08004718       0x1e BOS\BOS.o
                0x08004718                Module_Init
 *fill*         0x08004736        0x2 
 .text.FindBroadcastRoutes
                0x08004738      0x39c BOS\BOS.o
                0x08004738                FindBroadcastRoutes
 .text.FindRoute
                0x08004ad4      0x2c0 BOS\BOS.o
                0x08004ad4                FindRoute
 .text.minArr   0x08004d94       0x88 BOS\BOS.o
                0x08004d94                minArr
 .text.QnotEmpty
                0x08004e1c       0x50 BOS\BOS.o
                0x08004e1c                QnotEmpty
 .text.DisplayTopology
                0x08004e6c      0x250 BOS\BOS.o
                0x08004e6c                DisplayTopology
 .text.DisplayPortsDir
                0x080050bc      0x118 BOS\BOS.o
                0x080050bc                DisplayPortsDir
 .text.DisplayModuleStatus
                0x080051d4      0x3c0 BOS\BOS.o
                0x080051d4                DisplayModuleStatus
 .text.GetID    0x08005594      0x15c BOS\BOS.o
                0x08005594                GetID
 .text.NameModule
                0x080056f0      0x140 BOS\BOS.o
                0x080056f0                NameModule
 .text.AddModuleToGroup
                0x08005830      0x1b8 BOS\BOS.o
                0x08005830                AddModuleToGroup
 .text.WriteToRemote
                0x080059e8      0x460 BOS\BOS.o
                0x080059e8                WriteToRemote
 .text.GetDateString
                0x08005e48       0x5c BOS\BOS.o
                0x08005e48                GetDateString
 .text.Bridge   0x08005ea4       0x4c BOS\BOS.o
                0x08005ea4                Bridge
 .text.Unbridge
                0x08005ef0       0xcc BOS\BOS.o
                0x08005ef0                Unbridge
 .text.EnableStopModebyUARTx
                0x08005fbc       0xb8 BOS\BOS.o
                0x08005fbc                EnableStopModebyUARTx
 .text.EnableStandbyModebyWakeupPinx
                0x08006074       0x64 BOS\BOS.o
                0x08006074                EnableStandbyModebyWakeupPinx
 .text.DisableStandbyModeWakeupPinx
                0x080060d8       0x9c BOS\BOS.o
                0x080060d8                DisableStandbyModeWakeupPinx
 .text.prvCLITask
                0x08006174      0x278 BOS\BOS_CLI.o
                0x08006174                prvCLITask
 .text.CLI_CommandParser
                0x080063ec      0x574 BOS\BOS_CLI.o
                0x080063ec                CLI_CommandParser
 .text.StringToLowerCase
                0x08006960       0x6c BOS\BOS_CLI.o
                0x08006960                StringToLowerCase
 .text.AddSnippet
                0x080069cc      0x1b4 BOS\BOS_CLI.o
                0x080069cc                AddSnippet
 .text.ParseSnippetCondition
                0x08006b80      0x7f8 BOS\BOS_CLI.o
                0x08006b80                ParseSnippetCondition
 .text.ParseSnippetCommand
                0x08007378       0xc8 BOS\BOS_CLI.o
                0x08007378                ParseSnippetCommand
 .text.CheckSnippetCondition
                0x08007440      0x1b4 BOS\BOS_CLI.o
                0x08007440                CheckSnippetCondition
 .text.ExecuteSnippet
                0x080075f4       0xd0 BOS\BOS_CLI.o
                0x080075f4                ExecuteSnippet
 .text.__NVIC_SystemReset
                0x080076c4       0x24 BOS\BOS_CLIcommands.o
 .text.RegisterUserCLICommands
                0x080076e8        0xa BOS\BOS_CLIcommands.o
                0x080076e8                RegisterUserCLICommands
 *fill*         0x080076f2        0x2 
 .text.vRegisterCLICommands
                0x080076f4      0x19c BOS\BOS_CLIcommands.o
                0x080076f4                vRegisterCLICommands
 .text.prvTaskStatsCommand
                0x08007890       0x40 BOS\BOS_CLIcommands.o
 .text.prvRunTimeStatsCommand
                0x080078d0       0x40 BOS\BOS_CLIcommands.o
 .text.pingCommand
                0x08007910       0x9c BOS\BOS_CLIcommands.o
 .text.bootloaderUpdateCommand
                0x080079ac      0x1fc BOS\BOS_CLIcommands.o
 .text.resetCommand
                0x08007ba8       0x10 BOS\BOS_CLIcommands.o
 .text.nameCommand
                0x08007bb8       0xe8 BOS\BOS_CLIcommands.o
 .text.groupCommand
                0x08007ca0      0x2fc BOS\BOS_CLIcommands.o
 .text.statusCommand
                0x08007f9c       0x1c BOS\BOS_CLIcommands.o
 .text.infoCommand
                0x08007fb8       0xfc BOS\BOS_CLIcommands.o
 .text.scastCommand
                0x080080b4      0x2dc BOS\BOS_CLIcommands.o
 .text.addbuttonCommand
                0x08008390      0x150 BOS\BOS_CLIcommands.o
 .text.removebuttonCommand
                0x080084e0       0x94 BOS\BOS_CLIcommands.o
 .text.setCommand
                0x08008574      0xbf8 BOS\BOS_CLIcommands.o
 .text.getCommand
                0x0800916c      0x3b4 BOS\BOS_CLIcommands.o
 .text.defaultCommand
                0x08009520       0xf4 BOS\BOS_CLIcommands.o
 .text.timeCommand
                0x08009614       0xd8 BOS\BOS_CLIcommands.o
 .text.dateCommand
                0x080096ec       0x34 BOS\BOS_CLIcommands.o
 .text.setBaudrateCommand
                0x08009720       0xc0 BOS\BOS_CLIcommands.o
 .text.uuidCommand
                0x080097e0       0x70 BOS\BOS_CLIcommands.o
 .text.idcodeCommand
                0x08009850       0xe0 BOS\BOS_CLIcommands.o
 .text.flashsizeCommand
                0x08009930       0x34 BOS\BOS_CLIcommands.o
 .text.snipCommand
                0x08009964      0x3ac BOS\BOS_CLIcommands.o
 .text.actSnipCommand
                0x08009d10       0xb8 BOS\BOS_CLIcommands.o
 .text.pauseSnipCommand
                0x08009dc8       0xb8 BOS\BOS_CLIcommands.o
 .text.delSnipCommand
                0x08009e80      0x1d4 BOS\BOS_CLIcommands.o
 .text.bridgeCommand
                0x0800a054      0x11c BOS\BOS_CLIcommands.o
 .text.unbridgeCommand
                0x0800a170      0x11c BOS\BOS_CLIcommands.o
 .text.testportCommand
                0x0800a28c      0x2e8 BOS\BOS_CLIcommands.o
 .text.ADCReadCommand
                0x0800a574      0x134 BOS\BOS_CLIcommands.o
 .text.ReadTempCommand
                0x0800a6a8       0x54 BOS\BOS_CLIcommands.o
 .text.ReadVrefCommand
                0x0800a6fc       0x54 BOS\BOS_CLIcommands.o
 .text.GetReadPrecentageCommand
                0x0800a750       0x98 BOS\BOS_CLIcommands.o
 .text.StartDMAstream
                0x0800a7e8       0xb0 BOS\BOS_dma.o
                0x0800a7e8                StartDMAstream
 .text.ResetUartORE
                0x0800a898       0x54 BOS\BOS_dma.o
                0x0800a898                ResetUartORE
 .text.MX_FREERTOS_Init
                0x0800a8ec      0x260 BOS\BOS_freertos.o
                0x0800a8ec                MX_FREERTOS_Init
 .text.StartDefaultTask
                0x0800ab4c      0x118 BOS\BOS_freertos.o
                0x0800ab4c                StartDefaultTask
 .text.ExecuteMonitor
                0x0800ac64      0x4c8 BOS\BOS_freertos.o
                0x0800ac64                ExecuteMonitor
 .text.vMainConfigureTimerForRunTimeStats
                0x0800b12c       0x2c BOS\BOS_freertos.o
                0x0800b12c                vMainConfigureTimerForRunTimeStats
 .text.ulMainGetRunTimeCounterValue
                0x0800b158       0x90 BOS\BOS_freertos.o
                0x0800b158                ulMainGetRunTimeCounterValue
 .text.SetupDMAStreams
                0x0800b1e8      0x27c BOS\BOS_messaging.o
                0x0800b1e8                SetupDMAStreams
 .text.StreamTimerCallback
                0x0800b464       0x34 BOS\BOS_messaging.o
                0x0800b464                StreamTimerCallback
 .text.ForwardReceivedMessage
                0x0800b498       0x78 BOS\BOS_messaging.o
                0x0800b498                ForwardReceivedMessage
 .text.BroadcastReceivedMessage
                0x0800b510       0x70 BOS\BOS_messaging.o
                0x0800b510                BroadcastReceivedMessage
 .text.NotifyMessagingTask
                0x0800b580       0xa4 BOS\BOS_messaging.o
                0x0800b580                NotifyMessagingTask
 .text.BroadcastMessage
                0x0800b624       0x94 BOS\BOS_messaging.o
                0x0800b624                BroadcastMessage
 .text.SendMessageToModule
                0x0800b6b8       0xa0 BOS\BOS_messaging.o
                0x0800b6b8                SendMessageToModule
 .text.SendMessageFromPort
                0x0800b758      0x6a4 BOS\BOS_messaging.o
                0x0800b758                SendMessageFromPort
 .text.StartScastDMAStream
                0x0800bdfc      0x30c BOS\BOS_messaging.o
                0x0800bdfc                StartScastDMAStream
 .text.__NVIC_SystemReset
                0x0800c108       0x24 BOS\BOS_msgparser.o
 .text.BackEndTask
                0x0800c12c      0x8b0 BOS\BOS_msgparser.o
                0x0800c12c                BackEndTask
 .text.PxMessagingTask
                0x0800c9dc     0x5450 BOS\BOS_msgparser.o
                0x0800c9dc                PxMessagingTask
 .text.User_MessagingParser
                0x08011e2c       0x3a BOS\BOS_msgparser.o
                0x08011e2c                User_MessagingParser
 *fill*         0x08011e66        0x2 
 .text.SystemClock_Config
                0x08011e68       0xfc H0AR9\H0AR9.o
                0x08011e68                SystemClock_Config
 .text.remoteBootloaderUpdate
                0x08011f64      0x178 H0AR9\H0AR9.o
                0x08011f64                remoteBootloaderUpdate
 .text.SetupPortForRemoteBootloaderUpdate
                0x080120dc       0x52 H0AR9\H0AR9.o
                0x080120dc                SetupPortForRemoteBootloaderUpdate
 *fill*         0x0801212e        0x2 
 .text.Module_Peripheral_Init
                0x08012130      0x168 H0AR9\H0AR9.o
                0x08012130                Module_Peripheral_Init
 .text.SaveToRO
                0x08012298      0x414 H0AR9\H0AR9.o
                0x08012298                SaveToRO
 .text.Module_MessagingTask
                0x080126ac      0x7d0 H0AR9\H0AR9.o
                0x080126ac                Module_MessagingTask
 .text.RegisterModuleCLICommands
                0x08012e7c       0x24 H0AR9\H0AR9.o
                0x08012e7c                RegisterModuleCLICommands
 .text.GetPort  0x08012ea0       0x80 H0AR9\H0AR9.o
                0x08012ea0                GetPort
 .text.SensorHub
                0x08012f20       0xa4 H0AR9\H0AR9.o
                0x08012f20                SensorHub
 .text.WriteRegData
                0x08012fc4       0x94 H0AR9\H0AR9.o
                0x08012fc4                WriteRegData
 .text.APDS9950_init
                0x08013058      0x11c H0AR9\H0AR9.o
                0x08013058                APDS9950_init
 .text.Read_Word
                0x08013174      0x110 H0AR9\H0AR9.o
                0x08013174                Read_Word
 .text.SampleColor
                0x08013284       0x8c H0AR9\H0AR9.o
                0x08013284                SampleColor
 .text.SampleDistance
                0x08013310      0x264 H0AR9\H0AR9.o
                0x08013310                SampleDistance
 .text.SamplePIR
                0x08013574       0x40 H0AR9\H0AR9.o
                0x08013574                SamplePIR
 .text.SampleTemperature
                0x080135b4       0xf8 H0AR9\H0AR9.o
                0x080135b4                SampleTemperature
 .text.SampleHumidity
                0x080136ac       0xd4 H0AR9\H0AR9.o
                0x080136ac                SampleHumidity
 .text.Exportstreamtoterminal
                0x08013780      0x584 H0AR9\H0AR9.o
                0x08013780                Exportstreamtoterminal
 .text.Exportstreamtoport
                0x08013d04       0xa8 H0AR9\H0AR9.o
                0x08013d04                Exportstreamtoport
 .text.SampletoPort
                0x08013dac      0x454 H0AR9\H0AR9.o
                0x08013dac                SampletoPort
 .text.PollingSleepCLISafe
                0x08014200      0x100 H0AR9\H0AR9.o
 .text.StreamtoPort
                0x08014300       0x78 H0AR9\H0AR9.o
                0x08014300                StreamtoPort
 .text.SampleColorToString
                0x08014378       0x84 H0AR9\H0AR9.o
                0x08014378                SampleColorToString
 .text.SampleDistanceToString
                0x080143fc       0x44 H0AR9\H0AR9.o
                0x080143fc                SampleDistanceToString
 .text.SampleTemperatureToString
                0x08014440      0x11c H0AR9\H0AR9.o
                0x08014440                SampleTemperatureToString
 .text.SampleHumidityToString
                0x0801455c      0x11c H0AR9\H0AR9.o
                0x0801455c                SampleHumidityToString
 .text.SamplePIRToString
                0x08014678       0x40 H0AR9\H0AR9.o
                0x08014678                SamplePIRToString
 .text.StreamToCLI
                0x080146b8      0x178 H0AR9\H0AR9.o
 .text.SampleSensorCommand
                0x08014830      0x144 H0AR9\H0AR9.o
 .text.StreamCommandParser
                0x08014974      0x116 H0AR9\H0AR9.o
 *fill*         0x08014a8a        0x2 
 .text.StreamSensorCommand
                0x08014a8c      0x268 H0AR9\H0AR9.o
 .text.LL_DMAMUX_SetRequestID
                0x08014cf4       0x3c H0AR9\H0AR9_dma.o
 .text.DMA_Init
                0x08014d30       0xbc H0AR9\H0AR9_dma.o
                0x08014d30                DMA_Init
 .text.DMA_MSG_RX_CH_Init
                0x08014dec       0x4c H0AR9\H0AR9_dma.o
                0x08014dec                DMA_MSG_RX_CH_Init
 .text.DMA_STREAM_CH_Init
                0x08014e38       0x4c H0AR9\H0AR9_dma.o
                0x08014e38                DMA_STREAM_CH_Init
 .text.SetupMessagingRxDMAs
                0x08014e84       0xb8 H0AR9\H0AR9_dma.o
                0x08014e84                SetupMessagingRxDMAs
 .text.DMA_MSG_RX_Setup
                0x08014f3c       0x38 H0AR9\H0AR9_dma.o
                0x08014f3c                DMA_MSG_RX_Setup
 .text.DMA_MSG_TX_UnSetup
                0x08014f74       0x28 H0AR9\H0AR9_dma.o
                0x08014f74                DMA_MSG_TX_UnSetup
 .text.DMA_STREAM_Setup
                0x08014f9c       0x68 H0AR9\H0AR9_dma.o
                0x08014f9c                DMA_STREAM_Setup
 .text.StopStreamDMA
                0x08015004       0x70 H0AR9\H0AR9_dma.o
                0x08015004                StopStreamDMA
 .text.StopMsgDMA
                0x08015074       0x4c H0AR9\H0AR9_dma.o
                0x08015074                StopMsgDMA
 .text.SwitchMsgDMAToStream
                0x080150c0       0x50 H0AR9\H0AR9_dma.o
                0x080150c0                SwitchMsgDMAToStream
 .text.SwitchStreamDMAToMsg
                0x08015110       0xd8 H0AR9\H0AR9_dma.o
                0x08015110                SwitchStreamDMAToMsg
 .text.UnSetupDMAInterrupts
                0x080151e8       0xe4 H0AR9\H0AR9_dma.o
                0x080151e8                UnSetupDMAInterrupts
 .text.RemapAndLinkDMAtoUARTRx
                0x080152cc      0x134 H0AR9\H0AR9_dma.o
                0x080152cc                RemapAndLinkDMAtoUARTRx
 .text.CRC_Init
                0x08015400       0x44 H0AR9\H0AR9_dma.o
                0x08015400                CRC_Init
 .text.HAL_CRC_MspInit
                0x08015444       0x30 H0AR9\H0AR9_dma.o
                0x08015444                HAL_CRC_MspInit
 .text.CalculateCRC8
                0x08015474      0x154 H0AR9\H0AR9_dma.o
                0x08015474                CalculateCRC8
 .text.EE_Init  0x080155c8      0x680 H0AR9\H0AR9_eeprom.o
                0x080155c8                EE_Init
 .text.EE_ReadVariable
                0x08015c48       0xc0 H0AR9\H0AR9_eeprom.o
                0x08015c48                EE_ReadVariable
 .text.EE_WriteVariable
                0x08015d08       0x64 H0AR9\H0AR9_eeprom.o
                0x08015d08                EE_WriteVariable
 .text.EE_Format
                0x08015d6c      0x14c H0AR9\H0AR9_eeprom.o
                0x08015d6c                EE_Format
 .text.EE_FindValidPage
                0x08015eb8       0x90 H0AR9\H0AR9_eeprom.o
 .text.EE_VerifyPageFullWriteVariable
                0x08015f48      0x11c H0AR9\H0AR9_eeprom.o
 .text.EE_PageTransfer
                0x08016064      0x20c H0AR9\H0AR9_eeprom.o
 .text.EraseSector
                0x08016270       0x60 H0AR9\H0AR9_eeprom.o
                0x08016270                EraseSector
 .text.GPIO_Init
                0x080162d0       0x90 H0AR9\H0AR9_gpio.o
                0x080162d0                GPIO_Init
 .text.IND_LED_Init
                0x08016360       0x38 H0AR9\H0AR9_gpio.o
                0x08016360                IND_LED_Init
 .text.SENSORS_GPIO_Init
                0x08016398       0x7c H0AR9\H0AR9_gpio.o
                0x08016398                SENSORS_GPIO_Init
 .text.IsFactoryReset
                0x08016414      0x15c H0AR9\H0AR9_gpio.o
                0x08016414                IsFactoryReset
 .text.GetPortGPIOs
                0x08016570      0x144 H0AR9\H0AR9_gpio.o
                0x08016570                GetPortGPIOs
 .text.MX_I2C_Init
                0x080166b4       0x48 H0AR9\H0AR9_i2c.o
                0x080166b4                MX_I2C_Init
 .text.MX_I2C2_Init
                0x080166fc       0x68 H0AR9\H0AR9_i2c.o
                0x080166fc                MX_I2C2_Init
 .text.buttonPressedCallback
                0x08016764       0x14 H0AR9\H0AR9_inputs.o
                0x08016764                buttonPressedCallback
 .text.CheckAttachedButtons
                0x08016778      0x7a8 H0AR9\H0AR9_inputs.o
                0x08016778                CheckAttachedButtons
 .text.CheckForTimedButtonPress
                0x08016f20       0xfc H0AR9\H0AR9_inputs.o
                0x08016f20                CheckForTimedButtonPress
 .text.CheckForTimedButtonRelease
                0x0801701c       0xfc H0AR9\H0AR9_inputs.o
                0x0801701c                CheckForTimedButtonRelease
 .text.AddPortButton
                0x08017118      0x268 H0AR9\H0AR9_inputs.o
                0x08017118                AddPortButton
 .text.RemovePortButton
                0x08017380      0x208 H0AR9\H0AR9_inputs.o
                0x08017380                RemovePortButton
 .text.SetButtonEvents
                0x08017588      0x77c H0AR9\H0AR9_inputs.o
                0x08017588                SetButtonEvents
 .text.MX_ADC_Init
                0x08017d04       0x88 H0AR9\H0AR9_inputs.o
                0x08017d04                MX_ADC_Init
 .text.HAL_ADC_MspInit
                0x08017d8c       0xc4 H0AR9\H0AR9_inputs.o
                0x08017d8c                HAL_ADC_MspInit
 .text.ADCSelectChannel
                0x08017e50       0xb0 H0AR9\H0AR9_inputs.o
                0x08017e50                ADCSelectChannel
 .text.ReadADCChannel
                0x08017f00      0x10c H0AR9\H0AR9_inputs.o
                0x08017f00                ReadADCChannel
 .text.ReadTempAndVref
                0x0801800c      0x1f0 H0AR9\H0AR9_inputs.o
                0x0801800c                ReadTempAndVref
 .text.GetReadPrecentage
                0x080181fc      0x224 H0AR9\H0AR9_inputs.o
                0x080181fc                GetReadPrecentage
 .text.Get_channel
                0x08018420       0xac H0AR9\H0AR9_inputs.o
                0x08018420                Get_channel
 .text.Error_Handler
                0x080184cc       0x10 H0AR9\H0AR9_inputs.o
                0x080184cc                Error_Handler
 .text.Get_Rank
                0x080184dc       0xa4 H0AR9\H0AR9_inputs.o
                0x080184dc                Get_Rank
 .text.buttonReleasedCallback
                0x08018580       0x14 H0AR9\H0AR9_inputs.o
                0x08018580                buttonReleasedCallback
 .text.buttonClickedCallback
                0x08018594       0x14 H0AR9\H0AR9_inputs.o
                0x08018594                buttonClickedCallback
 .text.buttonDblClickedCallback
                0x080185a8       0x14 H0AR9\H0AR9_inputs.o
                0x080185a8                buttonDblClickedCallback
 .text.buttonPressedForXCallback
                0x080185bc       0x1a H0AR9\H0AR9_inputs.o
                0x080185bc                buttonPressedForXCallback
 .text.buttonReleasedForYCallback
                0x080185d6       0x1a H0AR9\H0AR9_inputs.o
                0x080185d6                buttonReleasedForYCallback
 .text.__NVIC_SystemReset
                0x080185f0       0x24 H0AR9\H0AR9_it.o
 .text.SysTick_Handler
                0x08018614       0x12 H0AR9\H0AR9_it.o
                0x08018614                SysTick_Handler
 *fill*         0x08018626        0x2 
 .text.HardFault_Handler
                0x08018628       0x40 H0AR9\H0AR9_it.o
                0x08018628                HardFault_Handler
 .text.HAL_UARTEx_RxEventCallback
                0x08018668       0x5c H0AR9\H0AR9_it.o
                0x08018668                HAL_UARTEx_RxEventCallback
 .text.USART1_IRQHandler
                0x080186c4       0x30 H0AR9\H0AR9_it.o
                0x080186c4                USART1_IRQHandler
 .text.USART2_LPUART2_IRQHandler
                0x080186f4       0x30 H0AR9\H0AR9_it.o
                0x080186f4                USART2_LPUART2_IRQHandler
 .text.USART3_4_5_6_LPUART1_IRQHandler
                0x08018724       0x54 H0AR9\H0AR9_it.o
                0x08018724                USART3_4_5_6_LPUART1_IRQHandler
 .text.HAL_UART_TxCpltCallback
                0x08018778       0x48 H0AR9\H0AR9_it.o
                0x08018778                HAL_UART_TxCpltCallback
 .text.HAL_UART_ErrorCallback
                0x080187c0       0xd4 H0AR9\H0AR9_it.o
                0x080187c0                HAL_UART_ErrorCallback
 .text.HAL_UART_RxCpltCallback
                0x08018894       0x10 H0AR9\H0AR9_it.o
                0x08018894                HAL_UART_RxCpltCallback
 .text.vApplicationStackOverflowHook
                0x080188a4       0x44 H0AR9\H0AR9_it.o
                0x080188a4                vApplicationStackOverflowHook
 .text.vApplicationMallocFailedHook
                0x080188e8       0x40 H0AR9\H0AR9_it.o
                0x080188e8                vApplicationMallocFailedHook
 .text.RTC_Init
                0x08018928       0xc4 H0AR9\H0AR9_rtc.o
                0x08018928                RTC_Init
 .text.RTC_CalendarConfig
                0x080189ec      0x18c H0AR9\H0AR9_rtc.o
                0x080189ec                RTC_CalendarConfig
 .text.BOS_CalendarConfig
                0x08018b78      0x128 H0AR9\H0AR9_rtc.o
                0x08018b78                BOS_CalendarConfig
 .text.GetTimeDate
                0x08018ca0       0x90 H0AR9\H0AR9_rtc.o
                0x08018ca0                GetTimeDate
 .text.TIM_USEC_Init
                0x08018d30       0x74 H0AR9\H0AR9_timers.o
                0x08018d30                TIM_USEC_Init
 .text.TIM_MSEC_Init
                0x08018da4       0x78 H0AR9\H0AR9_timers.o
                0x08018da4                TIM_MSEC_Init
 .text.StartMicroDelay
                0x08018e1c       0x48 H0AR9\H0AR9_timers.o
                0x08018e1c                StartMicroDelay
 .text.StartMilliDelay
                0x08018e64       0x48 H0AR9\H0AR9_timers.o
                0x08018e64                StartMilliDelay
 .text.MX_USART1_UART_Init
                0x08018eac       0x90 H0AR9\H0AR9_uart.o
                0x08018eac                MX_USART1_UART_Init
 .text.MX_USART2_UART_Init
                0x08018f3c       0x90 H0AR9\H0AR9_uart.o
                0x08018f3c                MX_USART2_UART_Init
 .text.MX_USART3_UART_Init
                0x08018fcc       0x7c H0AR9\H0AR9_uart.o
                0x08018fcc                MX_USART3_UART_Init
 .text.MX_USART4_UART_Init
                0x08019048       0x58 H0AR9\H0AR9_uart.o
                0x08019048                MX_USART4_UART_Init
 .text.MX_USART5_UART_Init
                0x080190a0       0x60 H0AR9\H0AR9_uart.o
                0x080190a0                MX_USART5_UART_Init
 .text.MX_USART6_UART_Init
                0x08019100       0x74 H0AR9\H0AR9_uart.o
                0x08019100                MX_USART6_UART_Init
 .text.HAL_UART_MspInit
                0x08019174      0x5e8 H0AR9\H0AR9_uart.o
                0x08019174                HAL_UART_MspInit
 .text.writePxMutex
                0x0801975c       0xac H0AR9\H0AR9_uart.o
                0x0801975c                writePxMutex
 .text.writePxITMutex
                0x08019808       0x78 H0AR9\H0AR9_uart.o
                0x08019808                writePxITMutex
 .text.UpdateBaudrate
                0x08019880       0x3e H0AR9\H0AR9_uart.o
                0x08019880                UpdateBaudrate
 *fill*         0x080198be        0x2 
 .text.GetUart  0x080198c0       0x5c H0AR9\H0AR9_uart.o
                0x080198c0                GetUart
 .text.SwapUartPins
                0x0801991c       0xd0 H0AR9\H0AR9_uart.o
                0x0801991c                SwapUartPins
 .text.ReadPortsDir
                0x080199ec       0xa8 H0AR9\H0AR9_uart.o
                0x080199ec                ReadPortsDir
 .text.ReadPortsDirMSG
                0x08019a94       0x80 H0AR9\H0AR9_uart.o
                0x08019a94                ReadPortsDirMSG
 .text.Reset_Handler
                0x08019b14       0x90 H0AR9\startup_stm32g0b1ceuxn.o
                0x08019b14                Reset_Handler
 .text.Default_Handler
                0x08019ba4        0x2 H0AR9\startup_stm32g0b1ceuxn.o
                0x08019ba4                I2C2_3_IRQHandler
                0x08019ba4                TIM1_CC_IRQHandler
                0x08019ba4                ADC1_COMP_IRQHandler
                0x08019ba4                NMI_Handler
                0x08019ba4                I2C1_IRQHandler
                0x08019ba4                TIM7_LPTIM2_IRQHandler
                0x08019ba4                TIM17_FDCAN_IT1_IRQHandler
                0x08019ba4                DMA1_Ch4_7_DMA2_Ch1_5_DMAMUX1_OVR_IRQHandler
                0x08019ba4                RCC_CRS_IRQHandler
                0x08019ba4                RTC_TAMP_IRQHandler
                0x08019ba4                SPI1_IRQHandler
                0x08019ba4                USB_UCPD1_2_IRQHandler
                0x08019ba4                EXTI2_3_IRQHandler
                0x08019ba4                PVD_VDDIO2_IRQHandler
                0x08019ba4                EXTI4_15_IRQHandler
                0x08019ba4                DMA1_Channel1_IRQHandler
                0x08019ba4                Default_Handler
                0x08019ba4                CEC_IRQHandler
                0x08019ba4                TIM14_IRQHandler
                0x08019ba4                TIM15_IRQHandler
                0x08019ba4                TIM3_TIM4_IRQHandler
                0x08019ba4                EXTI0_1_IRQHandler
                0x08019ba4                SPI2_3_IRQHandler
                0x08019ba4                TIM6_DAC_LPTIM1_IRQHandler
                0x08019ba4                WWDG_IRQHandler
                0x08019ba4                TIM2_IRQHandler
                0x08019ba4                DMA1_Channel2_3_IRQHandler
                0x08019ba4                FLASH_IRQHandler
                0x08019ba4                TIM16_FDCAN_IT0_IRQHandler
                0x08019ba4                TIM1_BRK_UP_TRG_COM_IRQHandler
 .text.SystemInit
                0x08019ba6        0xa Thirdparty\CMSIS\STM32G0xx\Device\ST\STM32G0xx\Source\Templates\system_stm32g0xx.o
                0x08019ba6                SystemInit
 .text.inHandlerMode
                0x08019bb0       0x1c Thirdparty\Middleware\STM32G0xx\FreeRTOS\Source\CMSIS_RTOS\cmsis_os.o
 .text.osKernelStart
                0x08019bcc       0x10 Thirdparty\Middleware\STM32G0xx\FreeRTOS\Source\CMSIS_RTOS\cmsis_os.o
                0x08019bcc                osKernelStart
 .text.osDelay  0x08019bdc       0x28 Thirdparty\Middleware\STM32G0xx\FreeRTOS\Source\CMSIS_RTOS\cmsis_os.o
                0x08019bdc                osDelay
 .text.osSemaphoreCreate
                0x08019c04       0x4a Thirdparty\Middleware\STM32G0xx\FreeRTOS\Source\CMSIS_RTOS\cmsis_os.o
                0x08019c04                osSemaphoreCreate
 *fill*         0x08019c4e        0x2 
 .text.osSemaphoreWait
                0x08019c50       0x94 Thirdparty\Middleware\STM32G0xx\FreeRTOS\Source\CMSIS_RTOS\cmsis_os.o
                0x08019c50                osSemaphoreWait
 .text.osSemaphoreRelease
                0x08019ce4       0x64 Thirdparty\Middleware\STM32G0xx\FreeRTOS\Source\CMSIS_RTOS\cmsis_os.o
                0x08019ce4                osSemaphoreRelease
 .text.osSystickHandler
                0x08019d48       0x18 Thirdparty\Middleware\STM32G0xx\FreeRTOS\Source\CMSIS_RTOS\cmsis_os.o
                0x08019d48                osSystickHandler
 .text.FreeRTOS_CLIRegisterCommand
                0x08019d60       0x50 Thirdparty\Middleware\STM32G0xx\FreeRTOS\Source\FreeRTOS_CLI.o
                0x08019d60                FreeRTOS_CLIRegisterCommand
 .text.FreeRTOS_CLIProcessCommand
                0x08019db0      0x11c Thirdparty\Middleware\STM32G0xx\FreeRTOS\Source\FreeRTOS_CLI.o
                0x08019db0                FreeRTOS_CLIProcessCommand
 .text.FreeRTOS_CLIGetOutputBuffer
                0x08019ecc       0x10 Thirdparty\Middleware\STM32G0xx\FreeRTOS\Source\FreeRTOS_CLI.o
                0x08019ecc                FreeRTOS_CLIGetOutputBuffer
 .text.FreeRTOS_CLIGetParameter
                0x08019edc       0xbc Thirdparty\Middleware\STM32G0xx\FreeRTOS\Source\FreeRTOS_CLI.o
                0x08019edc                FreeRTOS_CLIGetParameter
 .text.prvHelpCommand
                0x08019f98      0x154 Thirdparty\Middleware\STM32G0xx\FreeRTOS\Source\FreeRTOS_CLI.o
 .text.prvGetNumberOfParameters
                0x0801a0ec       0x7a Thirdparty\Middleware\STM32G0xx\FreeRTOS\Source\FreeRTOS_CLI.o
 .text.xEventGroupCreate
                0x0801a166       0x30 Thirdparty\Middleware\STM32G0xx\FreeRTOS\Source\event_groups.o
                0x0801a166                xEventGroupCreate
 .text.vListInitialise
                0x0801a196       0x3c Thirdparty\Middleware\STM32G0xx\FreeRTOS\Source\list.o
                0x0801a196                vListInitialise
 .text.vListInitialiseItem
                0x0801a1d2       0x16 Thirdparty\Middleware\STM32G0xx\FreeRTOS\Source\list.o
                0x0801a1d2                vListInitialiseItem
 .text.vListInsertEnd
                0x0801a1e8       0x44 Thirdparty\Middleware\STM32G0xx\FreeRTOS\Source\list.o
                0x0801a1e8                vListInsertEnd
 .text.vListInsert
                0x0801a22c       0x6c Thirdparty\Middleware\STM32G0xx\FreeRTOS\Source\list.o
                0x0801a22c                vListInsert
 .text.uxListRemove
                0x0801a298       0x50 Thirdparty\Middleware\STM32G0xx\FreeRTOS\Source\list.o
                0x0801a298                uxListRemove
 .text.pxPortInitialiseStack
                0x0801a2e8       0x54 Thirdparty\Middleware\STM32G0xx\FreeRTOS\Source\portable\GCC\ARM_CM0\port.o
                0x0801a2e8                pxPortInitialiseStack
 .text.prvTaskExitError
                0x0801a33c       0x1e Thirdparty\Middleware\STM32G0xx\FreeRTOS\Source\portable\GCC\ARM_CM0\port.o
 .text.SVC_Handler
                0x0801a35a        0xa Thirdparty\Middleware\STM32G0xx\FreeRTOS\Source\portable\GCC\ARM_CM0\port.o
                0x0801a35a                SVC_Handler
 *fill*         0x0801a364        0xc 
 .text.vPortStartFirstTask
                0x0801a370       0x38 Thirdparty\Middleware\STM32G0xx\FreeRTOS\Source\portable\GCC\ARM_CM0\port.o
 .text.xPortStartScheduler
                0x0801a3a8       0x48 Thirdparty\Middleware\STM32G0xx\FreeRTOS\Source\portable\GCC\ARM_CM0\port.o
                0x0801a3a8                xPortStartScheduler
 .text.vPortYield
                0x0801a3f0       0x20 Thirdparty\Middleware\STM32G0xx\FreeRTOS\Source\portable\GCC\ARM_CM0\port.o
                0x0801a3f0                vPortYield
 .text.vPortEnterCritical
                0x0801a410       0x24 Thirdparty\Middleware\STM32G0xx\FreeRTOS\Source\portable\GCC\ARM_CM0\port.o
                0x0801a410                vPortEnterCritical
 .text.vPortExitCritical
                0x0801a434       0x24 Thirdparty\Middleware\STM32G0xx\FreeRTOS\Source\portable\GCC\ARM_CM0\port.o
                0x0801a434                vPortExitCritical
 .text.ulSetInterruptMaskFromISR
                0x0801a458        0xc Thirdparty\Middleware\STM32G0xx\FreeRTOS\Source\portable\GCC\ARM_CM0\port.o
                0x0801a458                ulSetInterruptMaskFromISR
 .text.vClearInterruptMaskFromISR
                0x0801a464        0x8 Thirdparty\Middleware\STM32G0xx\FreeRTOS\Source\portable\GCC\ARM_CM0\port.o
                0x0801a464                vClearInterruptMaskFromISR
 *fill*         0x0801a46c        0x4 
 .text.PendSV_Handler
                0x0801a470       0x48 Thirdparty\Middleware\STM32G0xx\FreeRTOS\Source\portable\GCC\ARM_CM0\port.o
                0x0801a470                PendSV_Handler
 .text.xPortSysTickHandler
                0x0801a4b8       0x34 Thirdparty\Middleware\STM32G0xx\FreeRTOS\Source\portable\GCC\ARM_CM0\port.o
                0x0801a4b8                xPortSysTickHandler
 .text.vPortSetupTimerInterrupt
                0x0801a4ec       0x44 Thirdparty\Middleware\STM32G0xx\FreeRTOS\Source\portable\GCC\ARM_CM0\port.o
                0x0801a4ec                vPortSetupTimerInterrupt
 .text.pvPortMalloc
                0x0801a530      0x140 Thirdparty\Middleware\STM32G0xx\FreeRTOS\Source\portable\MemMang\heap_4.o
                0x0801a530                pvPortMalloc
 .text.vPortFree
                0x0801a670       0x80 Thirdparty\Middleware\STM32G0xx\FreeRTOS\Source\portable\MemMang\heap_4.o
                0x0801a670                vPortFree
 .text.prvHeapInit
                0x0801a6f0       0xc0 Thirdparty\Middleware\STM32G0xx\FreeRTOS\Source\portable\MemMang\heap_4.o
 .text.prvInsertBlockIntoFreeList
                0x0801a7b0       0xb0 Thirdparty\Middleware\STM32G0xx\FreeRTOS\Source\portable\MemMang\heap_4.o
 .text.xQueueGenericReset
                0x0801a860       0x9e Thirdparty\Middleware\STM32G0xx\FreeRTOS\Source\queue.o
                0x0801a860                xQueueGenericReset
 .text.xQueueGenericCreate
                0x0801a8fe       0x52 Thirdparty\Middleware\STM32G0xx\FreeRTOS\Source\queue.o
                0x0801a8fe                xQueueGenericCreate
 .text.prvInitialiseNewQueue
                0x0801a950       0x4e Thirdparty\Middleware\STM32G0xx\FreeRTOS\Source\queue.o
 .text.xQueueCreateCountingSemaphore
                0x0801a99e       0x30 Thirdparty\Middleware\STM32G0xx\FreeRTOS\Source\queue.o
                0x0801a99e                xQueueCreateCountingSemaphore
 .text.xQueueGenericSend
                0x0801a9ce      0x12a Thirdparty\Middleware\STM32G0xx\FreeRTOS\Source\queue.o
                0x0801a9ce                xQueueGenericSend
 .text.xQueueGenericSendFromISR
                0x0801aaf8       0xa6 Thirdparty\Middleware\STM32G0xx\FreeRTOS\Source\queue.o
                0x0801aaf8                xQueueGenericSendFromISR
 .text.xQueueGiveFromISR
                0x0801ab9e       0x96 Thirdparty\Middleware\STM32G0xx\FreeRTOS\Source\queue.o
                0x0801ab9e                xQueueGiveFromISR
 .text.xQueueReceive
                0x0801ac34      0x128 Thirdparty\Middleware\STM32G0xx\FreeRTOS\Source\queue.o
                0x0801ac34                xQueueReceive
 .text.xQueueSemaphoreTake
                0x0801ad5c      0x178 Thirdparty\Middleware\STM32G0xx\FreeRTOS\Source\queue.o
                0x0801ad5c                xQueueSemaphoreTake
 .text.xQueueReceiveFromISR
                0x0801aed4       0xa0 Thirdparty\Middleware\STM32G0xx\FreeRTOS\Source\queue.o
                0x0801aed4                xQueueReceiveFromISR
 .text.prvGetDisinheritPriorityAfterTimeout
                0x0801af74       0x2c Thirdparty\Middleware\STM32G0xx\FreeRTOS\Source\queue.o
 .text.prvCopyDataToQueue
                0x0801afa0       0xd6 Thirdparty\Middleware\STM32G0xx\FreeRTOS\Source\queue.o
 .text.prvCopyDataFromQueue
                0x0801b076       0x4c Thirdparty\Middleware\STM32G0xx\FreeRTOS\Source\queue.o
 .text.prvUnlockQueue
                0x0801b0c2       0xbc Thirdparty\Middleware\STM32G0xx\FreeRTOS\Source\queue.o
 .text.prvIsQueueEmpty
                0x0801b17e       0x2c Thirdparty\Middleware\STM32G0xx\FreeRTOS\Source\queue.o
 .text.prvIsQueueFull
                0x0801b1aa       0x30 Thirdparty\Middleware\STM32G0xx\FreeRTOS\Source\queue.o
 *fill*         0x0801b1da        0x2 
 .text.vQueueAddToRegistry
                0x0801b1dc       0x50 Thirdparty\Middleware\STM32G0xx\FreeRTOS\Source\queue.o
                0x0801b1dc                vQueueAddToRegistry
 .text.vQueueWaitForMessageRestricted
                0x0801b22c       0x66 Thirdparty\Middleware\STM32G0xx\FreeRTOS\Source\queue.o
                0x0801b22c                vQueueWaitForMessageRestricted
 .text.xTaskCreate
                0x0801b292       0x90 Thirdparty\Middleware\STM32G0xx\FreeRTOS\Source\tasks.o
                0x0801b292                xTaskCreate
 *fill*         0x0801b322        0x2 
 .text.prvInitialiseNewTask
                0x0801b324      0x10c Thirdparty\Middleware\STM32G0xx\FreeRTOS\Source\tasks.o
 .text.prvAddNewTaskToReadyList
                0x0801b430       0xd0 Thirdparty\Middleware\STM32G0xx\FreeRTOS\Source\tasks.o
 .text.vTaskDelay
                0x0801b500       0x3a Thirdparty\Middleware\STM32G0xx\FreeRTOS\Source\tasks.o
                0x0801b500                vTaskDelay
 *fill*         0x0801b53a        0x2 
 .text.eTaskGetState
                0x0801b53c       0xd0 Thirdparty\Middleware\STM32G0xx\FreeRTOS\Source\tasks.o
                0x0801b53c                eTaskGetState
 .text.uxTaskPriorityGet
                0x0801b60c       0x34 Thirdparty\Middleware\STM32G0xx\FreeRTOS\Source\tasks.o
                0x0801b60c                uxTaskPriorityGet
 .text.vTaskPrioritySet
                0x0801b640      0x110 Thirdparty\Middleware\STM32G0xx\FreeRTOS\Source\tasks.o
                0x0801b640                vTaskPrioritySet
 .text.vTaskStartScheduler
                0x0801b750       0x74 Thirdparty\Middleware\STM32G0xx\FreeRTOS\Source\tasks.o
                0x0801b750                vTaskStartScheduler
 .text.vTaskSuspendAll
                0x0801b7c4       0x18 Thirdparty\Middleware\STM32G0xx\FreeRTOS\Source\tasks.o
                0x0801b7c4                vTaskSuspendAll
 .text.xTaskResumeAll
                0x0801b7dc      0x10c Thirdparty\Middleware\STM32G0xx\FreeRTOS\Source\tasks.o
                0x0801b7dc                xTaskResumeAll
 .text.xTaskGetTickCount
                0x0801b8e8       0x1c Thirdparty\Middleware\STM32G0xx\FreeRTOS\Source\tasks.o
                0x0801b8e8                xTaskGetTickCount
 .text.xTaskGetTickCountFromISR
                0x0801b904       0x20 Thirdparty\Middleware\STM32G0xx\FreeRTOS\Source\tasks.o
                0x0801b904                xTaskGetTickCountFromISR
 .text.uxTaskGetSystemState
                0x0801b924      0x120 Thirdparty\Middleware\STM32G0xx\FreeRTOS\Source\tasks.o
                0x0801b924                uxTaskGetSystemState
 .text.xTaskIncrementTick
                0x0801ba44      0x150 Thirdparty\Middleware\STM32G0xx\FreeRTOS\Source\tasks.o
                0x0801ba44                xTaskIncrementTick
 .text.vTaskSwitchContext
                0x0801bb94      0x124 Thirdparty\Middleware\STM32G0xx\FreeRTOS\Source\tasks.o
                0x0801bb94                vTaskSwitchContext
 .text.vTaskPlaceOnEventList
                0x0801bcb8       0x34 Thirdparty\Middleware\STM32G0xx\FreeRTOS\Source\tasks.o
                0x0801bcb8                vTaskPlaceOnEventList
 .text.vTaskPlaceOnEventListRestricted
                0x0801bcec       0x44 Thirdparty\Middleware\STM32G0xx\FreeRTOS\Source\tasks.o
                0x0801bcec                vTaskPlaceOnEventListRestricted
 .text.xTaskRemoveFromEventList
                0x0801bd30       0xb0 Thirdparty\Middleware\STM32G0xx\FreeRTOS\Source\tasks.o
                0x0801bd30                xTaskRemoveFromEventList
 .text.vTaskInternalSetTimeOutState
                0x0801bde0       0x28 Thirdparty\Middleware\STM32G0xx\FreeRTOS\Source\tasks.o
                0x0801bde0                vTaskInternalSetTimeOutState
 .text.xTaskCheckForTimeOut
                0x0801be08       0x8c Thirdparty\Middleware\STM32G0xx\FreeRTOS\Source\tasks.o
                0x0801be08                xTaskCheckForTimeOut
 .text.vTaskMissedYield
                0x0801be94       0x14 Thirdparty\Middleware\STM32G0xx\FreeRTOS\Source\tasks.o
                0x0801be94                vTaskMissedYield
 .text.prvIdleTask
                0x0801bea8       0x20 Thirdparty\Middleware\STM32G0xx\FreeRTOS\Source\tasks.o
 .text.prvInitialiseTaskLists
                0x0801bec8       0x88 Thirdparty\Middleware\STM32G0xx\FreeRTOS\Source\tasks.o
 .text.prvCheckTasksWaitingTermination
                0x0801bf50       0x5c Thirdparty\Middleware\STM32G0xx\FreeRTOS\Source\tasks.o
 .text.vTaskGetInfo
                0x0801bfac       0xd8 Thirdparty\Middleware\STM32G0xx\FreeRTOS\Source\tasks.o
                0x0801bfac                vTaskGetInfo
 .text.prvListTasksWithinSingleList
                0x0801c084       0xa6 Thirdparty\Middleware\STM32G0xx\FreeRTOS\Source\tasks.o
 .text.prvTaskCheckFreeStackSpace
                0x0801c12a       0x34 Thirdparty\Middleware\STM32G0xx\FreeRTOS\Source\tasks.o
 .text.prvDeleteTCB
                0x0801c15e       0x22 Thirdparty\Middleware\STM32G0xx\FreeRTOS\Source\tasks.o
 .text.prvResetNextTaskUnblockTime
                0x0801c180       0x3c Thirdparty\Middleware\STM32G0xx\FreeRTOS\Source\tasks.o
 .text.xTaskGetSchedulerState
                0x0801c1bc       0x38 Thirdparty\Middleware\STM32G0xx\FreeRTOS\Source\tasks.o
                0x0801c1bc                xTaskGetSchedulerState
 .text.xTaskPriorityInherit
                0x0801c1f4       0xd0 Thirdparty\Middleware\STM32G0xx\FreeRTOS\Source\tasks.o
                0x0801c1f4                xTaskPriorityInherit
 .text.xTaskPriorityDisinherit
                0x0801c2c4       0x98 Thirdparty\Middleware\STM32G0xx\FreeRTOS\Source\tasks.o
                0x0801c2c4                xTaskPriorityDisinherit
 .text.vTaskPriorityDisinheritAfterTimeout
                0x0801c35c       0xc0 Thirdparty\Middleware\STM32G0xx\FreeRTOS\Source\tasks.o
                0x0801c35c                vTaskPriorityDisinheritAfterTimeout
 .text.prvWriteNameToBuffer
                0x0801c41c       0x52 Thirdparty\Middleware\STM32G0xx\FreeRTOS\Source\tasks.o
 *fill*         0x0801c46e        0x2 
 .text.vTaskList
                0x0801c470      0x14c Thirdparty\Middleware\STM32G0xx\FreeRTOS\Source\tasks.o
                0x0801c470                vTaskList
 .text.vTaskGetRunTimeStats
                0x0801c5bc      0x118 Thirdparty\Middleware\STM32G0xx\FreeRTOS\Source\tasks.o
                0x0801c5bc                vTaskGetRunTimeStats
 .text.pvTaskIncrementMutexHeldCount
                0x0801c6d4       0x24 Thirdparty\Middleware\STM32G0xx\FreeRTOS\Source\tasks.o
                0x0801c6d4                pvTaskIncrementMutexHeldCount
 .text.ulTaskNotifyTake
                0x0801c6f8       0x84 Thirdparty\Middleware\STM32G0xx\FreeRTOS\Source\tasks.o
                0x0801c6f8                ulTaskNotifyTake
 .text.xTaskGenericNotify
                0x0801c77c      0x104 Thirdparty\Middleware\STM32G0xx\FreeRTOS\Source\tasks.o
                0x0801c77c                xTaskGenericNotify
 .text.xTaskGenericNotifyFromISR
                0x0801c880      0x140 Thirdparty\Middleware\STM32G0xx\FreeRTOS\Source\tasks.o
                0x0801c880                xTaskGenericNotifyFromISR
 .text.vTaskNotifyGiveFromISR
                0x0801c9c0       0xd8 Thirdparty\Middleware\STM32G0xx\FreeRTOS\Source\tasks.o
                0x0801c9c0                vTaskNotifyGiveFromISR
 .text.prvAddCurrentTaskToDelayedList
                0x0801ca98       0xa8 Thirdparty\Middleware\STM32G0xx\FreeRTOS\Source\tasks.o
 .text.xTimerCreateTimerTask
                0x0801cb40       0x4c Thirdparty\Middleware\STM32G0xx\FreeRTOS\Source\timers.o
                0x0801cb40                xTimerCreateTimerTask
 .text.xTimerCreate
                0x0801cb8c       0x46 Thirdparty\Middleware\STM32G0xx\FreeRTOS\Source\timers.o
                0x0801cb8c                xTimerCreate
 .text.prvInitialiseNewTimer
                0x0801cbd2       0x5a Thirdparty\Middleware\STM32G0xx\FreeRTOS\Source\timers.o
 .text.xTimerGenericCommand
                0x0801cc2c       0x8c Thirdparty\Middleware\STM32G0xx\FreeRTOS\Source\timers.o
                0x0801cc2c                xTimerGenericCommand
 .text.prvProcessExpiredTimer
                0x0801ccb8       0x80 Thirdparty\Middleware\STM32G0xx\FreeRTOS\Source\timers.o
 .text.prvTimerTask
                0x0801cd38       0x28 Thirdparty\Middleware\STM32G0xx\FreeRTOS\Source\timers.o
 .text.prvProcessTimerOrBlockTask
                0x0801cd60       0x90 Thirdparty\Middleware\STM32G0xx\FreeRTOS\Source\timers.o
 .text.prvGetNextExpireTime
                0x0801cdf0       0x44 Thirdparty\Middleware\STM32G0xx\FreeRTOS\Source\timers.o
 .text.prvSampleTimeNow
                0x0801ce34       0x40 Thirdparty\Middleware\STM32G0xx\FreeRTOS\Source\timers.o
 .text.prvInsertTimerInActiveList
                0x0801ce74       0x84 Thirdparty\Middleware\STM32G0xx\FreeRTOS\Source\timers.o
 .text.prvProcessReceivedCommands
                0x0801cef8      0x16c Thirdparty\Middleware\STM32G0xx\FreeRTOS\Source\timers.o
 .text.prvSwitchTimerLists
                0x0801d064       0xb0 Thirdparty\Middleware\STM32G0xx\FreeRTOS\Source\timers.o
 .text.prvCheckForValidListAndQueue
                0x0801d114       0x74 Thirdparty\Middleware\STM32G0xx\FreeRTOS\Source\timers.o
 .text.pvTimerGetTimerID
                0x0801d188       0x24 Thirdparty\Middleware\STM32G0xx\FreeRTOS\Source\timers.o
                0x0801d188                pvTimerGetTimerID
 .text.HAL_Init
                0x0801d1ac       0x40 Thirdparty\STM32G0xx_HAL_Driver\Src\stm32g0xx_hal.o
                0x0801d1ac                HAL_Init
 .text.HAL_MspInit
                0x0801d1ec        0xa Thirdparty\STM32G0xx_HAL_Driver\Src\stm32g0xx_hal.o
                0x0801d1ec                HAL_MspInit
 *fill*         0x0801d1f6        0x2 
 .text.HAL_InitTick
                0x0801d1f8       0x94 Thirdparty\STM32G0xx_HAL_Driver\Src\stm32g0xx_hal.o
                0x0801d1f8                HAL_InitTick
 .text.HAL_IncTick
                0x0801d28c       0x24 Thirdparty\STM32G0xx_HAL_Driver\Src\stm32g0xx_hal.o
                0x0801d28c                HAL_IncTick
 .text.HAL_GetTick
                0x0801d2b0       0x14 Thirdparty\STM32G0xx_HAL_Driver\Src\stm32g0xx_hal.o
                0x0801d2b0                HAL_GetTick
 .text.HAL_Delay
                0x0801d2c4       0x48 Thirdparty\STM32G0xx_HAL_Driver\Src\stm32g0xx_hal.o
                0x0801d2c4                HAL_Delay
 .text.HAL_GetREVID
                0x0801d30c       0x18 Thirdparty\STM32G0xx_HAL_Driver\Src\stm32g0xx_hal.o
                0x0801d30c                HAL_GetREVID
 .text.HAL_GetDEVID
                0x0801d324       0x18 Thirdparty\STM32G0xx_HAL_Driver\Src\stm32g0xx_hal.o
                0x0801d324                HAL_GetDEVID
 .text.LL_ADC_SetCommonPathInternalCh
                0x0801d33c       0x28 Thirdparty\STM32G0xx_HAL_Driver\Src\stm32g0xx_hal_adc.o
 .text.LL_ADC_GetCommonPathInternalCh
                0x0801d364       0x1a Thirdparty\STM32G0xx_HAL_Driver\Src\stm32g0xx_hal_adc.o
 .text.LL_ADC_SetSamplingTimeCommonChannels
                0x0801d37e       0x3a Thirdparty\STM32G0xx_HAL_Driver\Src\stm32g0xx_hal_adc.o
 .text.LL_ADC_GetSamplingTimeCommonChannels
                0x0801d3b8       0x2e Thirdparty\STM32G0xx_HAL_Driver\Src\stm32g0xx_hal_adc.o
 .text.LL_ADC_REG_IsTriggerSourceSWStart
                0x0801d3e6       0x22 Thirdparty\STM32G0xx_HAL_Driver\Src\stm32g0xx_hal_adc.o
 .text.LL_ADC_REG_SetSequencerRanks
                0x0801d408       0x40 Thirdparty\STM32G0xx_HAL_Driver\Src\stm32g0xx_hal_adc.o
 .text.LL_ADC_REG_SetSequencerChAdd
                0x0801d448       0x22 Thirdparty\STM32G0xx_HAL_Driver\Src\stm32g0xx_hal_adc.o
 .text.LL_ADC_REG_SetSequencerChRem
                0x0801d46a       0x24 Thirdparty\STM32G0xx_HAL_Driver\Src\stm32g0xx_hal_adc.o
 *fill*         0x0801d48e        0x2 
 .text.LL_ADC_SetChannelSamplingTime
                0x0801d490       0x38 Thirdparty\STM32G0xx_HAL_Driver\Src\stm32g0xx_hal_adc.o
 .text.LL_ADC_EnableInternalRegulator
                0x0801d4c8       0x28 Thirdparty\STM32G0xx_HAL_Driver\Src\stm32g0xx_hal_adc.o
 .text.LL_ADC_IsInternalRegulatorEnabled
                0x0801d4f0       0x28 Thirdparty\STM32G0xx_HAL_Driver\Src\stm32g0xx_hal_adc.o
 .text.LL_ADC_Enable
                0x0801d518       0x24 Thirdparty\STM32G0xx_HAL_Driver\Src\stm32g0xx_hal_adc.o
 .text.LL_ADC_Disable
                0x0801d53c       0x24 Thirdparty\STM32G0xx_HAL_Driver\Src\stm32g0xx_hal_adc.o
 .text.LL_ADC_IsEnabled
                0x0801d560       0x22 Thirdparty\STM32G0xx_HAL_Driver\Src\stm32g0xx_hal_adc.o
 .text.LL_ADC_IsDisableOngoing
                0x0801d582       0x22 Thirdparty\STM32G0xx_HAL_Driver\Src\stm32g0xx_hal_adc.o
 .text.LL_ADC_REG_StartConversion
                0x0801d5a4       0x24 Thirdparty\STM32G0xx_HAL_Driver\Src\stm32g0xx_hal_adc.o
 .text.LL_ADC_REG_StopConversion
                0x0801d5c8       0x24 Thirdparty\STM32G0xx_HAL_Driver\Src\stm32g0xx_hal_adc.o
 .text.LL_ADC_REG_IsConversionOngoing
                0x0801d5ec       0x22 Thirdparty\STM32G0xx_HAL_Driver\Src\stm32g0xx_hal_adc.o
 *fill*         0x0801d60e        0x2 
 .text.HAL_ADC_Init
                0x0801d610      0x350 Thirdparty\STM32G0xx_HAL_Driver\Src\stm32g0xx_hal_adc.o
                0x0801d610                HAL_ADC_Init
 .text.HAL_ADC_Start
                0x0801d960       0x9c Thirdparty\STM32G0xx_HAL_Driver\Src\stm32g0xx_hal_adc.o
                0x0801d960                HAL_ADC_Start
 .text.HAL_ADC_Stop
                0x0801d9fc       0x78 Thirdparty\STM32G0xx_HAL_Driver\Src\stm32g0xx_hal_adc.o
                0x0801d9fc                HAL_ADC_Stop
 .text.HAL_ADC_PollForConversion
                0x0801da74      0x128 Thirdparty\STM32G0xx_HAL_Driver\Src\stm32g0xx_hal_adc.o
                0x0801da74                HAL_ADC_PollForConversion
 .text.HAL_ADC_GetValue
                0x0801db9c       0x16 Thirdparty\STM32G0xx_HAL_Driver\Src\stm32g0xx_hal_adc.o
                0x0801db9c                HAL_ADC_GetValue
 *fill*         0x0801dbb2        0x2 
 .text.HAL_ADC_ConfigChannel
                0x0801dbb4      0x3b0 Thirdparty\STM32G0xx_HAL_Driver\Src\stm32g0xx_hal_adc.o
                0x0801dbb4                HAL_ADC_ConfigChannel
 .text.ADC_ConversionStop
                0x0801df64       0x84 Thirdparty\STM32G0xx_HAL_Driver\Src\stm32g0xx_hal_adc.o
                0x0801df64                ADC_ConversionStop
 .text.ADC_Enable
                0x0801dfe8      0x10c Thirdparty\STM32G0xx_HAL_Driver\Src\stm32g0xx_hal_adc.o
                0x0801dfe8                ADC_Enable
 .text.ADC_Disable
                0x0801e0f4       0xbc Thirdparty\STM32G0xx_HAL_Driver\Src\stm32g0xx_hal_adc.o
                0x0801e0f4                ADC_Disable
 .text.__NVIC_EnableIRQ
                0x0801e1b0       0x34 Thirdparty\STM32G0xx_HAL_Driver\Src\stm32g0xx_hal_cortex.o
 .text.__NVIC_DisableIRQ
                0x0801e1e4       0x44 Thirdparty\STM32G0xx_HAL_Driver\Src\stm32g0xx_hal_cortex.o
 .text.__NVIC_SetPriority
                0x0801e228       0xdc Thirdparty\STM32G0xx_HAL_Driver\Src\stm32g0xx_hal_cortex.o
 .text.SysTick_Config
                0x0801e304       0x48 Thirdparty\STM32G0xx_HAL_Driver\Src\stm32g0xx_hal_cortex.o
 .text.HAL_NVIC_SetPriority
                0x0801e34c       0x2a Thirdparty\STM32G0xx_HAL_Driver\Src\stm32g0xx_hal_cortex.o
                0x0801e34c                HAL_NVIC_SetPriority
 .text.HAL_NVIC_EnableIRQ
                0x0801e376       0x20 Thirdparty\STM32G0xx_HAL_Driver\Src\stm32g0xx_hal_cortex.o
                0x0801e376                HAL_NVIC_EnableIRQ
 .text.HAL_NVIC_DisableIRQ
                0x0801e396       0x20 Thirdparty\STM32G0xx_HAL_Driver\Src\stm32g0xx_hal_cortex.o
                0x0801e396                HAL_NVIC_DisableIRQ
 .text.HAL_SYSTICK_Config
                0x0801e3b6       0x1a Thirdparty\STM32G0xx_HAL_Driver\Src\stm32g0xx_hal_cortex.o
                0x0801e3b6                HAL_SYSTICK_Config
 .text.HAL_CRC_Init
                0x0801e3d0       0xcc Thirdparty\STM32G0xx_HAL_Driver\Src\stm32g0xx_hal_crc.o
                0x0801e3d0                HAL_CRC_Init
 .text.HAL_CRC_Accumulate
                0x0801e49c       0x8e Thirdparty\STM32G0xx_HAL_Driver\Src\stm32g0xx_hal_crc.o
                0x0801e49c                HAL_CRC_Accumulate
 .text.HAL_CRC_Calculate
                0x0801e52a       0x9e Thirdparty\STM32G0xx_HAL_Driver\Src\stm32g0xx_hal_crc.o
                0x0801e52a                HAL_CRC_Calculate
 .text.CRC_Handle_8
                0x0801e5c8      0x122 Thirdparty\STM32G0xx_HAL_Driver\Src\stm32g0xx_hal_crc.o
 .text.CRC_Handle_16
                0x0801e6ea       0x6e Thirdparty\STM32G0xx_HAL_Driver\Src\stm32g0xx_hal_crc.o
 .text.HAL_CRCEx_Polynomial_Set
                0x0801e758       0xda Thirdparty\STM32G0xx_HAL_Driver\Src\stm32g0xx_hal_crc_ex.o
                0x0801e758                HAL_CRCEx_Polynomial_Set
 *fill*         0x0801e832        0x2 
 .text.HAL_DMA_Init
                0x0801e834      0x158 Thirdparty\STM32G0xx_HAL_Driver\Src\stm32g0xx_hal_dma.o
                0x0801e834                HAL_DMA_Init
 .text.HAL_DMA_Start_IT
                0x0801e98c      0x10c Thirdparty\STM32G0xx_HAL_Driver\Src\stm32g0xx_hal_dma.o
                0x0801e98c                HAL_DMA_Start_IT
 .text.HAL_DMA_Abort
                0x0801ea98       0xc0 Thirdparty\STM32G0xx_HAL_Driver\Src\stm32g0xx_hal_dma.o
                0x0801ea98                HAL_DMA_Abort
 .text.HAL_DMA_Abort_IT
                0x0801eb58       0xd0 Thirdparty\STM32G0xx_HAL_Driver\Src\stm32g0xx_hal_dma.o
                0x0801eb58                HAL_DMA_Abort_IT
 .text.HAL_DMA_GetError
                0x0801ec28       0x14 Thirdparty\STM32G0xx_HAL_Driver\Src\stm32g0xx_hal_dma.o
                0x0801ec28                HAL_DMA_GetError
 .text.DMA_SetConfig
                0x0801ec3c       0x78 Thirdparty\STM32G0xx_HAL_Driver\Src\stm32g0xx_hal_dma.o
 .text.DMA_CalcDMAMUXChannelBaseAndMask
                0x0801ecb4       0x94 Thirdparty\STM32G0xx_HAL_Driver\Src\stm32g0xx_hal_dma.o
 .text.DMA_CalcDMAMUXRequestGenBaseAndMask
                0x0801ed48       0x48 Thirdparty\STM32G0xx_HAL_Driver\Src\stm32g0xx_hal_dma.o
 .text.HAL_FLASH_Program
                0x0801ed90       0x9c Thirdparty\STM32G0xx_HAL_Driver\Src\stm32g0xx_hal_flash.o
                0x0801ed90                HAL_FLASH_Program
 .text.HAL_FLASH_Unlock
                0x0801ee2c       0x48 Thirdparty\STM32G0xx_HAL_Driver\Src\stm32g0xx_hal_flash.o
                0x0801ee2c                HAL_FLASH_Unlock
 .text.HAL_FLASH_Lock
                0x0801ee74       0x38 Thirdparty\STM32G0xx_HAL_Driver\Src\stm32g0xx_hal_flash.o
                0x0801ee74                HAL_FLASH_Lock
 .text.FLASH_WaitForLastOperation
                0x0801eeac       0x9c Thirdparty\STM32G0xx_HAL_Driver\Src\stm32g0xx_hal_flash.o
                0x0801eeac                FLASH_WaitForLastOperation
 .text.FLASH_Program_DoubleWord
                0x0801ef48       0x40 Thirdparty\STM32G0xx_HAL_Driver\Src\stm32g0xx_hal_flash.o
 .text.HAL_FLASHEx_Erase
                0x0801ef88       0xe0 Thirdparty\STM32G0xx_HAL_Driver\Src\stm32g0xx_hal_flash_ex.o
                0x0801ef88                HAL_FLASHEx_Erase
 .text.FLASH_MassErase
                0x0801f068       0x28 Thirdparty\STM32G0xx_HAL_Driver\Src\stm32g0xx_hal_flash_ex.o
 .text.FLASH_PageErase
                0x0801f090      0x198 Thirdparty\STM32G0xx_HAL_Driver\Src\stm32g0xx_hal_flash_ex.o
                0x0801f090                FLASH_PageErase
 .text.HAL_GPIO_Init
                0x0801f228      0x2d8 Thirdparty\STM32G0xx_HAL_Driver\Src\stm32g0xx_hal_gpio.o
                0x0801f228                HAL_GPIO_Init
 .text.HAL_GPIO_DeInit
                0x0801f500      0x1b0 Thirdparty\STM32G0xx_HAL_Driver\Src\stm32g0xx_hal_gpio.o
                0x0801f500                HAL_GPIO_DeInit
 .text.HAL_GPIO_ReadPin
                0x0801f6b0       0x3a Thirdparty\STM32G0xx_HAL_Driver\Src\stm32g0xx_hal_gpio.o
                0x0801f6b0                HAL_GPIO_ReadPin
 .text.HAL_GPIO_WritePin
                0x0801f6ea       0x3a Thirdparty\STM32G0xx_HAL_Driver\Src\stm32g0xx_hal_gpio.o
                0x0801f6ea                HAL_GPIO_WritePin
 .text.HAL_GPIO_TogglePin
                0x0801f724       0x36 Thirdparty\STM32G0xx_HAL_Driver\Src\stm32g0xx_hal_gpio.o
                0x0801f724                HAL_GPIO_TogglePin
 *fill*         0x0801f75a        0x2 
 .text.HAL_I2C_Init
                0x0801f75c      0x12c Thirdparty\STM32G0xx_HAL_Driver\Src\stm32g0xx_hal_i2c.o
                0x0801f75c                HAL_I2C_Init
 .text.HAL_I2C_MspInit
                0x0801f888       0x10 Thirdparty\STM32G0xx_HAL_Driver\Src\stm32g0xx_hal_i2c.o
                0x0801f888                HAL_I2C_MspInit
 .text.HAL_I2C_Master_Transmit
                0x0801f898      0x210 Thirdparty\STM32G0xx_HAL_Driver\Src\stm32g0xx_hal_i2c.o
                0x0801f898                HAL_I2C_Master_Transmit
 .text.HAL_I2C_Master_Receive
                0x0801faa8      0x210 Thirdparty\STM32G0xx_HAL_Driver\Src\stm32g0xx_hal_i2c.o
                0x0801faa8                HAL_I2C_Master_Receive
 .text.I2C_Flush_TXDR
                0x0801fcb8       0x44 Thirdparty\STM32G0xx_HAL_Driver\Src\stm32g0xx_hal_i2c.o
 .text.I2C_WaitOnFlagUntilTimeout
                0x0801fcfc       0x7e Thirdparty\STM32G0xx_HAL_Driver\Src\stm32g0xx_hal_i2c.o
 .text.I2C_WaitOnTXISFlagUntilTimeout
                0x0801fd7a       0x7e Thirdparty\STM32G0xx_HAL_Driver\Src\stm32g0xx_hal_i2c.o
 .text.I2C_WaitOnSTOPFlagUntilTimeout
                0x0801fdf8       0x78 Thirdparty\STM32G0xx_HAL_Driver\Src\stm32g0xx_hal_i2c.o
 .text.I2C_WaitOnRXNEFlagUntilTimeout
                0x0801fe70       0xf4 Thirdparty\STM32G0xx_HAL_Driver\Src\stm32g0xx_hal_i2c.o
 .text.I2C_IsErrorOccurred
                0x0801ff64      0x200 Thirdparty\STM32G0xx_HAL_Driver\Src\stm32g0xx_hal_i2c.o
 .text.I2C_TransferConfig
                0x08020164       0x74 Thirdparty\STM32G0xx_HAL_Driver\Src\stm32g0xx_hal_i2c.o
 .text.HAL_I2CEx_ConfigAnalogFilter
                0x080201d8       0x98 Thirdparty\STM32G0xx_HAL_Driver\Src\stm32g0xx_hal_i2c_ex.o
                0x080201d8                HAL_I2CEx_ConfigAnalogFilter
 .text.HAL_I2CEx_ConfigDigitalFilter
                0x08020270       0x98 Thirdparty\STM32G0xx_HAL_Driver\Src\stm32g0xx_hal_i2c_ex.o
                0x08020270                HAL_I2CEx_ConfigDigitalFilter
 .text.HAL_IWDG_Refresh
                0x08020308       0x20 Thirdparty\STM32G0xx_HAL_Driver\Src\stm32g0xx_hal_iwdg.o
                0x08020308                HAL_IWDG_Refresh
 .text.HAL_PWR_EnableWakeUpPin
                0x08020328       0x40 Thirdparty\STM32G0xx_HAL_Driver\Src\stm32g0xx_hal_pwr.o
                0x08020328                HAL_PWR_EnableWakeUpPin
 .text.HAL_PWR_DisableWakeUpPin
                0x08020368       0x28 Thirdparty\STM32G0xx_HAL_Driver\Src\stm32g0xx_hal_pwr.o
                0x08020368                HAL_PWR_DisableWakeUpPin
 .text.HAL_PWR_EnterSTOPMode
                0x08020390       0x70 Thirdparty\STM32G0xx_HAL_Driver\Src\stm32g0xx_hal_pwr.o
                0x08020390                HAL_PWR_EnterSTOPMode
 .text.HAL_PWR_EnterSTANDBYMode
                0x08020400       0x34 Thirdparty\STM32G0xx_HAL_Driver\Src\stm32g0xx_hal_pwr.o
                0x08020400                HAL_PWR_EnterSTANDBYMode
 .text.HAL_PWREx_EnableSRAMRetention
                0x08020434       0x1c Thirdparty\STM32G0xx_HAL_Driver\Src\stm32g0xx_hal_pwr_ex.o
                0x08020434                HAL_PWREx_EnableSRAMRetention
 .text.HAL_PWREx_ControlVoltageScaling
                0x08020450       0x80 Thirdparty\STM32G0xx_HAL_Driver\Src\stm32g0xx_hal_pwr_ex.o
                0x08020450                HAL_PWREx_ControlVoltageScaling
 .text.LL_RCC_GetAPB1Prescaler
                0x080204d0       0x18 Thirdparty\STM32G0xx_HAL_Driver\Src\stm32g0xx_hal_rcc.o
 .text.HAL_RCC_OscConfig
                0x080204e8      0x6c0 Thirdparty\STM32G0xx_HAL_Driver\Src\stm32g0xx_hal_rcc.o
                0x080204e8                HAL_RCC_OscConfig
 .text.HAL_RCC_ClockConfig
                0x08020ba8      0x210 Thirdparty\STM32G0xx_HAL_Driver\Src\stm32g0xx_hal_rcc.o
                0x08020ba8                HAL_RCC_ClockConfig
 .text.HAL_RCC_GetSysClockFreq
                0x08020db8      0x104 Thirdparty\STM32G0xx_HAL_Driver\Src\stm32g0xx_hal_rcc.o
                0x08020db8                HAL_RCC_GetSysClockFreq
 .text.HAL_RCC_GetHCLKFreq
                0x08020ebc       0x14 Thirdparty\STM32G0xx_HAL_Driver\Src\stm32g0xx_hal_rcc.o
                0x08020ebc                HAL_RCC_GetHCLKFreq
 .text.HAL_RCC_GetPCLK1Freq
                0x08020ed0       0x2c Thirdparty\STM32G0xx_HAL_Driver\Src\stm32g0xx_hal_rcc.o
                0x08020ed0                HAL_RCC_GetPCLK1Freq
 .text.HAL_RCCEx_PeriphCLKConfig
                0x08020efc      0x478 Thirdparty\STM32G0xx_HAL_Driver\Src\stm32g0xx_hal_rcc_ex.o
                0x08020efc                HAL_RCCEx_PeriphCLKConfig
 .text.HAL_RTC_Init
                0x08021374      0x144 Thirdparty\STM32G0xx_HAL_Driver\Src\stm32g0xx_hal_rtc.o
                0x08021374                HAL_RTC_Init
 .text.HAL_RTC_MspInit
                0x080214b8       0x10 Thirdparty\STM32G0xx_HAL_Driver\Src\stm32g0xx_hal_rtc.o
                0x080214b8                HAL_RTC_MspInit
 .text.HAL_RTC_SetTime
                0x080214c8      0x150 Thirdparty\STM32G0xx_HAL_Driver\Src\stm32g0xx_hal_rtc.o
                0x080214c8                HAL_RTC_SetTime
 .text.HAL_RTC_GetTime
                0x08021618       0xb8 Thirdparty\STM32G0xx_HAL_Driver\Src\stm32g0xx_hal_rtc.o
                0x08021618                HAL_RTC_GetTime
 .text.HAL_RTC_SetDate
                0x080216d0      0x124 Thirdparty\STM32G0xx_HAL_Driver\Src\stm32g0xx_hal_rtc.o
                0x080216d0                HAL_RTC_SetDate
 .text.HAL_RTC_GetDate
                0x080217f4       0x9c Thirdparty\STM32G0xx_HAL_Driver\Src\stm32g0xx_hal_rtc.o
                0x080217f4                HAL_RTC_GetDate
 .text.HAL_RTC_WaitForSynchro
                0x08021890       0x4e Thirdparty\STM32G0xx_HAL_Driver\Src\stm32g0xx_hal_rtc.o
                0x08021890                HAL_RTC_WaitForSynchro
 .text.RTC_EnterInitMode
                0x080218de       0x84 Thirdparty\STM32G0xx_HAL_Driver\Src\stm32g0xx_hal_rtc.o
                0x080218de                RTC_EnterInitMode
 *fill*         0x08021962        0x2 
 .text.RTC_ExitInitMode
                0x08021964       0x88 Thirdparty\STM32G0xx_HAL_Driver\Src\stm32g0xx_hal_rtc.o
                0x08021964                RTC_ExitInitMode
 .text.RTC_ByteToBcd2
                0x080219ec       0x50 Thirdparty\STM32G0xx_HAL_Driver\Src\stm32g0xx_hal_rtc.o
                0x080219ec                RTC_ByteToBcd2
 .text.RTC_Bcd2ToByte
                0x08021a3c       0x3a Thirdparty\STM32G0xx_HAL_Driver\Src\stm32g0xx_hal_rtc.o
                0x08021a3c                RTC_Bcd2ToByte
 .text.HAL_RTCEx_BKUPWrite
                0x08021a76       0x3a Thirdparty\STM32G0xx_HAL_Driver\Src\stm32g0xx_hal_rtc_ex.o
                0x08021a76                HAL_RTCEx_BKUPWrite
 .text.HAL_RTCEx_BKUPRead
                0x08021ab0       0x36 Thirdparty\STM32G0xx_HAL_Driver\Src\stm32g0xx_hal_rtc_ex.o
                0x08021ab0                HAL_RTCEx_BKUPRead
 .text.HAL_TIM_Base_Init
                0x08021ae6       0xb0 Thirdparty\STM32G0xx_HAL_Driver\Src\stm32g0xx_hal_tim.o
                0x08021ae6                HAL_TIM_Base_Init
 .text.HAL_TIM_Base_MspInit
                0x08021b96       0x10 Thirdparty\STM32G0xx_HAL_Driver\Src\stm32g0xx_hal_tim.o
                0x08021b96                HAL_TIM_Base_MspInit
 *fill*         0x08021ba6        0x2 
 .text.HAL_TIM_Base_Start
                0x08021ba8       0xb4 Thirdparty\STM32G0xx_HAL_Driver\Src\stm32g0xx_hal_tim.o
                0x08021ba8                HAL_TIM_Base_Start
 .text.TIM_Base_SetConfig
                0x08021c5c      0x114 Thirdparty\STM32G0xx_HAL_Driver\Src\stm32g0xx_hal_tim.o
                0x08021c5c                TIM_Base_SetConfig
 .text.HAL_UART_Init
                0x08021d70       0xac Thirdparty\STM32G0xx_HAL_Driver\Src\stm32g0xx_hal_uart.o
                0x08021d70                HAL_UART_Init
 .text.HAL_UART_DeInit
                0x08021e1c       0x80 Thirdparty\STM32G0xx_HAL_Driver\Src\stm32g0xx_hal_uart.o
                0x08021e1c                HAL_UART_DeInit
 .text.HAL_UART_MspDeInit
                0x08021e9c       0x10 Thirdparty\STM32G0xx_HAL_Driver\Src\stm32g0xx_hal_uart.o
                0x08021e9c                HAL_UART_MspDeInit
 .text.HAL_UART_Transmit
                0x08021eac      0x138 Thirdparty\STM32G0xx_HAL_Driver\Src\stm32g0xx_hal_uart.o
                0x08021eac                HAL_UART_Transmit
 .text.HAL_UART_Transmit_IT
                0x08021fe4      0x150 Thirdparty\STM32G0xx_HAL_Driver\Src\stm32g0xx_hal_uart.o
                0x08021fe4                HAL_UART_Transmit_IT
 .text.HAL_UART_Receive_IT
                0x08022134       0xcc Thirdparty\STM32G0xx_HAL_Driver\Src\stm32g0xx_hal_uart.o
                0x08022134                HAL_UART_Receive_IT
 .text.HAL_UART_DMAStop
                0x08022200      0x128 Thirdparty\STM32G0xx_HAL_Driver\Src\stm32g0xx_hal_uart.o
                0x08022200                HAL_UART_DMAStop
 .text.HAL_UART_IRQHandler
                0x08022328      0x64c Thirdparty\STM32G0xx_HAL_Driver\Src\stm32g0xx_hal_uart.o
                0x08022328                HAL_UART_IRQHandler
 .text.HAL_UART_RxHalfCpltCallback
                0x08022974       0x10 Thirdparty\STM32G0xx_HAL_Driver\Src\stm32g0xx_hal_uart.o
                0x08022974                HAL_UART_RxHalfCpltCallback
 .text.UART_SetConfig
                0x08022984      0x6ac Thirdparty\STM32G0xx_HAL_Driver\Src\stm32g0xx_hal_uart.o
                0x08022984                UART_SetConfig
 .text.UART_AdvFeatureConfig
                0x08023030      0x168 Thirdparty\STM32G0xx_HAL_Driver\Src\stm32g0xx_hal_uart.o
                0x08023030                UART_AdvFeatureConfig
 .text.UART_CheckIdleState
                0x08023198       0x9c Thirdparty\STM32G0xx_HAL_Driver\Src\stm32g0xx_hal_uart.o
                0x08023198                UART_CheckIdleState
 .text.UART_WaitOnFlagUntilTimeout
                0x08023234      0x190 Thirdparty\STM32G0xx_HAL_Driver\Src\stm32g0xx_hal_uart.o
                0x08023234                UART_WaitOnFlagUntilTimeout
 .text.UART_Start_Receive_IT
                0x080233c4      0x248 Thirdparty\STM32G0xx_HAL_Driver\Src\stm32g0xx_hal_uart.o
                0x080233c4                UART_Start_Receive_IT
 .text.UART_Start_Receive_DMA