Archive member included to satisfy reference by file (symbol)

C:/ST/STM32CubeIDE_1.17.0/STM32CubeIDE/plugins/com.st.stm32cube.ide.mcu.externaltools.gnu-tools-for-stm32.12.3.rel1.win32_1.1.0.202410251130/tools/bin/../lib/gcc/arm-none-eabi/12.3.1/../../../../arm-none-eabi/lib/thumb/v6-m/nofp\libc.a(libc_a-atof.o)
                              BOS\BOS_CLI.o (atof)
C:/ST/STM32CubeIDE_1.17.0/STM32CubeIDE/plugins/com.st.stm32cube.ide.mcu.externaltools.gnu-tools-for-stm32.12.3.rel1.win32_1.1.0.202410251130/tools/bin/../lib/gcc/arm-none-eabi/12.3.1/../../../../arm-none-eabi/lib/thumb/v6-m/nofp\libc.a(libc_a-atoi.o)
                              BOS\BOS_CLIcommands.o (atoi)
C:/ST/STM32CubeIDE_1.17.0/STM32CubeIDE/plugins/com.st.stm32cube.ide.mcu.externaltools.gnu-tools-for-stm32.12.3.rel1.win32_1.1.0.202410251130/tools/bin/../lib/gcc/arm-none-eabi/12.3.1/../../../../arm-none-eabi/lib/thumb/v6-m/nofp\libc.a(libc_a-atol.o)
                              BOS\BOS.o (atol)
C:/ST/STM32CubeIDE_1.17.0/STM32CubeIDE/plugins/com.st.stm32cube.ide.mcu.externaltools.gnu-tools-for-stm32.12.3.rel1.win32_1.1.0.202410251130/tools/bin/../lib/gcc/arm-none-eabi/12.3.1/../../../../arm-none-eabi/lib/thumb/v6-m/nofp\libc.a(libc_a-exit.o)
                              C:/ST/STM32CubeIDE_1.17.0/STM32CubeIDE/plugins/com.st.stm32cube.ide.mcu.externaltools.gnu-tools-for-stm32.12.3.rel1.win32_1.1.0.202410251130/tools/bin/../lib/gcc/arm-none-eabi/12.3.1/../../../../arm-none-eabi/lib/thumb/v6-m/nofp/crt0.o (exit)
C:/ST/STM32CubeIDE_1.17.0/STM32CubeIDE/plugins/com.st.stm32cube.ide.mcu.externaltools.gnu-tools-for-stm32.12.3.rel1.win32_1.1.0.202410251130/tools/bin/../lib/gcc/arm-none-eabi/12.3.1/../../../../arm-none-eabi/lib/thumb/v6-m/nofp\libc.a(libc_a-malloc.o)
                              BOS\BOS.o (malloc)
C:/ST/STM32CubeIDE_1.17.0/STM32CubeIDE/plugins/com.st.stm32cube.ide.mcu.externaltools.gnu-tools-for-stm32.12.3.rel1.win32_1.1.0.202410251130/tools/bin/../lib/gcc/arm-none-eabi/12.3.1/../../../../arm-none-eabi/lib/thumb/v6-m/nofp\libc.a(libc_a-mallocr.o)
                              C:/ST/STM32CubeIDE_1.17.0/STM32CubeIDE/plugins/com.st.stm32cube.ide.mcu.externaltools.gnu-tools-for-stm32.12.3.rel1.win32_1.1.0.202410251130/tools/bin/../lib/gcc/arm-none-eabi/12.3.1/../../../../arm-none-eabi/lib/thumb/v6-m/nofp\libc.a(libc_a-malloc.o) (_malloc_r)
C:/ST/STM32CubeIDE_1.17.0/STM32CubeIDE/plugins/com.st.stm32cube.ide.mcu.externaltools.gnu-tools-for-stm32.12.3.rel1.win32_1.1.0.202410251130/tools/bin/../lib/gcc/arm-none-eabi/12.3.1/../../../../arm-none-eabi/lib/thumb/v6-m/nofp\libc.a(libc_a-mlock.o)
                              C:/ST/STM32CubeIDE_1.17.0/STM32CubeIDE/plugins/com.st.stm32cube.ide.mcu.externaltools.gnu-tools-for-stm32.12.3.rel1.win32_1.1.0.202410251130/tools/bin/../lib/gcc/arm-none-eabi/12.3.1/../../../../arm-none-eabi/lib/thumb/v6-m/nofp\libc.a(libc_a-mallocr.o) (__malloc_lock)
C:/ST/STM32CubeIDE_1.17.0/STM32CubeIDE/plugins/com.st.stm32cube.ide.mcu.externaltools.gnu-tools-for-stm32.12.3.rel1.win32_1.1.0.202410251130/tools/bin/../lib/gcc/arm-none-eabi/12.3.1/../../../../arm-none-eabi/lib/thumb/v6-m/nofp\libc.a(libc_a-rand.o)
                              BOS\BOS_CLIcommands.o (rand)
C:/ST/STM32CubeIDE_1.17.0/STM32CubeIDE/plugins/com.st.stm32cube.ide.mcu.externaltools.gnu-tools-for-stm32.12.3.rel1.win32_1.1.0.202410251130/tools/bin/../lib/gcc/arm-none-eabi/12.3.1/../../../../arm-none-eabi/lib/thumb/v6-m/nofp\libc.a(libc_a-realloc.o)
                              BOS\BOS_CLI.o (realloc)
C:/ST/STM32CubeIDE_1.17.0/STM32CubeIDE/plugins/com.st.stm32cube.ide.mcu.externaltools.gnu-tools-for-stm32.12.3.rel1.win32_1.1.0.202410251130/tools/bin/../lib/gcc/arm-none-eabi/12.3.1/../../../../arm-none-eabi/lib/thumb/v6-m/nofp\libc.a(libc_a-reallocr.o)
                              C:/ST/STM32CubeIDE_1.17.0/STM32CubeIDE/plugins/com.st.stm32cube.ide.mcu.externaltools.gnu-tools-for-stm32.12.3.rel1.win32_1.1.0.202410251130/tools/bin/../lib/gcc/arm-none-eabi/12.3.1/../../../../arm-none-eabi/lib/thumb/v6-m/nofp\libc.a(libc_a-realloc.o) (_realloc_r)
C:/ST/STM32CubeIDE_1.17.0/STM32CubeIDE/plugins/com.st.stm32cube.ide.mcu.externaltools.gnu-tools-for-stm32.12.3.rel1.win32_1.1.0.202410251130/tools/bin/../lib/gcc/arm-none-eabi/12.3.1/../../../../arm-none-eabi/lib/thumb/v6-m/nofp\libc.a(libc_a-strtod.o)
                              C:/ST/STM32CubeIDE_1.17.0/STM32CubeIDE/plugins/com.st.stm32cube.ide.mcu.externaltools.gnu-tools-for-stm32.12.3.rel1.win32_1.1.0.202410251130/tools/bin/../lib/gcc/arm-none-eabi/12.3.1/../../../../arm-none-eabi/lib/thumb/v6-m/nofp\libc.a(libc_a-atof.o) (strtod)
C:/ST/STM32CubeIDE_1.17.0/STM32CubeIDE/plugins/com.st.stm32cube.ide.mcu.externaltools.gnu-tools-for-stm32.12.3.rel1.win32_1.1.0.202410251130/tools/bin/../lib/gcc/arm-none-eabi/12.3.1/../../../../arm-none-eabi/lib/thumb/v6-m/nofp\libc.a(libc_a-strtol.o)
[...]
Memory Configuration

Name             Origin             Length             Attributes
RAM              0x20000000         0x00024000         xrw
FLASH            0x08000000         0x00080000         xr
*default*        0x00000000         0xffffffff

Linker script and memory map

LOAD C:/ST/STM32CubeIDE_1.17.0/STM32CubeIDE/plugins/com.st.stm32cube.ide.mcu.externaltools.gnu-tools-for-stm32.12.3.rel1.win32_1.1.0.202410251130/tools/bin/../lib/gcc/arm-none-eabi/12.3.1/thumb/v6-m/nofp/crti.o
LOAD C:/ST/STM32CubeIDE_1.17.0/STM32CubeIDE/plugins/com.st.stm32cube.ide.mcu.externaltools.gnu-tools-for-stm32.12.3.rel1.win32_1.1.0.202410251130/tools/bin/../lib/gcc/arm-none-eabi/12.3.1/thumb/v6-m/nofp/crtbegin.o
LOAD C:/ST/STM32CubeIDE_1.17.0/STM32CubeIDE/plugins/com.st.stm32cube.ide.mcu.externaltools.gnu-tools-for-stm32.12.3.rel1.win32_1.1.0.202410251130/tools/bin/../lib/gcc/arm-none-eabi/12.3.1/../../../../arm-none-eabi/lib/thumb/v6-m/nofp/crt0.o
LOAD BOS\BOS.o
LOAD BOS\BOS_CLI.o
LOAD BOS\BOS_CLIcommands.o
LOAD BOS\BOS_dma.o
LOAD BOS\BOS_freertos.o
LOAD BOS\BOS_messaging.o
LOAD BOS\BOS_msgparser.o
LOAD H0AR9\H0AR9.o
LOAD H0AR9\H0AR9_dma.o
LOAD H0AR9\H0AR9_eeprom.o
LOAD H0AR9\H0AR9_gpio.o
LOAD H0AR9\H0AR9_i2c.o
LOAD H0AR9\H0AR9_inputs.o
LOAD H0AR9\H0AR9_it.o
LOAD H0AR9\H0AR9_rtc.o
LOAD H0AR9\H0AR9_timers.o
LOAD H0AR9\H0AR9_uart.o
LOAD H0AR9\startup_stm32g0b1ceuxn.o
LOAD Thirdparty\CMSIS\STM32G0xx\Device\ST\STM32G0xx\Source\Templates\system_stm32g0xx.o
LOAD Thirdparty\EEPROM_Emul\Core\eeprom_emul.o
LOAD Thirdparty\EEPROM_Emul\Porting\STM32G0\flash_interface.o
LOAD Thirdparty\Middleware\STM32G0xx\FreeRTOS\Source\CMSIS_RTOS\cmsis_os.o
LOAD Thirdparty\Middleware\STM32G0xx\FreeRTOS\Source\FreeRTOS_CLI.o
LOAD Thirdparty\Middleware\STM32G0xx\FreeRTOS\Source\croutine.o
LOAD Thirdparty\Middleware\STM32G0xx\FreeRTOS\Source\event_groups.o
LOAD Thirdparty\Middleware\STM32G0xx\FreeRTOS\Source\list.o
LOAD Thirdparty\Middleware\STM32G0xx\FreeRTOS\Source\portable\GCC\ARM_CM0\port.o
LOAD Thirdparty\Middleware\STM32G0xx\FreeRTOS\Source\portable\MemMang\heap_4.o
LOAD Thirdparty\Middleware\STM32G0xx\FreeRTOS\Source\queue.o
LOAD Thirdparty\Middleware\STM32G0xx\FreeRTOS\Source\stream_buffer.o
LOAD Thirdparty\Middleware\STM32G0xx\FreeRTOS\Source\tasks.o
LOAD Thirdparty\Middleware\STM32G0xx\FreeRTOS\Source\timers.o
LOAD Thirdparty\STM32G0xx_HAL_Driver\Src\stm32g0xx_hal.o
LOAD Thirdparty\STM32G0xx_HAL_Driver\Src\stm32g0xx_hal_adc.o
LOAD Thirdparty\STM32G0xx_HAL_Driver\Src\stm32g0xx_hal_adc_ex.o
LOAD Thirdparty\STM32G0xx_HAL_Driver\Src\stm32g0xx_hal_cec.o
LOAD Thirdparty\STM32G0xx_HAL_Driver\Src\stm32g0xx_hal_comp.o
LOAD Thirdparty\STM32G0xx_HAL_Driver\Src\stm32g0xx_hal_cortex.o
LOAD Thirdparty\STM32G0xx_HAL_Driver\Src\stm32g0xx_hal_crc.o
LOAD Thirdparty\STM32G0xx_HAL_Driver\Src\stm32g0xx_hal_crc_ex.o
LOAD Thirdparty\STM32G0xx_HAL_Driver\Src\stm32g0xx_hal_cryp.o
LOAD Thirdparty\STM32G0xx_HAL_Driver\Src\stm32g0xx_hal_cryp_ex.o
LOAD Thirdparty\STM32G0xx_HAL_Driver\Src\stm32g0xx_hal_dac.o
LOAD Thirdparty\STM32G0xx_HAL_Driver\Src\stm32g0xx_hal_dac_ex.o
LOAD Thirdparty\STM32G0xx_HAL_Driver\Src\stm32g0xx_hal_dma.o
LOAD Thirdparty\STM32G0xx_HAL_Driver\Src\stm32g0xx_hal_dma_ex.o
LOAD Thirdparty\STM32G0xx_HAL_Driver\Src\stm32g0xx_hal_exti.o
LOAD Thirdparty\STM32G0xx_HAL_Driver\Src\stm32g0xx_hal_fdcan.o
LOAD Thirdparty\STM32G0xx_HAL_Driver\Src\stm32g0xx_hal_flash.o
LOAD Thirdparty\STM32G0xx_HAL_Driver\Src\stm32g0xx_hal_flash_ex.o
LOAD Thirdparty\STM32G0xx_HAL_Driver\Src\stm32g0xx_hal_gpio.o
LOAD Thirdparty\STM32G0xx_HAL_Driver\Src\stm32g0xx_hal_hcd.o
LOAD Thirdparty\STM32G0xx_HAL_Driver\Src\stm32g0xx_hal_i2c.o
LOAD Thirdparty\STM32G0xx_HAL_Driver\Src\stm32g0xx_hal_i2c_ex.o
LOAD Thirdparty\STM32G0xx_HAL_Driver\Src\stm32g0xx_hal_i2s.o
LOAD Thirdparty\STM32G0xx_HAL_Driver\Src\stm32g0xx_hal_irda.o
LOAD Thirdparty\STM32G0xx_HAL_Driver\Src\stm32g0xx_hal_iwdg.o
LOAD Thirdparty\STM32G0xx_HAL_Driver\Src\stm32g0xx_hal_lptim.o
LOAD Thirdparty\STM32G0xx_HAL_Driver\Src\stm32g0xx_hal_msp_template.o
LOAD Thirdparty\STM32G0xx_HAL_Driver\Src\stm32g0xx_hal_pcd.o
LOAD Thirdparty\STM32G0xx_HAL_Driver\Src\stm32g0xx_hal_pcd_ex.o
LOAD Thirdparty\STM32G0xx_HAL_Driver\Src\stm32g0xx_hal_pwr.o
LOAD Thirdparty\STM32G0xx_HAL_Driver\Src\stm32g0xx_hal_pwr_ex.o
LOAD Thirdparty\STM32G0xx_HAL_Driver\Src\stm32g0xx_hal_rcc.o
LOAD Thirdparty\STM32G0xx_HAL_Driver\Src\stm32g0xx_hal_rcc_ex.o
LOAD Thirdparty\STM32G0xx_HAL_Driver\Src\stm32g0xx_hal_rng.o
LOAD Thirdparty\STM32G0xx_HAL_Driver\Src\stm32g0xx_hal_rtc.o
LOAD Thirdparty\STM32G0xx_HAL_Driver\Src\stm32g0xx_hal_rtc_ex.o
LOAD Thirdparty\STM32G0xx_HAL_Driver\Src\stm32g0xx_hal_smartcard.o
LOAD Thirdparty\STM32G0xx_HAL_Driver\Src\stm32g0xx_hal_smartcard_ex.o
LOAD Thirdparty\STM32G0xx_HAL_Driver\Src\stm32g0xx_hal_smbus.o
LOAD Thirdparty\STM32G0xx_HAL_Driver\Src\stm32g0xx_hal_smbus_ex.o
LOAD Thirdparty\STM32G0xx_HAL_Driver\Src\stm32g0xx_hal_spi.o
LOAD Thirdparty\STM32G0xx_HAL_Driver\Src\stm32g0xx_hal_spi_ex.o
LOAD Thirdparty\STM32G0xx_HAL_Driver\Src\stm32g0xx_hal_tim.o
LOAD Thirdparty\STM32G0xx_HAL_Driver\Src\stm32g0xx_hal_tim_ex.o
LOAD Thirdparty\STM32G0xx_HAL_Driver\Src\stm32g0xx_hal_uart.o
LOAD Thirdparty\STM32G0xx_HAL_Driver\Src\stm32g0xx_hal_uart_ex.o
LOAD Thirdparty\STM32G0xx_HAL_Driver\Src\stm32g0xx_hal_usart.o
LOAD Thirdparty\STM32G0xx_HAL_Driver\Src\stm32g0xx_hal_usart_ex.o
LOAD Thirdparty\STM32G0xx_HAL_Driver\Src\stm32g0xx_hal_wwdg.o
LOAD Thirdparty\STM32G0xx_HAL_Driver\Src\stm32g0xx_ll_adc.o
LOAD Thirdparty\STM32G0xx_HAL_Driver\Src\stm32g0xx_ll_comp.o
LOAD Thirdparty\STM32G0xx_HAL_Driver\Src\stm32g0xx_ll_crc.o
LOAD Thirdparty\STM32G0xx_HAL_Driver\Src\stm32g0xx_ll_crs.o
LOAD Thirdparty\STM32G0xx_HAL_Driver\Src\stm32g0xx_ll_dac.o
LOAD Thirdparty\STM32G0xx_HAL_Driver\Src\stm32g0xx_ll_dma.o
LOAD Thirdparty\STM32G0xx_HAL_Driver\Src\stm32g0xx_ll_exti.o
LOAD Thirdparty\STM32G0xx_HAL_Driver\Src\stm32g0xx_ll_gpio.o
LOAD Thirdparty\STM32G0xx_HAL_Driver\Src\stm32g0xx_ll_i2c.o
LOAD Thirdparty\STM32G0xx_HAL_Driver\Src\stm32g0xx_ll_lptim.o
LOAD Thirdparty\STM32G0xx_HAL_Driver\Src\stm32g0xx_ll_lpuart.o
LOAD Thirdparty\STM32G0xx_HAL_Driver\Src\stm32g0xx_ll_pwr.o
LOAD Thirdparty\STM32G0xx_HAL_Driver\Src\stm32g0xx_ll_rcc.o
LOAD Thirdparty\STM32G0xx_HAL_Driver\Src\stm32g0xx_ll_rng.o
LOAD Thirdparty\STM32G0xx_HAL_Driver\Src\stm32g0xx_ll_rtc.o
LOAD Thirdparty\STM32G0xx_HAL_Driver\Src\stm32g0xx_ll_spi.o
LOAD Thirdparty\STM32G0xx_HAL_Driver\Src\stm32g0xx_ll_tim.o
LOAD Thirdparty\STM32G0xx_HAL_Driver\Src\stm32g0xx_ll_ucpd.o
LOAD Thirdparty\STM32G0xx_HAL_Driver\Src\stm32g0xx_ll_usart.o
LOAD Thirdparty\STM32G0xx_HAL_Driver\Src\stm32g0xx_ll_usb.o
LOAD Thirdparty\STM32G0xx_HAL_Driver\Src\stm32g0xx_ll_utils.o
LOAD User\main.o
LOAD syscalls.o
START GROUP
LOAD C:/ST/STM32CubeIDE_1.17.0/STM32CubeIDE/plugins/com.st.stm32cube.ide.mcu.externaltools.gnu-tools-for-stm32.12.3.rel1.win32_1.1.0.202410251130/tools/bin/../lib/gcc/arm-none-eabi/12.3.1/../../../../arm-none-eabi/lib/thumb/v6-m/nofp\libc.a
LOAD C:/ST/STM32CubeIDE_1.17.0/STM32CubeIDE/plugins/com.st.stm32cube.ide.mcu.externaltools.gnu-tools-for-stm32.12.3.rel1.win32_1.1.0.202410251130/tools/bin/../lib/gcc/arm-none-eabi/12.3.1/../../../../arm-none-eabi/lib/thumb/v6-m/nofp\libm.a
END GROUP
START GROUP
LOAD C:/ST/STM32CubeIDE_1.17.0/STM32CubeIDE/plugins/com.st.stm32cube.ide.mcu.externaltools.gnu-tools-for-stm32.12.3.rel1.win32_1.1.0.202410251130/tools/bin/../lib/gcc/arm-none-eabi/12.3.1/thumb/v6-m/nofp\libgcc.a
LOAD C:/ST/STM32CubeIDE_1.17.0/STM32CubeIDE/plugins/com.st.stm32cube.ide.mcu.externaltools.gnu-tools-for-stm32.12.3.rel1.win32_1.1.0.202410251130/tools/bin/../lib/gcc/arm-none-eabi/12.3.1/../../../../arm-none-eabi/lib/thumb/v6-m/nofp\libc.a
END GROUP
START GROUP
LOAD C:/ST/STM32CubeIDE_1.17.0/STM32CubeIDE/plugins/com.st.stm32cube.ide.mcu.externaltools.gnu-tools-for-stm32.12.3.rel1.win32_1.1.0.202410251130/tools/bin/../lib/gcc/arm-none-eabi/12.3.1/thumb/v6-m/nofp\libgcc.a
LOAD C:/ST/STM32CubeIDE_1.17.0/STM32CubeIDE/plugins/com.st.stm32cube.ide.mcu.externaltools.gnu-tools-for-stm32.12.3.rel1.win32_1.1.0.202410251130/tools/bin/../lib/gcc/arm-none-eabi/12.3.1/../../../../arm-none-eabi/lib/thumb/v6-m/nofp\libc.a
LOAD C:/ST/STM32CubeIDE_1.17.0/STM32CubeIDE/plugins/com.st.stm32cube.ide.mcu.externaltools.gnu-tools-for-stm32.12.3.rel1.win32_1.1.0.202410251130/tools/bin/../lib/gcc/arm-none-eabi/12.3.1/../../../../arm-none-eabi/lib/thumb/v6-m/nofp\libnosys.a
END GROUP
LOAD C:/ST/STM32CubeIDE_1.17.0/STM32CubeIDE/plugins/com.st.stm32cube.ide.mcu.externaltools.gnu-tools-for-stm32.12.3.rel1.win32_1.1.0.202410251130/tools/bin/../lib/gcc/arm-none-eabi/12.3.1/thumb/v6-m/nofp/crtend.o
LOAD C:/ST/STM32CubeIDE_1.17.0/STM32CubeIDE/plugins/com.st.stm32cube.ide.mcu.externaltools.gnu-tools-for-stm32.12.3.rel1.win32_1.1.0.202410251130/tools/bin/../lib/gcc/arm-none-eabi/12.3.1/thumb/v6-m/nofp/crtn.o
                0x20024000                        _estack = (ORIGIN (RAM) + LENGTH (RAM))
                0x00000200                        _Min_Heap_Size = 0x200
                0x00000400                        _Min_Stack_Size = 0x400

.isr_vector     0x08000000       0xbc
                0x08000000                        . = ALIGN (0x4)
 *(.isr_vector)
 .isr_vector    0x08000000       0xbc H0AR9\startup_stm32g0b1ceuxn.o
                0x08000000                g_pfnVectors
                0x080000bc                        . = ALIGN (0x4)

.text           0x080000c0    0x2c1a8
                0x080000c0                        . = ALIGN (0x4)
 *(.text)
 .text          0x080000c0       0x48 C:/ST/STM32CubeIDE_1.17.0/STM32CubeIDE/plugins/com.st.stm32cube.ide.mcu.externaltools.gnu-tools-for-stm32.12.3.rel1.win32_1.1.0.202410251130/tools/bin/../lib/gcc/arm-none-eabi/12.3.1/thumb/v6-m/nofp/crtbegin.o
 .text          0x08000108       0x14 C:/ST/STM32CubeIDE_1.17.0/STM32CubeIDE/plugins/com.st.stm32cube.ide.mcu.externaltools.gnu-tools-for-stm32.12.3.rel1.win32_1.1.0.202410251130/tools/bin/../lib/gcc/arm-none-eabi/12.3.1/../../../../arm-none-eabi/lib/thumb/v6-m/nofp\libc.a(libc_a-strcmp.o)
                0x08000108                strcmp
 .text          0x0800011c        0xe C:/ST/STM32CubeIDE_1.17.0/STM32CubeIDE/plugins/com.st.stm32cube.ide.mcu.externaltools.gnu-tools-for-stm32.12.3.rel1.win32_1.1.0.202410251130/tools/bin/../lib/gcc/arm-none-eabi/12.3.1/../../../../arm-none-eabi/lib/thumb/v6-m/nofp\libc.a(libc_a-strlen.o)
                0x0800011c                strlen
 *fill*         0x0800012a        0x2 
 .text          0x0800012c       0x14 C:/ST/STM32CubeIDE_1.17.0/STM32CubeIDE/plugins/com.st.stm32cube.ide.mcu.externaltools.gnu-tools-for-stm32.12.3.rel1.win32_1.1.0.202410251130/tools/bin/../lib/gcc/arm-none-eabi/12.3.1/thumb/v6-m/nofp\libgcc.a(_thumb1_case_uqi.o)
                0x0800012c                __gnu_thumb1_case_uqi
 .text          0x08000140       0x14 C:/ST/STM32CubeIDE_1.17.0/STM32CubeIDE/plugins/com.st.stm32cube.ide.mcu.externaltools.gnu-tools-for-stm32.12.3.rel1.win32_1.1.0.202410251130/tools/bin/../lib/gcc/arm-none-eabi/12.3.1/thumb/v6-m/nofp\libgcc.a(_thumb1_case_uhi.o)
                0x08000140                __gnu_thumb1_case_uhi
 .text          0x08000154      0x114 C:/ST/STM32CubeIDE_1.17.0/STM32CubeIDE/plugins/com.st.stm32cube.ide.mcu.externaltools.gnu-tools-for-stm32.12.3.rel1.win32_1.1.0.202410251130/tools/bin/../lib/gcc/arm-none-eabi/12.3.1/thumb/v6-m/nofp\libgcc.a(_udivsi3.o)
                0x08000154                __aeabi_uidiv
                0x08000154                __udivsi3
                0x08000260                __aeabi_uidivmod
 .text          0x08000268      0x1d4 C:/ST/STM32CubeIDE_1.17.0/STM32CubeIDE/plugins/com.st.stm32cube.ide.mcu.externaltools.gnu-tools-for-stm32.12.3.rel1.win32_1.1.0.202410251130/tools/bin/../lib/gcc/arm-none-eabi/12.3.1/thumb/v6-m/nofp\libgcc.a(_divsi3.o)
                0x08000268                __divsi3
                0x08000268                __aeabi_idiv
                0x08000434                __aeabi_idivmod
 .text          0x0800043c        0x4 C:/ST/STM32CubeIDE_1.17.0/STM32CubeIDE/plugins/com.st.stm32cube.ide.mcu.externaltools.gnu-tools-for-stm32.12.3.rel1.win32_1.1.0.202410251130/tools/bin/../lib/gcc/arm-none-eabi/12.3.1/thumb/v6-m/nofp\libgcc.a(_dvmd_tls.o)
                0x0800043c                __aeabi_idiv0
                0x0800043c                __aeabi_ldiv0
 .text          0x08000440       0x7c C:/ST/STM32CubeIDE_1.17.0/STM32CubeIDE/plugins/com.st.stm32cube.ide.mcu.externaltools.gnu-tools-for-stm32.12.3.rel1.win32_1.1.0.202410251130/tools/bin/../lib/gcc/arm-none-eabi/12.3.1/thumb/v6-m/nofp\libgcc.a(_arm_cmpdf2.o)
                0x08000440                __aeabi_cdrcmple
                0x08000450                __aeabi_cdcmple
                0x08000450                __aeabi_cdcmpeq
                0x08000460                __aeabi_dcmpeq
                0x0800046c                __aeabi_dcmplt
                0x08000480                __aeabi_dcmple
                0x08000494                __aeabi_dcmpgt
                0x080004a8                __aeabi_dcmpge
 .text          0x080004bc       0x74 C:/ST/STM32CubeIDE_1.17.0/STM32CubeIDE/plugins/com.st.stm32cube.ide.mcu.externaltools.gnu-tools-for-stm32.12.3.rel1.win32_1.1.0.202410251130/tools/bin/../lib/gcc/arm-none-eabi/12.3.1/thumb/v6-m/nofp\libgcc.a(_arm_cmpsf2.o)
                0x080004bc                __aeabi_cfrcmple
                0x080004c4                __aeabi_cfcmpeq
                0x080004c4                __aeabi_cfcmple
                0x080004d4                __aeabi_fcmpeq
                0x080004e0                __aeabi_fcmplt
                0x080004f4                __aeabi_fcmple
                0x08000508                __aeabi_fcmpgt
                0x0800051c                __aeabi_fcmpge
 .text          0x08000530       0x40 C:/ST/STM32CubeIDE_1.17.0/STM32CubeIDE/plugins/com.st.stm32cube.ide.mcu.externaltools.gnu-tools-for-stm32.12.3.rel1.win32_1.1.0.202410251130/tools/bin/../lib/gcc/arm-none-eabi/12.3.1/thumb/v6-m/nofp\libgcc.a(_aeabi_uldivmod.o)
                0x08000530                __aeabi_uldivmod
 .text          0x08000570       0x5c C:/ST/STM32CubeIDE_1.17.0/STM32CubeIDE/plugins/com.st.stm32cube.ide.mcu.externaltools.gnu-tools-for-stm32.12.3.rel1.win32_1.1.0.202410251130/tools/bin/../lib/gcc/arm-none-eabi/12.3.1/thumb/v6-m/nofp\libgcc.a(_muldi3.o)
                0x08000570                __muldi3
                0x08000570                __aeabi_lmul
 .text          0x080005cc       0x30 C:/ST/STM32CubeIDE_1.17.0/STM32CubeIDE/plugins/com.st.stm32cube.ide.mcu.externaltools.gnu-tools-for-stm32.12.3.rel1.win32_1.1.0.202410251130/tools/bin/../lib/gcc/arm-none-eabi/12.3.1/thumb/v6-m/nofp\libgcc.a(_fixunssfsi.o)
                0x080005cc                __fixunssfsi
                0x080005cc                __aeabi_f2uiz
 .text          0x080005fc       0x3c C:/ST/STM32CubeIDE_1.17.0/STM32CubeIDE/plugins/com.st.stm32cube.ide.mcu.externaltools.gnu-tools-for-stm32.12.3.rel1.win32_1.1.0.202410251130/tools/bin/../lib/gcc/arm-none-eabi/12.3.1/thumb/v6-m/nofp\libgcc.a(_fixunsdfsi.o)
                0x080005fc                __aeabi_d2uiz
                0x080005fc                __fixunsdfsi
 .text          0x08000638       0x38 C:/ST/STM32CubeIDE_1.17.0/STM32CubeIDE/plugins/com.st.stm32cube.ide.mcu.externaltools.gnu-tools-for-stm32.12.3.rel1.win32_1.1.0.202410251130/tools/bin/../lib/gcc/arm-none-eabi/12.3.1/thumb/v6-m/nofp\libgcc.a(_fixdfdi.o)
                0x08000638                __fixdfdi
                0x08000638                __aeabi_d2lz
 .text          0x08000670       0x3c C:/ST/STM32CubeIDE_1.17.0/STM32CubeIDE/plugins/com.st.stm32cube.ide.mcu.externaltools.gnu-tools-for-stm32.12.3.rel1.win32_1.1.0.202410251130/tools/bin/../lib/gcc/arm-none-eabi/12.3.1/thumb/v6-m/nofp\libgcc.a(_fixunsdfdi.o)
                0x08000670                __fixunsdfdi
                0x08000670                __aeabi_d2ulz
 .text          0x080006ac       0x2c C:/ST/STM32CubeIDE_1.17.0/STM32CubeIDE/plugins/com.st.stm32cube.ide.mcu.externaltools.gnu-tools-for-stm32.12.3.rel1.win32_1.1.0.202410251130/tools/bin/../lib/gcc/arm-none-eabi/12.3.1/thumb/v6-m/nofp\libgcc.a(_floatdidf.o)
                0x080006ac                __aeabi_l2d
                0x080006ac                __floatdidf
 .text          0x080006d8      0x198 C:/ST/STM32CubeIDE_1.17.0/STM32CubeIDE/plugins/com.st.stm32cube.ide.mcu.externaltools.gnu-tools-for-stm32.12.3.rel1.win32_1.1.0.202410251130/tools/bin/../lib/gcc/arm-none-eabi/12.3.1/thumb/v6-m/nofp\libgcc.a(_udivmoddi4.o)
                0x080006d8                __udivmoddi4
 .text          0x08000870      0x240 C:/ST/STM32CubeIDE_1.17.0/STM32CubeIDE/plugins/com.st.stm32cube.ide.mcu.externaltools.gnu-tools-for-stm32.12.3.rel1.win32_1.1.0.202410251130/tools/bin/../lib/gcc/arm-none-eabi/12.3.1/thumb/v6-m/nofp\libgcc.a(divsf3.o)
                0x08000870                __aeabi_fdiv
 .text          0x08000ab0       0x50 C:/ST/STM32CubeIDE_1.17.0/STM32CubeIDE/plugins/com.st.stm32cube.ide.mcu.externaltools.gnu-tools-for-stm32.12.3.rel1.win32_1.1.0.202410251130/tools/bin/../lib/gcc/arm-none-eabi/12.3.1/thumb/v6-m/nofp\libgcc.a(eqsf2.o)
                0x08000ab0                __eqsf2
                0x08000ab0                __nesf2
 .text          0x08000b00       0xa0 C:/ST/STM32CubeIDE_1.17.0/STM32CubeIDE/plugins/com.st.stm32cube.ide.mcu.externaltools.gnu-tools-for-stm32.12.3.rel1.win32_1.1.0.202410251130/tools/bin/../lib/gcc/arm-none-eabi/12.3.1/thumb/v6-m/nofp\libgcc.a(gesf2.o)
                0x08000b00                __gesf2
                0x08000b00                __gtsf2
 .text          0x08000ba0       0x9c C:/ST/STM32CubeIDE_1.17.0/STM32CubeIDE/plugins/com.st.stm32cube.ide.mcu.externaltools.gnu-tools-for-stm32.12.3.rel1.win32_1.1.0.202410251130/tools/bin/../lib/gcc/arm-none-eabi/12.3.1/thumb/v6-m/nofp\libgcc.a(lesf2.o)
                0x08000ba0                __ltsf2
                0x08000ba0                __lesf2
 .text          0x08000c3c      0x27c C:/ST/STM32CubeIDE_1.17.0/STM32CubeIDE/plugins/com.st.stm32cube.ide.mcu.externaltools.gnu-tools-for-stm32.12.3.rel1.win32_1.1.0.202410251130/tools/bin/../lib/gcc/arm-none-eabi/12.3.1/thumb/v6-m/nofp\libgcc.a(mulsf3.o)
                0x08000c3c                __aeabi_fmul
 .text          0x08000eb8      0x348 C:/ST/STM32CubeIDE_1.17.0/STM32CubeIDE/plugins/com.st.stm32cube.ide.mcu.externaltools.gnu-tools-for-stm32.12.3.rel1.win32_1.1.0.202410251130/tools/bin/../lib/gcc/arm-none-eabi/12.3.1/thumb/v6-m/nofp\libgcc.a(subsf3.o)
                0x08000eb8                __aeabi_fsub
 .text          0x08001200       0x40 C:/ST/STM32CubeIDE_1.17.0/STM32CubeIDE/plugins/com.st.stm32cube.ide.mcu.externaltools.gnu-tools-for-stm32.12.3.rel1.win32_1.1.0.202410251130/tools/bin/../lib/gcc/arm-none-eabi/12.3.1/thumb/v6-m/nofp\libgcc.a(fixsfsi.o)
                0x08001200                __aeabi_f2iz
 .text          0x08001240       0x98 C:/ST/STM32CubeIDE_1.17.0/STM32CubeIDE/plugins/com.st.stm32cube.ide.mcu.externaltools.gnu-tools-for-stm32.12.3.rel1.win32_1.1.0.202410251130/tools/bin/../lib/gcc/arm-none-eabi/12.3.1/thumb/v6-m/nofp\libgcc.a(floatsisf.o)
                0x08001240                __aeabi_i2f
 .text          0x080012d8       0x84 C:/ST/STM32CubeIDE_1.17.0/STM32CubeIDE/plugins/com.st.stm32cube.ide.mcu.externaltools.gnu-tools-for-stm32.12.3.rel1.win32_1.1.0.202410251130/tools/bin/../lib/gcc/arm-none-eabi/12.3.1/thumb/v6-m/nofp\libgcc.a(floatunsisf.o)
                0x080012d8                __aeabi_ui2f
 .text          0x0800135c      0x6c8 C:/ST/STM32CubeIDE_1.17.0/STM32CubeIDE/plugins/com.st.stm32cube.ide.mcu.externaltools.gnu-tools-for-stm32.12.3.rel1.win32_1.1.0.202410251130/tools/bin/../lib/gcc/arm-none-eabi/12.3.1/thumb/v6-m/nofp\libgcc.a(adddf3.o)
                0x0800135c                __aeabi_dadd
 .text          0x08001a24      0x634 C:/ST/STM32CubeIDE_1.17.0/STM32CubeIDE/plugins/com.st.stm32cube.ide.mcu.externaltools.gnu-tools-for-stm32.12.3.rel1.win32_1.1.0.202410251130/tools/bin/../lib/gcc/arm-none-eabi/12.3.1/thumb/v6-m/nofp\libgcc.a(divdf3.o)
                0x08001a24                __aeabi_ddiv
 .text          0x08002058       0x88 C:/ST/STM32CubeIDE_1.17.0/STM32CubeIDE/plugins/com.st.stm32cube.ide.mcu.externaltools.gnu-tools-for-stm32.12.3.rel1.win32_1.1.0.202410251130/tools/bin/../lib/gcc/arm-none-eabi/12.3.1/thumb/v6-m/nofp\libgcc.a(eqdf2.o)
                0x08002058                __nedf2
                0x08002058                __eqdf2
 .text          0x080020e0       0xe8 C:/ST/STM32CubeIDE_1.17.0/STM32CubeIDE/plugins/com.st.stm32cube.ide.mcu.externaltools.gnu-tools-for-stm32.12.3.rel1.win32_1.1.0.202410251130/tools/bin/../lib/gcc/arm-none-eabi/12.3.1/thumb/v6-m/nofp\libgcc.a(gedf2.o)
                0x080020e0                __gedf2
                0x080020e0                __gtdf2
 .text          0x080021c8       0xe4 C:/ST/STM32CubeIDE_1.17.0/STM32CubeIDE/plugins/com.st.stm32cube.ide.mcu.externaltools.gnu-tools-for-stm32.12.3.rel1.win32_1.1.0.202410251130/tools/bin/../lib/gcc/arm-none-eabi/12.3.1/thumb/v6-m/nofp\libgcc.a(ledf2.o)
                0x080021c8                __ledf2
                0x080021c8                __ltdf2
 .text          0x080022ac      0x590 C:/ST/STM32CubeIDE_1.17.0/STM32CubeIDE/plugins/com.st.stm32cube.ide.mcu.externaltools.gnu-tools-for-stm32.12.3.rel1.win32_1.1.0.202410251130/tools/bin/../lib/gcc/arm-none-eabi/12.3.1/thumb/v6-m/nofp\libgcc.a(muldf3.o)
                0x080022ac                __aeabi_dmul
 .text          0x0800283c      0x738 C:/ST/STM32CubeIDE_1.17.0/STM32CubeIDE/plugins/com.st.stm32cube.ide.mcu.externaltools.gnu-tools-for-stm32.12.3.rel1.win32_1.1.0.202410251130/tools/bin/../lib/gcc/arm-none-eabi/12.3.1/thumb/v6-m/nofp\libgcc.a(subdf3.o)
                0x0800283c                __aeabi_dsub
 .text          0x08002f74       0x44 C:/ST/STM32CubeIDE_1.17.0/STM32CubeIDE/plugins/com.st.stm32cube.ide.mcu.externaltools.gnu-tools-for-stm32.12.3.rel1.win32_1.1.0.202410251130/tools/bin/../lib/gcc/arm-none-eabi/12.3.1/thumb/v6-m/nofp\libgcc.a(unorddf2.o)
                0x08002f74                __aeabi_dcmpun
 .text          0x08002fb8       0x78 C:/ST/STM32CubeIDE_1.17.0/STM32CubeIDE/plugins/com.st.stm32cube.ide.mcu.externaltools.gnu-tools-for-stm32.12.3.rel1.win32_1.1.0.202410251130/tools/bin/../lib/gcc/arm-none-eabi/12.3.1/thumb/v6-m/nofp\libgcc.a(fixdfsi.o)
                0x08002fb8                __aeabi_d2iz
 .text          0x08003030       0x5c C:/ST/STM32CubeIDE_1.17.0/STM32CubeIDE/plugins/com.st.stm32cube.ide.mcu.externaltools.gnu-tools-for-stm32.12.3.rel1.win32_1.1.0.202410251130/tools/bin/../lib/gcc/arm-none-eabi/12.3.1/thumb/v6-m/nofp\libgcc.a(floatsidf.o)
                0x08003030                __aeabi_i2d
 .text          0x0800308c       0x48 C:/ST/STM32CubeIDE_1.17.0/STM32CubeIDE/plugins/com.st.stm32cube.ide.mcu.externaltools.gnu-tools-for-stm32.12.3.rel1.win32_1.1.0.202410251130/tools/bin/../lib/gcc/arm-none-eabi/12.3.1/thumb/v6-m/nofp\libgcc.a(floatunsidf.o)
                0x0800308c                __aeabi_ui2d
 .text          0x080030d4       0x90 C:/ST/STM32CubeIDE_1.17.0/STM32CubeIDE/plugins/com.st.stm32cube.ide.mcu.externaltools.gnu-tools-for-stm32.12.3.rel1.win32_1.1.0.202410251130/tools/bin/../lib/gcc/arm-none-eabi/12.3.1/thumb/v6-m/nofp\libgcc.a(extendsfdf2.o)
                0x080030d4                __aeabi_f2d
 .text          0x08003164      0x108 C:/ST/STM32CubeIDE_1.17.0/STM32CubeIDE/plugins/com.st.stm32cube.ide.mcu.externaltools.gnu-tools-for-stm32.12.3.rel1.win32_1.1.0.202410251130/tools/bin/../lib/gcc/arm-none-eabi/12.3.1/thumb/v6-m/nofp\libgcc.a(truncdfsf2.o)
                0x08003164                __aeabi_d2f
 .text          0x0800326c       0x3c C:/ST/STM32CubeIDE_1.17.0/STM32CubeIDE/plugins/com.st.stm32cube.ide.mcu.externaltools.gnu-tools-for-stm32.12.3.rel1.win32_1.1.0.202410251130/tools/bin/../lib/gcc/arm-none-eabi/12.3.1/thumb/v6-m/nofp\libgcc.a(_clzsi2.o)
                0x0800326c                __clzsi2
 .text          0x080032a8       0x18 C:/ST/STM32CubeIDE_1.17.0/STM32CubeIDE/plugins/com.st.stm32cube.ide.mcu.externaltools.gnu-tools-for-stm32.12.3.rel1.win32_1.1.0.202410251130/tools/bin/../lib/gcc/arm-none-eabi/12.3.1/thumb/v6-m/nofp\libgcc.a(_clzdi2.o)
                0x080032a8                __clzdi2
 *(.text*)
 .text.__NVIC_SystemReset
                0x080032c0       0x24 BOS\BOS.o
 .text.LoadEEvars
                0x080032e4       0x2a BOS\BOS.o
                0x080032e4                LoadEEvars
 *fill*         0x0800330e        0x2 
 .text.LoadROtopology
                0x08003310       0xfc BOS\BOS.o
                0x08003310                LoadROtopology
 .text.LoadEEportsDir
                0x0800340c       0x68 BOS\BOS.o
                0x0800340c                LoadEEportsDir
 .text.LoadEEalias
                0x08003474       0xd8 BOS\BOS.o
                0x08003474                LoadEEalias
 .text.LoadEEgroup
                0x0800354c      0x120 BOS\BOS.o
                0x0800354c                LoadEEgroup
 .text.LoadEEstreams
                0x0800366c      0x228 BOS\BOS.o
                0x0800366c                LoadEEstreams
 .text.LoadEEparams
                0x08003894      0x2e4 BOS\BOS.o
                0x08003894                LoadEEparams
 .text.LoadEEbuttons
                0x08003b78      0x124 BOS\BOS.o
                0x08003b78                LoadEEbuttons
 .text.LoadROsnippets
                0x08003c9c      0x1d8 BOS\BOS.o
                0x08003c9c                LoadROsnippets
 .text.SaveEEportsDir
                0x08003e74       0x78 BOS\BOS.o
                0x08003e74                SaveEEportsDir
 .text.SaveEEalias
                0x08003eec       0xd0 BOS\BOS.o
                0x08003eec                SaveEEalias
 .text.SaveEEstreams
                0x08003fbc       0xdc BOS\BOS.o
                0x08003fbc                SaveEEstreams
 .text.SaveEEparams
                0x08004098       0xb4 BOS\BOS.o
                0x08004098                SaveEEparams
 .text.ClearEEportsDir
                0x0800414c       0x84 BOS\BOS.o
                0x0800414c                ClearEEportsDir
 .text.IsLowerCLIbaud
                0x080041d0       0xe8 BOS\BOS.o
                0x080041d0                IsLowerCLIbaud
 .text.IsModuleParameter
                0x080042b8       0x64 BOS\BOS.o
                0x080042b8                IsModuleParameter
 .text.IsMathOperator
                0x0800431c       0xc4 BOS\BOS.o
                0x0800431c                IsMathOperator
 .text.BOS_Init
                0x080043e0      0x13c BOS\BOS.o
                0x080043e0                BOS_Init
 .text.Module_Init
                0x0800451c       0x1e BOS\BOS.o
                0x0800451c                Module_Init
 *fill*         0x0800453a        0x2 
 .text.Explore  0x0800453c      0xa14 BOS\BOS.o
                0x0800453c                Explore
 .text.ExploreNeighbors
                0x08004f50       0x90 BOS\BOS.o
                0x08004f50                ExploreNeighbors
 .text.FindBroadcastRoutes
                0x08004fe0      0x3b0 BOS\BOS.o
                0x08004fe0                FindBroadcastRoutes
 .text.FindRoute
                0x08005390      0x2d8 BOS\BOS.o
                0x08005390                FindRoute
 .text.minArr   0x08005668       0x88 BOS\BOS.o
                0x08005668                minArr
 .text.QnotEmpty
                0x080056f0       0x50 BOS\BOS.o
                0x080056f0                QnotEmpty
 .text.DisplayTopology
                0x08005740      0x258 BOS\BOS.o
                0x08005740                DisplayTopology
 .text.DisplayPortsDir
                0x08005998      0x118 BOS\BOS.o
                0x08005998                DisplayPortsDir
 .text.DisplayModuleStatus
                0x08005ab0      0x3b4 BOS\BOS.o
                0x08005ab0                DisplayModuleStatus
 .text.GetID    0x08005e64      0x15c BOS\BOS.o
                0x08005e64                GetID
 .text.NameModule
                0x08005fc0      0x140 BOS\BOS.o
                0x08005fc0                NameModule
 .text.AddModuleToGroup
                0x08006100      0x1b8 BOS\BOS.o
                0x08006100                AddModuleToGroup
 .text.WriteToRemote
                0x080062b8      0x418 BOS\BOS.o
                0x080062b8                WriteToRemote
 .text.GetDateString
                0x080066d0       0x5c BOS\BOS.o
                0x080066d0                GetDateString
 .text.Bridge   0x0800672c       0x4c BOS\BOS.o
                0x0800672c                Bridge
 .text.Unbridge
                0x08006778       0xbc BOS\BOS.o
                0x08006778                Unbridge
 .text.prvCLITask
                0x08006834      0x254 BOS\BOS_CLI.o
                0x08006834                prvCLITask
 .text.CLI_CommandParser
                0x08006a88      0x57c BOS\BOS_CLI.o
                0x08006a88                CLI_CommandParser
 .text.StringToLowerCase
                0x08007004       0x6c BOS\BOS_CLI.o
                0x08007004                StringToLowerCase
 .text.AddSnippet
                0x08007070      0x118 BOS\BOS_CLI.o
                0x08007070                AddSnippet
 .text.ParseSnippetCondition
                0x08007188      0x298 BOS\BOS_CLI.o
                0x08007188                ParseSnippetCondition
 .text.CheckSnippetCondition
                0x08007420      0x1cc BOS\BOS_CLI.o
                0x08007420                CheckSnippetCondition
 .text.ExecuteSnippet
                0x080075ec       0xdc BOS\BOS_CLI.o
                0x080075ec                ExecuteSnippet
 .text.ParseSnippetCommand
                0x080076c8       0xe0 BOS\BOS_CLI.o
                0x080076c8                ParseSnippetCommand
 .text.__NVIC_SystemReset
                0x080077a8       0x24 BOS\BOS_CLIcommands.o
 .text.RegisterUserCLICommands
                0x080077cc        0xa BOS\BOS_CLIcommands.o
                0x080077cc                RegisterUserCLICommands
 *fill*         0x080077d6        0x2 
 .text.vRegisterCLICommands
                0x080077d8      0x1a4 BOS\BOS_CLIcommands.o
                0x080077d8                vRegisterCLICommands
 .text.prvTaskStatsCommand
                0x0800797c       0x40 BOS\BOS_CLIcommands.o
 .text.prvRunTimeStatsCommand
                0x080079bc       0x40 BOS\BOS_CLIcommands.o
 .text.pingCommand
                0x080079fc       0x9c BOS\BOS_CLIcommands.o
 .text.bootloaderUpdateCommand
                0x08007a98      0x200 BOS\BOS_CLIcommands.o
 .text.exploreCommand
                0x08007c98       0xf8 BOS\BOS_CLIcommands.o
 .text.resetCommand
                0x08007d90       0x10 BOS\BOS_CLIcommands.o
 .text.nameCommand
                0x08007da0       0xe8 BOS\BOS_CLIcommands.o
 .text.groupCommand
                0x08007e88      0x2fc BOS\BOS_CLIcommands.o
 .text.statusCommand
                0x08008184       0x1c BOS\BOS_CLIcommands.o
 .text.infoCommand
                0x080081a0       0xfc BOS\BOS_CLIcommands.o
 .text.addbuttonCommand
                0x0800829c      0x150 BOS\BOS_CLIcommands.o
 .text.removebuttonCommand
                0x080083ec       0x94 BOS\BOS_CLIcommands.o
 .text.setCommand
                0x08008480      0xba8 BOS\BOS_CLIcommands.o
 .text.getCommand
                0x08009028      0x39c BOS\BOS_CLIcommands.o
 .text.defaultCommand
                0x080093c4       0xf8 BOS\BOS_CLIcommands.o
 .text.timeCommand
                0x080094bc       0xd8 BOS\BOS_CLIcommands.o
 .text.dateCommand
                0x08009594       0x34 BOS\BOS_CLIcommands.o
 .text.setBaudrateCommand
                0x080095c8       0xc0 BOS\BOS_CLIcommands.o
 .text.uuidCommand
                0x08009688       0x90 BOS\BOS_CLIcommands.o
 .text.idcodeCommand
                0x08009718       0x7c BOS\BOS_CLIcommands.o
 .text.flashsizeCommand
                0x08009794       0x34 BOS\BOS_CLIcommands.o
 .text.snipCommand
                0x080097c8      0x2dc BOS\BOS_CLIcommands.o
 .text.actSnipCommand
                0x08009aa4       0xb8 BOS\BOS_CLIcommands.o
 .text.pauseSnipCommand
                0x08009b5c       0xb8 BOS\BOS_CLIcommands.o
 .text.delSnipCommand
                0x08009c14      0x1d4 BOS\BOS_CLIcommands.o
 .text.bridgeCommand
                0x08009de8      0x11c BOS\BOS_CLIcommands.o
 .text.unbridgeCommand
                0x08009f04      0x11c BOS\BOS_CLIcommands.o
 .text.testportCommand
                0x0800a020      0x2d8 BOS\BOS_CLIcommands.o
 .text.ADCReadCommand
                0x0800a2f8      0x134 BOS\BOS_CLIcommands.o
 .text.ReadTempCommand
                0x0800a42c       0x54 BOS\BOS_CLIcommands.o
 .text.ReadVrefCommand
                0x0800a480       0x54 BOS\BOS_CLIcommands.o
 .text.GetReadPrecentageCommand
                0x0800a4d4       0x98 BOS\BOS_CLIcommands.o
 .text.StartDMAstream
                0x0800a56c       0xb0 BOS\BOS_dma.o
                0x0800a56c                StartDMAstream
 .text.DMA_IRQHandler
                0x0800a61c      0x118 BOS\BOS_dma.o
                0x0800a61c                DMA_IRQHandler
 .text.ResetUartORE
                0x0800a734       0x54 BOS\BOS_dma.o
                0x0800a734                ResetUartORE
 .text.MX_FREERTOS_Init
                0x0800a788      0x260 BOS\BOS_freertos.o
                0x0800a788                MX_FREERTOS_Init
 .text.StartDefaultTask
                0x0800a9e8      0x108 BOS\BOS_freertos.o
                0x0800a9e8                StartDefaultTask
 .text.vMainConfigureTimerForRunTimeStats
                0x0800aaf0       0x2c BOS\BOS_freertos.o
                0x0800aaf0                vMainConfigureTimerForRunTimeStats
 .text.ulMainGetRunTimeCounterValue
                0x0800ab1c       0x9c BOS\BOS_freertos.o
                0x0800ab1c                ulMainGetRunTimeCounterValue
 .text.SetupDMAStreams
                0x0800abb8      0x3c8 BOS\BOS_messaging.o
                0x0800abb8                SetupDMAStreams
 .text.StreamTimerCallback
                0x0800af80       0xa4 BOS\BOS_messaging.o
                0x0800af80                StreamTimerCallback
 .text.ForwardReceivedMessage
                0x0800b024       0x8c BOS\BOS_messaging.o
                0x0800b024                ForwardReceivedMessage
 .text.BroadcastReceivedMessage
                0x0800b0b0       0x70 BOS\BOS_messaging.o
                0x0800b0b0                BroadcastReceivedMessage
 .text.NotifyMessagingTask
                0x0800b120       0xa4 BOS\BOS_messaging.o
                0x0800b120                NotifyMessagingTask
 .text.BroadcastMessage
                0x0800b1c4       0x94 BOS\BOS_messaging.o
                0x0800b1c4                BroadcastMessage
 .text.SendMessageToModule
                0x0800b258       0xa4 BOS\BOS_messaging.o
                0x0800b258                SendMessageToModule
 .text.SendLargeMessageToModule
                0x0800b2fc      0x10c BOS\BOS_messaging.o
                0x0800b2fc                SendLargeMessageToModule
 .text.SendMessageFromPort
                0x0800b408      0x4e0 BOS\BOS_messaging.o
                0x0800b408                SendMessageFromPort
 .text.StartScastDMAStream
                0x0800b8e8      0x314 BOS\BOS_messaging.o
                0x0800b8e8                StartScastDMAStream
 .text.__NVIC_SystemReset
                0x0800bbfc       0x24 BOS\BOS_msgparser.o
 .text.BackEndTask
                0x0800bc20      0xbb8 BOS\BOS_msgparser.o
                0x0800bc20                BackEndTask
 .text.PxMessagingTask
                0x0800c7d8     0x48e4 BOS\BOS_msgparser.o
                0x0800c7d8                PxMessagingTask
 .text.User_MessagingParser
                0x080110bc       0x3a BOS\BOS_msgparser.o
                0x080110bc                User_MessagingParser
 .text.SystemClock_Config
                0x080110f6       0xb4 H0AR9\H0AR9.o
                0x080110f6                SystemClock_Config
 *fill*         0x080111aa        0x2 
 .text.EnableStopModebyUARTx
                0x080111ac       0xb8 H0AR9\H0AR9.o
                0x080111ac                EnableStopModebyUARTx
 .text.EnableStandbyModebyWakeupPinx
                0x08011264       0x64 H0AR9\H0AR9.o
                0x08011264                EnableStandbyModebyWakeupPinx
 .text.DisableStandbyModeWakeupPinx
                0x080112c8       0x9c H0AR9\H0AR9.o
                0x080112c8                DisableStandbyModeWakeupPinx
 .text.SaveTopologyToRO
                0x08011364      0x1bc H0AR9\H0AR9.o
                0x08011364                SaveTopologyToRO
 .text.SaveSnippetsToRO
                0x08011520      0x1f8 H0AR9\H0AR9.o
                0x08011520                SaveSnippetsToRO
 .text.ClearROtopology
                0x08011718       0x38 H0AR9\H0AR9.o
                0x08011718                ClearROtopology
 .text.RemoteBootloaderUpdate
                0x08011750      0x178 H0AR9\H0AR9.o
                0x08011750                RemoteBootloaderUpdate
 .text.SetupPortForRemoteBootloaderUpdate
                0x080118c8       0x52 H0AR9\H0AR9.o
                0x080118c8                SetupPortForRemoteBootloaderUpdate
 *fill*         0x0801191a        0x2 
 .text.Module_Peripheral_Init
                0x0801191c      0x15c H0AR9\H0AR9.o
                0x0801191c                Module_Peripheral_Init
 .text.Module_MessagingTask
                0x08011a78      0x7d0 H0AR9\H0AR9.o
                0x08011a78                Module_MessagingTask
 .text.GetPort  0x08012248       0x80 H0AR9\H0AR9.o
                0x08012248                GetPort
 .text.RegisterModuleCLICommands
                0x080122c8       0x24 H0AR9\H0AR9.o
                0x080122c8                RegisterModuleCLICommands
 .text.GetModuleParameter
                0x080122ec      0x188 H0AR9\H0AR9.o
                0x080122ec                GetModuleParameter
 .text.StreamTimeCallback
                0x08012474       0xcc H0AR9\H0AR9.o
                0x08012474                StreamTimeCallback
 .text.WriteRegData
                0x08012540       0x9c H0AR9\H0AR9.o
                0x08012540                WriteRegData
 .text.Read_Word
                0x080125dc      0x10c H0AR9\H0AR9.o
                0x080125dc                Read_Word
 .text.APDS9950_init
                0x080126e8       0xa8 H0AR9\H0AR9.o
                0x080126e8                APDS9950_init
 .text.PollingSleepCLISafe
                0x08012790      0x100 H0AR9\H0AR9.o
 .text.SampleColorToString
                0x08012890       0x80 H0AR9\H0AR9.o
                0x08012890                SampleColorToString
 .text.SampleDistanceToString
                0x08012910       0x40 H0AR9\H0AR9.o
                0x08012910                SampleDistanceToString
 .text.SampleTemperatureToString
                0x08012950      0x10c H0AR9\H0AR9.o
                0x08012950                SampleTemperatureToString
 .text.SampleHumidityToString
                0x08012a5c      0x10c H0AR9\H0AR9.o
                0x08012a5c                SampleHumidityToString
 .text.SamplePIRToString
                0x08012b68       0x3c H0AR9\H0AR9.o
                0x08012b68                SamplePIRToString
 .text.StreamToCLI
                0x08012ba4      0x178 H0AR9\H0AR9.o
 .text.SampleToTerminal
                0x08012d1c      0x41c H0AR9\H0AR9.o
                0x08012d1c                SampleToTerminal
 .text.SampleColor
                0x08013138       0x74 H0AR9\H0AR9.o
                0x08013138                SampleColor
 .text.SampleDistance
                0x080131ac      0x25c H0AR9\H0AR9.o
                0x080131ac                SampleDistance
 .text.SamplePIR
                0x08013408       0x40 H0AR9\H0AR9.o
                0x08013408                SamplePIR
 .text.SampleTemperature
                0x08013448       0xf4 H0AR9\H0AR9.o
                0x08013448                SampleTemperature
 .text.SampleHumidity
                0x0801353c       0xd0 H0AR9\H0AR9.o
                0x0801353c                SampleHumidity
 .text.SampleToPort
                0x0801360c      0x3b0 H0AR9\H0AR9.o
                0x0801360c                SampleToPort
 .text.StreamToPort
                0x080139bc       0xfc H0AR9\H0AR9.o
                0x080139bc                StreamToPort
 .text.SampleSensorCommand
                0x08013ab8      0x144 H0AR9\H0AR9.o
 .text.StreamCommandParser
                0x08013bfc      0x116 H0AR9\H0AR9.o
 *fill*         0x08013d12        0x2 
 .text.StreamSensorCommand
                0x08013d14      0x268 H0AR9\H0AR9.o
 .text.DMA_Init
                0x08013f7c       0x74 H0AR9\H0AR9_dma.o
                0x08013f7c                DMA_Init
 .text.SetupMessagingRxDMAs
                0x08013ff0      0x11c H0AR9\H0AR9_dma.o
                0x08013ff0                SetupMessagingRxDMAs
 .text.DMA_MSG_RX_Setup
                0x0801410c       0x68 H0AR9\H0AR9_dma.o
                0x0801410c                DMA_MSG_RX_Setup
 .text.DMA_STREAM_Setup
                0x08014174       0xf0 H0AR9\H0AR9_dma.o
                0x08014174                DMA_STREAM_Setup
 .text.StopDMA  0x08014264       0x98 H0AR9\H0AR9_dma.o
                0x08014264                StopDMA
 .text.SwitchMsgDMAToStream
                0x080142fc       0x52 H0AR9\H0AR9_dma.o
                0x080142fc                SwitchMsgDMAToStream
 *fill*         0x0801434e        0x2 
 .text.SwitchStreamDMAToMsg
                0x08014350       0xc8 H0AR9\H0AR9_dma.o
                0x08014350                SwitchStreamDMAToMsg
 .text.CRC_Init
                0x08014418       0x44 H0AR9\H0AR9_dma.o
                0x08014418                CRC_Init
 .text.HAL_CRC_MspInit
                0x0801445c       0x30 H0AR9\H0AR9_dma.o
                0x0801445c                HAL_CRC_MspInit
 .text.CalculateCRC8
                0x0801448c      0x154 H0AR9\H0AR9_dma.o
                0x0801448c                CalculateCRC8
 .text.__NVIC_SystemReset
                0x080145e0       0x24 H0AR9\H0AR9_eeprom.o
 .text.EE_Init  0x08014604       0x56 H0AR9\H0AR9_eeprom.o
                0x08014604                EE_Init
 .text.EE_ReadVariable
                0x0801465a       0x42 H0AR9\H0AR9_eeprom.o
                0x0801465a                EE_ReadVariable
 .text.EE_WriteVariable
                0x0801469c       0x72 H0AR9\H0AR9_eeprom.o
                0x0801469c                EE_WriteVariable
 .text.EE_Format
                0x0801470e       0x3a H0AR9\H0AR9_eeprom.o
                0x0801470e                EE_Format
 .text.EE_FormatForFactoryReset
                0x08014748       0x2c H0AR9\H0AR9_eeprom.o
                0x08014748                EE_FormatForFactoryReset
 .text.GPIO_Init
                0x08014774       0x90 H0AR9\H0AR9_gpio.o
                0x08014774                GPIO_Init
 .text.IND_LED_Init
                0x08014804       0x38 H0AR9\H0AR9_gpio.o
                0x08014804                IND_LED_Init
 .text.SENSORS_GPIO_Init
                0x0801483c       0x7c H0AR9\H0AR9_gpio.o
                0x0801483c                SENSORS_GPIO_Init
 .text.IsFactoryReset
                0x080148b8      0x15c H0AR9\H0AR9_gpio.o
                0x080148b8                IsFactoryReset
 .text.GetPortGPIOs
                0x08014a14      0x144 H0AR9\H0AR9_gpio.o
                0x08014a14                GetPortGPIOs
 .text.MX_I2C_Init
                0x08014b58       0x48 H0AR9\H0AR9_i2c.o
                0x08014b58                MX_I2C_Init
 .text.MX_I2C2_Init
                0x08014ba0       0x68 H0AR9\H0AR9_i2c.o
                0x08014ba0                MX_I2C2_Init
 .text.MX_ADC_Init
                0x08014c08       0x88 H0AR9\H0AR9_inputs.o
                0x08014c08                MX_ADC_Init
 .text.HAL_ADC_MspInit
                0x08014c90       0xc4 H0AR9\H0AR9_inputs.o
                0x08014c90                HAL_ADC_MspInit
 .text.Error_Handler
                0x08014d54       0x10 H0AR9\H0AR9_inputs.o
                0x08014d54                Error_Handler
 .text.GetChannel
                0x08014d64       0xac H0AR9\H0AR9_inputs.o
                0x08014d64                GetChannel
 .text.GetRank  0x08014e10       0xa4 H0AR9\H0AR9_inputs.o
                0x08014e10                GetRank
 .text.CheckAttachedButtons
                0x08014eb4      0x580 H0AR9\H0AR9_inputs.o
                0x08014eb4                CheckAttachedButtons
 .text.AddPortButton
                0x08015434      0x268 H0AR9\H0AR9_inputs.o
                0x08015434                AddPortButton
 .text.RemovePortButton
                0x0801569c      0x19c H0AR9\H0AR9_inputs.o
                0x0801569c                RemovePortButton
 .text.SetButtonEvents
                0x08015838      0x174 H0AR9\H0AR9_inputs.o
                0x08015838                SetButtonEvents
 .text.ADCSelectChannel
                0x080159ac       0xac H0AR9\H0AR9_inputs.o
                0x080159ac                ADCSelectChannel
 .text.ReadADCChannel
                0x08015a58      0x10c H0AR9\H0AR9_inputs.o
                0x08015a58                ReadADCChannel
 .text.ReadTempAndVref
                0x08015b64      0x1f0 H0AR9\H0AR9_inputs.o
                0x08015b64                ReadTempAndVref
 .text.GetReadPrecentage
                0x08015d54      0x224 H0AR9\H0AR9_inputs.o
                0x08015d54                GetReadPrecentage
 .text.buttonReleasedCallback
                0x08015f78       0x14 H0AR9\H0AR9_inputs.o
                0x08015f78                buttonReleasedCallback
 .text.buttonDblClickedCallback
                0x08015f8c       0x14 H0AR9\H0AR9_inputs.o
                0x08015f8c                buttonDblClickedCallback
 .text.__NVIC_SystemReset
                0x08015fa0       0x24 H0AR9\H0AR9_it.o
 .text.SysTick_Handler
                0x08015fc4       0x12 H0AR9\H0AR9_it.o
                0x08015fc4                SysTick_Handler
 *fill*         0x08015fd6        0x2 
 .text.HardFault_Handler
                0x08015fd8       0x40 H0AR9\H0AR9_it.o
                0x08015fd8                HardFault_Handler
 .text.HAL_UARTEx_RxEventCallback
                0x08016018       0x74 H0AR9\H0AR9_it.o
                0x08016018                HAL_UARTEx_RxEventCallback
 .text.USART1_IRQHandler
                0x0801608c       0xac H0AR9\H0AR9_it.o
                0x0801608c                USART1_IRQHandler
 .text.USART2_LPUART2_IRQHandler
                0x08016138       0xac H0AR9\H0AR9_it.o
                0x08016138                USART2_LPUART2_IRQHandler
 .text.USART3_4_5_6_LPUART1_IRQHandler
                0x080161e4      0x254 H0AR9\H0AR9_it.o
                0x080161e4                USART3_4_5_6_LPUART1_IRQHandler
 .text.DMA1_Channel1_IRQHandler
                0x08016438       0x20 H0AR9\H0AR9_it.o
                0x08016438                DMA1_Channel1_IRQHandler
 .text.DMA1_Channel2_3_IRQHandler
                0x08016458       0x54 H0AR9\H0AR9_it.o
                0x08016458                DMA1_Channel2_3_IRQHandler
 .text.DMA1_Ch4_7_DMA2_Ch1_5_DMAMUX1_OVR_IRQHandler
                0x080164ac       0x80 H0AR9\H0AR9_it.o
                0x080164ac                DMA1_Ch4_7_DMA2_Ch1_5_DMAMUX1_OVR_IRQHandler
 .text.HAL_UART_TxCpltCallback
                0x0801652c       0x38 H0AR9\H0AR9_it.o
                0x0801652c                HAL_UART_TxCpltCallback
 .text.HAL_UART_ErrorCallback
                0x08016564       0xd4 H0AR9\H0AR9_it.o
                0x08016564                HAL_UART_ErrorCallback
 .text.HAL_UART_RxCpltCallback
                0x08016638       0x10 H0AR9\H0AR9_it.o
                0x08016638                HAL_UART_RxCpltCallback
 .text.HAL_UARTEx_WakeupCallback
                0x08016648       0x5c H0AR9\H0AR9_it.o
                0x08016648                HAL_UARTEx_WakeupCallback
 .text.vApplicationStackOverflowHook
                0x080166a4       0x44 H0AR9\H0AR9_it.o
                0x080166a4                vApplicationStackOverflowHook
 .text.vApplicationMallocFailedHook
                0x080166e8       0x40 H0AR9\H0AR9_it.o
                0x080166e8                vApplicationMallocFailedHook
 .text.RTC_Init
                0x08016728       0xd8 H0AR9\H0AR9_rtc.o
                0x08016728                RTC_Init
 .text.RTC_CalendarConfig
                0x08016800      0x18c H0AR9\H0AR9_rtc.o
                0x08016800                RTC_CalendarConfig
 .text.BOS_CalendarConfig
                0x0801698c      0x194 H0AR9\H0AR9_rtc.o
                0x0801698c                BOS_CalendarConfig
 .text.GetTimeDate
                0x08016b20       0x90 H0AR9\H0AR9_rtc.o
                0x08016b20                GetTimeDate
 .text.HAL_RTC_MspInit
                0x08016bb0       0x74 H0AR9\H0AR9_rtc.o
                0x08016bb0                HAL_RTC_MspInit
 .text.HAL_RTC_MspDeInit
                0x08016c24       0x44 H0AR9\H0AR9_rtc.o
                0x08016c24                HAL_RTC_MspDeInit
 .text.TIM_USEC_Init
                0x08016c68       0x74 H0AR9\H0AR9_timers.o
                0x08016c68                TIM_USEC_Init
 .text.TIM_MSEC_Init
                0x08016cdc       0x78 H0AR9\H0AR9_timers.o
                0x08016cdc                TIM_MSEC_Init
 .text.StartMicroDelay
                0x08016d54       0x48 H0AR9\H0AR9_timers.o
                0x08016d54                StartMicroDelay
 .text.StartMilliDelay
                0x08016d9c       0x48 H0AR9\H0AR9_timers.o
                0x08016d9c                StartMilliDelay
 .text.MX_USART1_UART_Init
                0x08016de4       0x7c H0AR9\H0AR9_uart.o
                0x08016de4                MX_USART1_UART_Init
 .text.MX_USART2_UART_Init
                0x08016e60       0x7c H0AR9\H0AR9_uart.o
                0x08016e60                MX_USART2_UART_Init
 .text.MX_USART3_UART_Init
                0x08016edc       0x7c H0AR9\H0AR9_uart.o
                0x08016edc                MX_USART3_UART_Init
 .text.MX_USART4_UART_Init
                0x08016f58       0x60 H0AR9\H0AR9_uart.o
                0x08016f58                MX_USART4_UART_Init
 .text.MX_USART5_UART_Init
                0x08016fb8       0x60 H0AR9\H0AR9_uart.o
                0x08016fb8                MX_USART5_UART_Init
 .text.MX_USART6_UART_Init
                0x08017018       0x60 H0AR9\H0AR9_uart.o
                0x08017018                MX_USART6_UART_Init
 .text.HAL_UART_MspInit
                0x08017078      0x728 H0AR9\H0AR9_uart.o
                0x08017078                HAL_UART_MspInit
 .text.writePxMutex
                0x080177a0       0xac H0AR9\H0AR9_uart.o
                0x080177a0                writePxMutex
 .text.writePxITMutex
                0x0801784c       0x80 H0AR9\H0AR9_uart.o
                0x0801784c                writePxITMutex
 .text.UpdateBaudrate
                0x080178cc       0x3e H0AR9\H0AR9_uart.o
                0x080178cc                UpdateBaudrate
 *fill*         0x0801790a        0x2 
 .text.GetUart  0x0801790c       0x5c H0AR9\H0AR9_uart.o
                0x0801790c                GetUart
 .text.SwapUartPins
                0x08017968      0x118 H0AR9\H0AR9_uart.o
                0x08017968                SwapUartPins
 .text.ReadPortsDir
                0x08017a80       0xa8 H0AR9\H0AR9_uart.o
                0x08017a80                ReadPortsDir
 .text.ReadPortsDirMSG
                0x08017b28       0x80 H0AR9\H0AR9_uart.o
                0x08017b28                ReadPortsDirMSG
 .text.UpdateMyPortsDir
                0x08017ba8       0x84 H0AR9\H0AR9_uart.o
                0x08017ba8                UpdateMyPortsDir
 .text.Reset_Handler
                0x08017c2c       0x90 H0AR9\startup_stm32g0b1ceuxn.o
                0x08017c2c                Reset_Handler
 .text.Default_Handler
                0x08017cbc        0x2 H0AR9\startup_stm32g0b1ceuxn.o
                0x08017cbc                I2C2_3_IRQHandler
                0x08017cbc                TIM1_CC_IRQHandler
                0x08017cbc                ADC1_COMP_IRQHandler
                0x08017cbc                NMI_Handler
                0x08017cbc                I2C1_IRQHandler
                0x08017cbc                TIM7_LPTIM2_IRQHandler
                0x08017cbc                TIM17_FDCAN_IT1_IRQHandler
                0x08017cbc                RCC_CRS_IRQHandler
                0x08017cbc                RTC_TAMP_IRQHandler
                0x08017cbc                SPI1_IRQHandler
                0x08017cbc                USB_UCPD1_2_IRQHandler
                0x08017cbc                EXTI2_3_IRQHandler
                0x08017cbc                PVD_VDDIO2_IRQHandler
                0x08017cbc                EXTI4_15_IRQHandler
                0x08017cbc                Default_Handler
                0x08017cbc                CEC_IRQHandler
                0x08017cbc                TIM14_IRQHandler
                0x08017cbc                TIM15_IRQHandler
                0x08017cbc                TIM3_TIM4_IRQHandler
                0x08017cbc                EXTI0_1_IRQHandler
                0x08017cbc                SPI2_3_IRQHandler
                0x08017cbc                TIM6_DAC_LPTIM1_IRQHandler
                0x08017cbc                WWDG_IRQHandler
                0x08017cbc                TIM2_IRQHandler
                0x08017cbc                FLASH_IRQHandler
                0x08017cbc                TIM16_FDCAN_IT0_IRQHandler
                0x08017cbc                TIM1_BRK_UP_TRG_COM_IRQHandler
 .text.SystemInit
                0x08017cbe        0xa Thirdparty\CMSIS\STM32G0xx\Device\ST\STM32G0xx\Source\Templates\system_stm32g0xx.o
                0x08017cbe                SystemInit
 .text.LL_CRC_ResetCRCCalculationUnit
                0x08017cc8       0x1c Thirdparty\EEPROM_Emul\Core\eeprom_emul.o
 .text.LL_CRC_SetPolynomialSize
                0x08017ce4       0x24 Thirdparty\EEPROM_Emul\Core\eeprom_emul.o
 .text.LL_CRC_SetPolynomialCoef
                0x08017d08       0x18 Thirdparty\EEPROM_Emul\Core\eeprom_emul.o
 .text.LL_CRC_FeedData32
                0x08017d20       0x18 Thirdparty\EEPROM_Emul\Core\eeprom_emul.o
 .text.LL_CRC_FeedData16
                0x08017d38       0x22 Thirdparty\EEPROM_Emul\Core\eeprom_emul.o
 .text.LL_CRC_ReadData16
                0x08017d5a       0x16 Thirdparty\EEPROM_Emul\Core\eeprom_emul.o
 .text.LL_AHB1_GRP1_EnableClock
                0x08017d70       0x2c Thirdparty\EEPROM_Emul\Core\eeprom_emul.o
 .text.EEPROM_Init
                0x08017d9c     0x1874 Thirdparty\EEPROM_Emul\Core\eeprom_emul.o
                0x08017d9c                EEPROM_Init
 .text.EEPROM_Format
                0x08019610      0x2a8 Thirdparty\EEPROM_Emul\Core\eeprom_emul.o
                0x08019610                EEPROM_Format
 .text.EE_ReadVariable16bits
                0x080198b8       0x60 Thirdparty\EEPROM_Emul\Core\eeprom_emul.o
                0x080198b8                EE_ReadVariable16bits
 .text.EE_WriteVariable16bits
                0x08019918       0x48 Thirdparty\EEPROM_Emul\Core\eeprom_emul.o
                0x08019918                EE_WriteVariable16bits
 .text.EE_CleanUp
                0x08019960      0x2a4 Thirdparty\EEPROM_Emul\Core\eeprom_emul.o
                0x08019960                EE_CleanUp
 .text.ReadVariable
                0x08019c04      0x340 Thirdparty\EEPROM_Emul\Core\eeprom_emul.o
 .text.WriteVariable
                0x08019f44       0x52 Thirdparty\EEPROM_Emul\Core\eeprom_emul.o
 .text.VerifyPageFullyErased
                0x08019f96       0x4e Thirdparty\EEPROM_Emul\Core\eeprom_emul.o
 .text.FindPage
                0x08019fe4      0x444 Thirdparty\EEPROM_Emul\Core\eeprom_emul.o
 .text.PagesTransfer
                0x0801a428      0x8ec Thirdparty\EEPROM_Emul\Core\eeprom_emul.o
 .text.VerifyPagesFullWriteVariable
                0x0801ad14      0x1ac Thirdparty\EEPROM_Emul\Core\eeprom_emul.o
 .text.SetPageState
                0x0801aec0      0x364 Thirdparty\EEPROM_Emul\Core\eeprom_emul.o
 .text.GetPageState
                0x0801b224       0xa0 Thirdparty\EEPROM_Emul\Core\eeprom_emul.o
 .text.ConfigureCrc
                0x0801b2c4       0x34 Thirdparty\EEPROM_Emul\Core\eeprom_emul.o
                0x0801b2c4                ConfigureCrc
 .text.CalculateCrc
                0x0801b2f8       0x48 Thirdparty\EEPROM_Emul\Core\eeprom_emul.o
                0x0801b2f8                CalculateCrc
 .text.FI_WriteDoubleWord
                0x0801b340       0x22 Thirdparty\EEPROM_Emul\Porting\STM32G0\flash_interface.o
                0x0801b340                FI_WriteDoubleWord
 *fill*         0x0801b362        0x2 
 .text.FI_PageErase
                0x0801b364      0x120 Thirdparty\EEPROM_Emul\Porting\STM32G0\flash_interface.o
                0x0801b364                FI_PageErase
 .text.FI_CacheFlush
                0x0801b484        0xa Thirdparty\EEPROM_Emul\Porting\STM32G0\flash_interface.o
                0x0801b484                FI_CacheFlush
 *fill*         0x0801b48e        0x2 
 .text.GetBankNumber
                0x0801b490       0x90 Thirdparty\EEPROM_Emul\Porting\STM32G0\flash_interface.o
 .text.FI_CheckBankConfig
                0x0801b520       0x18 Thirdparty\EEPROM_Emul\Porting\STM32G0\flash_interface.o
                0x0801b520                FI_CheckBankConfig
 .text.inHandlerMode
                0x0801b538       0x1c Thirdparty\Middleware\STM32G0xx\FreeRTOS\Source\CMSIS_RTOS\cmsis_os.o
 .text.osKernelStart
                0x0801b554       0x10 Thirdparty\Middleware\STM32G0xx\FreeRTOS\Source\CMSIS_RTOS\cmsis_os.o
                0x0801b554                osKernelStart
 .text.osDelay  0x0801b564       0x28 Thirdparty\Middleware\STM32G0xx\FreeRTOS\Source\CMSIS_RTOS\cmsis_os.o
                0x0801b564                osDelay
 .text.osSemaphoreCreate
                0x0801b58c       0x4a Thirdparty\Middleware\STM32G0xx\FreeRTOS\Source\CMSIS_RTOS\cmsis_os.o
                0x0801b58c                osSemaphoreCreate
 *fill*         0x0801b5d6        0x2 
 .text.osSemaphoreWait
                0x0801b5d8       0x94 Thirdparty\Middleware\STM32G0xx\FreeRTOS\Source\CMSIS_RTOS\cmsis_os.o
                0x0801b5d8                osSemaphoreWait
 .text.osSemaphoreRelease
                0x0801b66c       0x64 Thirdparty\Middleware\STM32G0xx\FreeRTOS\Source\CMSIS_RTOS\cmsis_os.o
                0x0801b66c                osSemaphoreRelease
 .text.osSystickHandler
                0x0801b6d0       0x18 Thirdparty\Middleware\STM32G0xx\FreeRTOS\Source\CMSIS_RTOS\cmsis_os.o
                0x0801b6d0                osSystickHandler
 .text.FreeRTOS_CLIRegisterCommand
                0x0801b6e8       0x50 Thirdparty\Middleware\STM32G0xx\FreeRTOS\Source\FreeRTOS_CLI.o
                0x0801b6e8                FreeRTOS_CLIRegisterCommand
 .text.FreeRTOS_CLIProcessCommand
                0x0801b738      0x11c Thirdparty\Middleware\STM32G0xx\FreeRTOS\Source\FreeRTOS_CLI.o
                0x0801b738                FreeRTOS_CLIProcessCommand
 .text.FreeRTOS_CLIGetOutputBuffer
                0x0801b854       0x10 Thirdparty\Middleware\STM32G0xx\FreeRTOS\Source\FreeRTOS_CLI.o
                0x0801b854                FreeRTOS_CLIGetOutputBuffer
 .text.FreeRTOS_CLIGetParameter
                0x0801b864       0xbc Thirdparty\Middleware\STM32G0xx\FreeRTOS\Source\FreeRTOS_CLI.o
                0x0801b864                FreeRTOS_CLIGetParameter
 .text.prvHelpCommand
                0x0801b920      0x154 Thirdparty\Middleware\STM32G0xx\FreeRTOS\Source\FreeRTOS_CLI.o
 .text.prvGetNumberOfParameters
                0x0801ba74       0x7a Thirdparty\Middleware\STM32G0xx\FreeRTOS\Source\FreeRTOS_CLI.o
 .text.vListInitialise
                0x0801baee       0x3c Thirdparty\Middleware\STM32G0xx\FreeRTOS\Source\list.o
                0x0801baee                vListInitialise
 .text.vListInitialiseItem
                0x0801bb2a       0x16 Thirdparty\Middleware\STM32G0xx\FreeRTOS\Source\list.o
                0x0801bb2a                vListInitialiseItem
 .text.vListInsertEnd
                0x0801bb40       0x44 Thirdparty\Middleware\STM32G0xx\FreeRTOS\Source\list.o
                0x0801bb40                vListInsertEnd
 .text.vListInsert
                0x0801bb84       0x6c Thirdparty\Middleware\STM32G0xx\FreeRTOS\Source\list.o
                0x0801bb84                vListInsert
 .text.uxListRemove
                0x0801bbf0       0x50 Thirdparty\Middleware\STM32G0xx\FreeRTOS\Source\list.o
                0x0801bbf0                uxListRemove
 .text.pxPortInitialiseStack
                0x0801bc40       0x54 Thirdparty\Middleware\STM32G0xx\FreeRTOS\Source\portable\GCC\ARM_CM0\port.o
                0x0801bc40                pxPortInitialiseStack
 .text.prvTaskExitError
                0x0801bc94       0x1e Thirdparty\Middleware\STM32G0xx\FreeRTOS\Source\portable\GCC\ARM_CM0\port.o
 .text.SVC_Handler
                0x0801bcb2        0xa Thirdparty\Middleware\STM32G0xx\FreeRTOS\Source\portable\GCC\ARM_CM0\port.o
                0x0801bcb2                SVC_Handler
 *fill*         0x0801bcbc        0x4 
 .text.vPortStartFirstTask
                0x0801bcc0       0x38 Thirdparty\Middleware\STM32G0xx\FreeRTOS\Source\portable\GCC\ARM_CM0\port.o
 .text.xPortStartScheduler
                0x0801bcf8       0x48 Thirdparty\Middleware\STM32G0xx\FreeRTOS\Source\portable\GCC\ARM_CM0\port.o
                0x0801bcf8                xPortStartScheduler
 .text.vPortYield
                0x0801bd40       0x20 Thirdparty\Middleware\STM32G0xx\FreeRTOS\Source\portable\GCC\ARM_CM0\port.o
                0x0801bd40                vPortYield
 .text.vPortEnterCritical
                0x0801bd60       0x24 Thirdparty\Middleware\STM32G0xx\FreeRTOS\Source\portable\GCC\ARM_CM0\port.o
                0x0801bd60                vPortEnterCritical
 .text.vPortExitCritical
                0x0801bd84       0x24 Thirdparty\Middleware\STM32G0xx\FreeRTOS\Source\portable\GCC\ARM_CM0\port.o
                0x0801bd84                vPortExitCritical
 .text.ulSetInterruptMaskFromISR
                0x0801bda8        0xc Thirdparty\Middleware\STM32G0xx\FreeRTOS\Source\portable\GCC\ARM_CM0\port.o
                0x0801bda8                ulSetInterruptMaskFromISR
 .text.vClearInterruptMaskFromISR
                0x0801bdb4        0x8 Thirdparty\Middleware\STM32G0xx\FreeRTOS\Source\portable\GCC\ARM_CM0\port.o
                0x0801bdb4                vClearInterruptMaskFromISR
 *fill*         0x0801bdbc        0x4 
 .text.PendSV_Handler
                0x0801bdc0       0x48 Thirdparty\Middleware\STM32G0xx\FreeRTOS\Source\portable\GCC\ARM_CM0\port.o
                0x0801bdc0                PendSV_Handler
 .text.xPortSysTickHandler
                0x0801be08       0x34 Thirdparty\Middleware\STM32G0xx\FreeRTOS\Source\portable\GCC\ARM_CM0\port.o
                0x0801be08                xPortSysTickHandler
 .text.vPortSetupTimerInterrupt
                0x0801be3c       0x44 Thirdparty\Middleware\STM32G0xx\FreeRTOS\Source\portable\GCC\ARM_CM0\port.o
                0x0801be3c                vPortSetupTimerInterrupt
 .text.pvPortMalloc
                0x0801be80      0x140 Thirdparty\Middleware\STM32G0xx\FreeRTOS\Source\portable\MemMang\heap_4.o
                0x0801be80                pvPortMalloc
 .text.vPortFree
                0x0801bfc0       0x80 Thirdparty\Middleware\STM32G0xx\FreeRTOS\Source\portable\MemMang\heap_4.o
                0x0801bfc0                vPortFree
 .text.prvHeapInit
                0x0801c040       0xc0 Thirdparty\Middleware\STM32G0xx\FreeRTOS\Source\portable\MemMang\heap_4.o
 .text.prvInsertBlockIntoFreeList
                0x0801c100       0xb0 Thirdparty\Middleware\STM32G0xx\FreeRTOS\Source\portable\MemMang\heap_4.o
 .text.xQueueGenericReset
                0x0801c1b0       0x9e Thirdparty\Middleware\STM32G0xx\FreeRTOS\Source\queue.o
                0x0801c1b0                xQueueGenericReset
 .text.xQueueGenericCreate
                0x0801c24e       0x52 Thirdparty\Middleware\STM32G0xx\FreeRTOS\Source\queue.o
                0x0801c24e                xQueueGenericCreate
 .text.prvInitialiseNewQueue
                0x0801c2a0       0x4e Thirdparty\Middleware\STM32G0xx\FreeRTOS\Source\queue.o
 .text.xQueueCreateCountingSemaphore
                0x0801c2ee       0x30 Thirdparty\Middleware\STM32G0xx\FreeRTOS\Source\queue.o
                0x0801c2ee                xQueueCreateCountingSemaphore
 .text.xQueueGenericSend
                0x0801c31e      0x12a Thirdparty\Middleware\STM32G0xx\FreeRTOS\Source\queue.o
                0x0801c31e                xQueueGenericSend
 .text.xQueueGenericSendFromISR
                0x0801c448       0xa6 Thirdparty\Middleware\STM32G0xx\FreeRTOS\Source\queue.o
                0x0801c448                xQueueGenericSendFromISR
 .text.xQueueGiveFromISR
                0x0801c4ee       0x96 Thirdparty\Middleware\STM32G0xx\FreeRTOS\Source\queue.o
                0x0801c4ee                xQueueGiveFromISR
 .text.xQueueReceive
                0x0801c584      0x128 Thirdparty\Middleware\STM32G0xx\FreeRTOS\Source\queue.o
                0x0801c584                xQueueReceive
 .text.xQueueSemaphoreTake
                0x0801c6ac      0x178 Thirdparty\Middleware\STM32G0xx\FreeRTOS\Source\queue.o
                0x0801c6ac                xQueueSemaphoreTake
 .text.xQueueReceiveFromISR
                0x0801c824       0xa0 Thirdparty\Middleware\STM32G0xx\FreeRTOS\Source\queue.o
                0x0801c824                xQueueReceiveFromISR
 .text.prvGetDisinheritPriorityAfterTimeout
                0x0801c8c4       0x2c Thirdparty\Middleware\STM32G0xx\FreeRTOS\Source\queue.o
 .text.prvCopyDataToQueue
                0x0801c8f0       0xd6 Thirdparty\Middleware\STM32G0xx\FreeRTOS\Source\queue.o
 .text.prvCopyDataFromQueue
                0x0801c9c6       0x4c Thirdparty\Middleware\STM32G0xx\FreeRTOS\Source\queue.o
 .text.prvUnlockQueue
                0x0801ca12       0xbc Thirdparty\Middleware\STM32G0xx\FreeRTOS\Source\queue.o
 .text.prvIsQueueEmpty
                0x0801cace       0x2c Thirdparty\Middleware\STM32G0xx\FreeRTOS\Source\queue.o
 .text.prvIsQueueFull
                0x0801cafa       0x30 Thirdparty\Middleware\STM32G0xx\FreeRTOS\Source\queue.o
 *fill*         0x0801cb2a        0x2 
 .text.vQueueAddToRegistry
                0x0801cb2c       0x50 Thirdparty\Middleware\STM32G0xx\FreeRTOS\Source\queue.o
                0x0801cb2c                vQueueAddToRegistry
 .text.vQueueWaitForMessageRestricted
                0x0801cb7c       0x66 Thirdparty\Middleware\STM32G0xx\FreeRTOS\Source\queue.o
                0x0801cb7c                vQueueWaitForMessageRestricted
 .text.xTaskCreate
                0x0801cbe2       0x90 Thirdparty\Middleware\STM32G0xx\FreeRTOS\Source\tasks.o
                0x0801cbe2                xTaskCreate
 *fill*         0x0801cc72        0x2 
 .text.prvInitialiseNewTask
                0x0801cc74      0x10c Thirdparty\Middleware\STM32G0xx\FreeRTOS\Source\tasks.o
 .text.prvAddNewTaskToReadyList
                0x0801cd80       0xd0 Thirdparty\Middleware\STM32G0xx\FreeRTOS\Source\tasks.o
 .text.vTaskDelay
                0x0801ce50       0x3a Thirdparty\Middleware\STM32G0xx\FreeRTOS\Source\tasks.o
                0x0801ce50                vTaskDelay
 *fill*         0x0801ce8a        0x2 
 .text.eTaskGetState
                0x0801ce8c       0xd0 Thirdparty\Middleware\STM32G0xx\FreeRTOS\Source\tasks.o
                0x0801ce8c                eTaskGetState
 .text.uxTaskPriorityGet
                0x0801cf5c       0x34 Thirdparty\Middleware\STM32G0xx\FreeRTOS\Source\tasks.o
                0x0801cf5c                uxTaskPriorityGet
 .text.vTaskPrioritySet
                0x0801cf90      0x110 Thirdparty\Middleware\STM32G0xx\FreeRTOS\Source\tasks.o
                0x0801cf90                vTaskPrioritySet
 .text.vTaskStartScheduler
                0x0801d0a0       0x74 Thirdparty\Middleware\STM32G0xx\FreeRTOS\Source\tasks.o
                0x0801d0a0                vTaskStartScheduler
 .text.vTaskSuspendAll
                0x0801d114       0x18 Thirdparty\Middleware\STM32G0xx\FreeRTOS\Source\tasks.o
                0x0801d114                vTaskSuspendAll
 .text.xTaskResumeAll
                0x0801d12c      0x10c Thirdparty\Middleware\STM32G0xx\FreeRTOS\Source\tasks.o
                0x0801d12c                xTaskResumeAll
 .text.xTaskGetTickCount
                0x0801d238       0x1c Thirdparty\Middleware\STM32G0xx\FreeRTOS\Source\tasks.o
                0x0801d238                xTaskGetTickCount
 .text.xTaskGetTickCountFromISR
                0x0801d254       0x20 Thirdparty\Middleware\STM32G0xx\FreeRTOS\Source\tasks.o
                0x0801d254                xTaskGetTickCountFromISR
 .text.uxTaskGetSystemState
                0x0801d274      0x120 Thirdparty\Middleware\STM32G0xx\FreeRTOS\Source\tasks.o
                0x0801d274                uxTaskGetSystemState
 .text.xTaskIncrementTick
                0x0801d394      0x150 Thirdparty\Middleware\STM32G0xx\FreeRTOS\Source\tasks.o
                0x0801d394                xTaskIncrementTick
 .text.vTaskSwitchContext
                0x0801d4e4      0x124 Thirdparty\Middleware\STM32G0xx\FreeRTOS\Source\tasks.o
                0x0801d4e4                vTaskSwitchContext
 .text.vTaskPlaceOnEventList
                0x0801d608       0x34 Thirdparty\Middleware\STM32G0xx\FreeRTOS\Source\tasks.o
                0x0801d608                vTaskPlaceOnEventList
 .text.vTaskPlaceOnEventListRestricted
                0x0801d63c       0x44 Thirdparty\Middleware\STM32G0xx\FreeRTOS\Source\tasks.o
                0x0801d63c                vTaskPlaceOnEventListRestricted
 .text.xTaskRemoveFromEventList
                0x0801d680       0xb0 Thirdparty\Middleware\STM32G0xx\FreeRTOS\Source\tasks.o
                0x0801d680                xTaskRemoveFromEventList
 .text.vTaskInternalSetTimeOutState
                0x0801d730       0x28 Thirdparty\Middleware\STM32G0xx\FreeRTOS\Source\tasks.o
                0x0801d730                vTaskInternalSetTimeOutState
 .text.xTaskCheckForTimeOut
                0x0801d758       0x8c Thirdparty\Middleware\STM32G0xx\FreeRTOS\Source\tasks.o
                0x0801d758                xTaskCheckForTimeOut
 .text.vTaskMissedYield
                0x0801d7e4       0x14 Thirdparty\Middleware\STM32G0xx\FreeRTOS\Source\tasks.o
                0x0801d7e4                vTaskMissedYield
 .text.prvIdleTask
                0x0801d7f8       0x20 Thirdparty\Middleware\STM32G0xx\FreeRTOS\Source\tasks.o
 .text.prvInitialiseTaskLists
                0x0801d818       0x88 Thirdparty\Middleware\STM32G0xx\FreeRTOS\Source\tasks.o
 .text.prvCheckTasksWaitingTermination
                0x0801d8a0       0x5c Thirdparty\Middleware\STM32G0xx\FreeRTOS\Source\tasks.o
 .text.vTaskGetInfo
                0x0801d8fc       0xd8 Thirdparty\Middleware\STM32G0xx\FreeRTOS\Source\tasks.o
                0x0801d8fc                vTaskGetInfo
 .text.prvListTasksWithinSingleList
                0x0801d9d4       0xa6 Thirdparty\Middleware\STM32G0xx\FreeRTOS\Source\tasks.o
 .text.prvTaskCheckFreeStackSpace
                0x0801da7a       0x34 Thirdparty\Middleware\STM32G0xx\FreeRTOS\Source\tasks.o
 .text.prvDeleteTCB
                0x0801daae       0x22 Thirdparty\Middleware\STM32G0xx\FreeRTOS\Source\tasks.o
 .text.prvResetNextTaskUnblockTime
                0x0801dad0       0x3c Thirdparty\Middleware\STM32G0xx\FreeRTOS\Source\tasks.o
 .text.xTaskGetSchedulerState
                0x0801db0c       0x38 Thirdparty\Middleware\STM32G0xx\FreeRTOS\Source\tasks.o
                0x0801db0c                xTaskGetSchedulerState
 .text.xTaskPriorityInherit
                0x0801db44       0xd0 Thirdparty\Middleware\STM32G0xx\FreeRTOS\Source\tasks.o
                0x0801db44                xTaskPriorityInherit
 .text.xTaskPriorityDisinherit
                0x0801dc14       0x98 Thirdparty\Middleware\STM32G0xx\FreeRTOS\Source\tasks.o
                0x0801dc14                xTaskPriorityDisinherit
 .text.vTaskPriorityDisinheritAfterTimeout
                0x0801dcac       0xc0 Thirdparty\Middleware\STM32G0xx\FreeRTOS\Source\tasks.o
                0x0801dcac                vTaskPriorityDisinheritAfterTimeout
 .text.prvWriteNameToBuffer
                0x0801dd6c       0x52 Thirdparty\Middleware\STM32G0xx\FreeRTOS\Source\tasks.o
 *fill*         0x0801ddbe        0x2 
 .text.vTaskList
                0x0801ddc0      0x14c Thirdparty\Middleware\STM32G0xx\FreeRTOS\Source\tasks.o
                0x0801ddc0                vTaskList
 .text.vTaskGetRunTimeStats
                0x0801df0c      0x118 Thirdparty\Middleware\STM32G0xx\FreeRTOS\Source\tasks.o
                0x0801df0c                vTaskGetRunTimeStats
 .text.pvTaskIncrementMutexHeldCount
                0x0801e024       0x24 Thirdparty\Middleware\STM32G0xx\FreeRTOS\Source\tasks.o
                0x0801e024                pvTaskIncrementMutexHeldCount
 .text.ulTaskNotifyTake
                0x0801e048       0x84 Thirdparty\Middleware\STM32G0xx\FreeRTOS\Source\tasks.o
                0x0801e048                ulTaskNotifyTake
 .text.xTaskGenericNotify
                0x0801e0cc      0x104 Thirdparty\Middleware\STM32G0xx\FreeRTOS\Source\tasks.o
                0x0801e0cc                xTaskGenericNotify
 .text.xTaskGenericNotifyFromISR
                0x0801e1d0      0x140 Thirdparty\Middleware\STM32G0xx\FreeRTOS\Source\tasks.o
                0x0801e1d0                xTaskGenericNotifyFromISR
 .text.vTaskNotifyGiveFromISR
                0x0801e310       0xd8 Thirdparty\Middleware\STM32G0xx\FreeRTOS\Source\tasks.o
                0x0801e310                vTaskNotifyGiveFromISR
 .text.prvAddCurrentTaskToDelayedList
                0x0801e3e8       0xa8 Thirdparty\Middleware\STM32G0xx\FreeRTOS\Source\tasks.o
 .text.xTimerCreateTimerTask
                0x0801e490       0x4c Thirdparty\Middleware\STM32G0xx\FreeRTOS\Source\timers.o
                0x0801e490                xTimerCreateTimerTask
 .text.xTimerCreate
                0x0801e4dc       0x46 Thirdparty\Middleware\STM32G0xx\FreeRTOS\Source\timers.o
                0x0801e4dc                xTimerCreate
 .text.prvInitialiseNewTimer
                0x0801e522       0x5a Thirdparty\Middleware\STM32G0xx\FreeRTOS\Source\timers.o
 .text.xTimerGenericCommand
                0x0801e57c       0x8c Thirdparty\Middleware\STM32G0xx\FreeRTOS\Source\timers.o
                0x0801e57c                xTimerGenericCommand
 .text.prvProcessExpiredTimer
                0x0801e608       0x80 Thirdparty\Middleware\STM32G0xx\FreeRTOS\Source\timers.o
 .text.prvTimerTask
                0x0801e688       0x28 Thirdparty\Middleware\STM32G0xx\FreeRTOS\Source\timers.o
 .text.prvProcessTimerOrBlockTask
                0x0801e6b0       0x90 Thirdparty\Middleware\STM32G0xx\FreeRTOS\Source\timers.o
 .text.prvGetNextExpireTime
                0x0801e740       0x44 Thirdparty\Middleware\STM32G0xx\FreeRTOS\Source\timers.o
 .text.prvSampleTimeNow
                0x0801e784       0x40 Thirdparty\Middleware\STM32G0xx\FreeRTOS\Source\timers.o
 .text.prvInsertTimerInActiveList
                0x0801e7c4       0x84 Thirdparty\Middleware\STM32G0xx\FreeRTOS\Source\timers.o
 .text.prvProcessReceivedCommands
                0x0801e848      0x16c Thirdparty\Middleware\STM32G0xx\FreeRTOS\Source\timers.o
 .text.prvSwitchTimerLists
                0x0801e9b4       0xb0 Thirdparty\Middleware\STM32G0xx\FreeRTOS\Source\timers.o
 .text.prvCheckForValidListAndQueue
                0x0801ea64       0x74 Thirdparty\Middleware\STM32G0xx\FreeRTOS\Source\timers.o
 .text.xTimerIsTimerActive
                0x0801ead8       0x36 Thirdparty\Middleware\STM32G0xx\FreeRTOS\Source\timers.o
                0x0801ead8                xTimerIsTimerActive
 *fill*         0x0801eb0e        0x2 
 .text.HAL_Init
                0x0801eb10       0x40 Thirdparty\STM32G0xx_HAL_Driver\Src\stm32g0xx_hal.o
                0x0801eb10                HAL_Init
 .text.HAL_InitTick
                0x0801eb50       0x94 Thirdparty\STM32G0xx_HAL_Driver\Src\stm32g0xx_hal.o
                0x0801eb50                HAL_InitTick
 .text.HAL_IncTick
                0x0801ebe4       0x24 Thirdparty\STM32G0xx_HAL_Driver\Src\stm32g0xx_hal.o
                0x0801ebe4                HAL_IncTick
 .text.HAL_GetTick
                0x0801ec08       0x14 Thirdparty\STM32G0xx_HAL_Driver\Src\stm32g0xx_hal.o
                0x0801ec08                HAL_GetTick
 .text.HAL_Delay
                0x0801ec1c       0x48 Thirdparty\STM32G0xx_HAL_Driver\Src\stm32g0xx_hal.o
                0x0801ec1c                HAL_Delay
 .text.HAL_GetREVID
                0x0801ec64       0x18 Thirdparty\STM32G0xx_HAL_Driver\Src\stm32g0xx_hal.o
                0x0801ec64                HAL_GetREVID
 .text.HAL_GetDEVID
                0x0801ec7c       0x18 Thirdparty\STM32G0xx_HAL_Driver\Src\stm32g0xx_hal.o
                0x0801ec7c                HAL_GetDEVID
 .text.LL_ADC_SetCommonPathInternalCh
                0x0801ec94       0x28 Thirdparty\STM32G0xx_HAL_Driver\Src\stm32g0xx_hal_adc.o
 .text.LL_ADC_GetCommonPathInternalCh
                0x0801ecbc       0x1a Thirdparty\STM32G0xx_HAL_Driver\Src\stm32g0xx_hal_adc.o
 .text.LL_ADC_SetSamplingTimeCommonChannels
                0x0801ecd6       0x3a Thirdparty\STM32G0xx_HAL_Driver\Src\stm32g0xx_hal_adc.o
 .text.LL_ADC_GetSamplingTimeCommonChannels
                0x0801ed10       0x2e Thirdparty\STM32G0xx_HAL_Driver\Src\stm32g0xx_hal_adc.o
 .text.LL_ADC_REG_IsTriggerSourceSWStart
                0x0801ed3e       0x22 Thirdparty\STM32G0xx_HAL_Driver\Src\stm32g0xx_hal_adc.o
 .text.LL_ADC_REG_SetSequencerRanks
                0x0801ed60       0x40 Thirdparty\STM32G0xx_HAL_Driver\Src\stm32g0xx_hal_adc.o
 .text.LL_ADC_REG_SetSequencerChAdd
                0x0801eda0       0x22 Thirdparty\STM32G0xx_HAL_Driver\Src\stm32g0xx_hal_adc.o
 .text.LL_ADC_REG_SetSequencerChRem
                0x0801edc2       0x24 Thirdparty\STM32G0xx_HAL_Driver\Src\stm32g0xx_hal_adc.o
 *fill*         0x0801ede6        0x2 
 .text.LL_ADC_SetChannelSamplingTime
                0x0801ede8       0x38 Thirdparty\STM32G0xx_HAL_Driver\Src\stm32g0xx_hal_adc.o
 .text.LL_ADC_EnableInternalRegulator
                0x0801ee20       0x28 Thirdparty\STM32G0xx_HAL_Driver\Src\stm32g0xx_hal_adc.o
 .text.LL_ADC_IsInternalRegulatorEnabled
                0x0801ee48       0x28 Thirdparty\STM32G0xx_HAL_Driver\Src\stm32g0xx_hal_adc.o
 .text.LL_ADC_Enable
                0x0801ee70       0x24 Thirdparty\STM32G0xx_HAL_Driver\Src\stm32g0xx_hal_adc.o
 .text.LL_ADC_Disable
                0x0801ee94       0x24 Thirdparty\STM32G0xx_HAL_Driver\Src\stm32g0xx_hal_adc.o
 .text.LL_ADC_IsEnabled
                0x0801eeb8       0x22 Thirdparty\STM32G0xx_HAL_Driver\Src\stm32g0xx_hal_adc.o
 .text.LL_ADC_IsDisableOngoing
                0x0801eeda       0x22 Thirdparty\STM32G0xx_HAL_Driver\Src\stm32g0xx_hal_adc.o
 .text.LL_ADC_REG_StartConversion
                0x0801eefc       0x24 Thirdparty\STM32G0xx_HAL_Driver\Src\stm32g0xx_hal_adc.o
 .text.LL_ADC_REG_StopConversion
                0x0801ef20       0x24 Thirdparty\STM32G0xx_HAL_Driver\Src\stm32g0xx_hal_adc.o
 .text.LL_ADC_REG_IsConversionOngoing
                0x0801ef44       0x22 Thirdparty\STM32G0xx_HAL_Driver\Src\stm32g0xx_hal_adc.o
 *fill*         0x0801ef66        0x2 
 .text.HAL_ADC_Init
                0x0801ef68      0x350 Thirdparty\STM32G0xx_HAL_Driver\Src\stm32g0xx_hal_adc.o
                0x0801ef68                HAL_ADC_Init
 .text.HAL_ADC_Start
                0x0801f2b8       0x9c Thirdparty\STM32G0xx_HAL_Driver\Src\stm32g0xx_hal_adc.o
                0x0801f2b8                HAL_ADC_Start
 .text.HAL_ADC_Stop
                0x0801f354       0x78 Thirdparty\STM32G0xx_HAL_Driver\Src\stm32g0xx_hal_adc.o
                0x0801f354                HAL_ADC_Stop
 .text.HAL_ADC_PollForConversion
                0x0801f3cc      0x128 Thirdparty\STM32G0xx_HAL_Driver\Src\stm32g0xx_hal_adc.o
                0x0801f3cc                HAL_ADC_PollForConversion
 .text.HAL_ADC_GetValue
                0x0801f4f4       0x16 Thirdparty\STM32G0xx_HAL_Driver\Src\stm32g0xx_hal_adc.o
                0x0801f4f4                HAL_ADC_GetValue
 *fill*         0x0801f50a        0x2 
 .text.HAL_ADC_ConfigChannel
                0x0801f50c      0x3b0 Thirdparty\STM32G0xx_HAL_Driver\Src\stm32g0xx_hal_adc.o
                0x0801f50c                HAL_ADC_ConfigChannel
 .text.ADC_ConversionStop
                0x0801f8bc       0x84 Thirdparty\STM32G0xx_HAL_Driver\Src\stm32g0xx_hal_adc.o
                0x0801f8bc                ADC_ConversionStop
 .text.ADC_Enable
                0x0801f940      0x10c Thirdparty\STM32G0xx_HAL_Driver\Src\stm32g0xx_hal_adc.o
                0x0801f940                ADC_Enable
 .text.ADC_Disable
                0x0801fa4c       0xbc Thirdparty\STM32G0xx_HAL_Driver\Src\stm32g0xx_hal_adc.o
                0x0801fa4c                ADC_Disable
 .text.__NVIC_EnableIRQ
                0x0801fb08       0x34 Thirdparty\STM32G0xx_HAL_Driver\Src\stm32g0xx_hal_cortex.o
 .text.__NVIC_SetPriority
                0x0801fb3c       0xdc Thirdparty\STM32G0xx_HAL_Driver\Src\stm32g0xx_hal_cortex.o
 .text.SysTick_Config
                0x0801fc18       0x48 Thirdparty\STM32G0xx_HAL_Driver\Src\stm32g0xx_hal_cortex.o
 .text.HAL_NVIC_SetPriority
                0x0801fc60       0x2a Thirdparty\STM32G0xx_HAL_Driver\Src\stm32g0xx_hal_cortex.o
                0x0801fc60                HAL_NVIC_SetPriority
 .text.HAL_NVIC_EnableIRQ
                0x0801fc8a       0x20 Thirdparty\STM32G0xx_HAL_Driver\Src\stm32g0xx_hal_cortex.o
                0x0801fc8a                HAL_NVIC_EnableIRQ
 .text.HAL_SYSTICK_Config
                0x0801fcaa       0x1a Thirdparty\STM32G0xx_HAL_Driver\Src\stm32g0xx_hal_cortex.o
                0x0801fcaa                HAL_SYSTICK_Config
 .text.HAL_CRC_Init
                0x0801fcc4       0xcc Thirdparty\STM32G0xx_HAL_Driver\Src\stm32g0xx_hal_crc.o
                0x0801fcc4                HAL_CRC_Init
 .text.HAL_CRC_Accumulate
                0x0801fd90       0x8e Thirdparty\STM32G0xx_HAL_Driver\Src\stm32g0xx_hal_crc.o
                0x0801fd90                HAL_CRC_Accumulate
 .text.HAL_CRC_Calculate
                0x0801fe1e       0x9e Thirdparty\STM32G0xx_HAL_Driver\Src\stm32g0xx_hal_crc.o
                0x0801fe1e                HAL_CRC_Calculate
 .text.CRC_Handle_8
                0x0801febc      0x122 Thirdparty\STM32G0xx_HAL_Driver\Src\stm32g0xx_hal_crc.o
 .text.CRC_Handle_16
                0x0801ffde       0x6e Thirdparty\STM32G0xx_HAL_Driver\Src\stm32g0xx_hal_crc.o
 .text.HAL_CRCEx_Polynomial_Set
                0x0802004c       0xea Thirdparty\STM32G0xx_HAL_Driver\Src\stm32g0xx_hal_crc_ex.o
                0x0802004c                HAL_CRCEx_Polynomial_Set
 *fill*         0x08020136        0x2 
 .text.HAL_DMA_Init
                0x08020138      0x158 Thirdparty\STM32G0xx_HAL_Driver\Src\stm32g0xx_hal_dma.o
                0x08020138                HAL_DMA_Init
 .text.HAL_DMA_Start_IT
                0x08020290      0x10c Thirdparty\STM32G0xx_HAL_Driver\Src\stm32g0xx_hal_dma.o
                0x08020290                HAL_DMA_Start_IT
 .text.HAL_DMA_Abort
                0x0802039c       0xc0 Thirdparty\STM32G0xx_HAL_Driver\Src\stm32g0xx_hal_dma.o
                0x0802039c                HAL_DMA_Abort
 .text.HAL_DMA_Abort_IT
                0x0802045c       0xd0 Thirdparty\STM32G0xx_HAL_Driver\Src\stm32g0xx_hal_dma.o
                0x0802045c                HAL_DMA_Abort_IT
 .text.HAL_DMA_IRQHandler
                0x0802052c      0x188 Thirdparty\STM32G0xx_HAL_Driver\Src\stm32g0xx_hal_dma.o
                0x0802052c                HAL_DMA_IRQHandler
 .text.HAL_DMA_GetError
                0x080206b4       0x14 Thirdparty\STM32G0xx_HAL_Driver\Src\stm32g0xx_hal_dma.o
                0x080206b4                HAL_DMA_GetError
 .text.DMA_SetConfig
                0x080206c8       0x78 Thirdparty\STM32G0xx_HAL_Driver\Src\stm32g0xx_hal_dma.o
 .text.DMA_CalcDMAMUXChannelBaseAndMask
                0x08020740       0x94 Thirdparty\STM32G0xx_HAL_Driver\Src\stm32g0xx_hal_dma.o
 .text.DMA_CalcDMAMUXRequestGenBaseAndMask
                0x080207d4       0x48 Thirdparty\STM32G0xx_HAL_Driver\Src\stm32g0xx_hal_dma.o
 .text.HAL_FLASH_Program
                0x0802081c       0x9c Thirdparty\STM32G0xx_HAL_Driver\Src\stm32g0xx_hal_flash.o
                0x0802081c                HAL_FLASH_Program
 .text.HAL_FLASH_Unlock
                0x080208b8       0x48 Thirdparty\STM32G0xx_HAL_Driver\Src\stm32g0xx_hal_flash.o
                0x080208b8                HAL_FLASH_Unlock
 .text.HAL_FLASH_Lock
                0x08020900       0x44 Thirdparty\STM32G0xx_HAL_Driver\Src\stm32g0xx_hal_flash.o
                0x08020900                HAL_FLASH_Lock
 .text.FLASH_WaitForLastOperation
                0x08020944       0x9c Thirdparty\STM32G0xx_HAL_Driver\Src\stm32g0xx_hal_flash.o
                0x08020944                FLASH_WaitForLastOperation
 .text.FLASH_Program_DoubleWord
                0x080209e0       0x40 Thirdparty\STM32G0xx_HAL_Driver\Src\stm32g0xx_hal_flash.o
 .text.HAL_FLASHEx_Erase
                0x08020a20       0xe0 Thirdparty\STM32G0xx_HAL_Driver\Src\stm32g0xx_hal_flash_ex.o
                0x08020a20                HAL_FLASHEx_Erase
 .text.FLASH_MassErase
                0x08020b00       0x28 Thirdparty\STM32G0xx_HAL_Driver\Src\stm32g0xx_hal_flash_ex.o
 .text.FLASH_PageErase
                0x08020b28       0x58 Thirdparty\STM32G0xx_HAL_Driver\Src\stm32g0xx_hal_flash_ex.o
                0x08020b28                FLASH_PageErase
 .text.HAL_GPIO_Init
                0x08020b80      0x2d8 Thirdparty\STM32G0xx_HAL_Driver\Src\stm32g0xx_hal_gpio.o
                0x08020b80                HAL_GPIO_Init
 .text.HAL_GPIO_DeInit
                0x08020e58      0x1b0 Thirdparty\STM32G0xx_HAL_Driver\Src\stm32g0xx_hal_gpio.o
                0x08020e58                HAL_GPIO_DeInit
 .text.HAL_GPIO_ReadPin
                0x08021008       0x3a Thirdparty\STM32G0xx_HAL_Driver\Src\stm32g0xx_hal_gpio.o
                0x08021008                HAL_GPIO_ReadPin
 .text.HAL_GPIO_WritePin
                0x08021042       0x3a Thirdparty\STM32G0xx_HAL_Driver\Src\stm32g0xx_hal_gpio.o
                0x08021042                HAL_GPIO_WritePin
 .text.HAL_GPIO_TogglePin
                0x0802107c       0x36 Thirdparty\STM32G0xx_HAL_Driver\Src\stm32g0xx_hal_gpio.o
                0x0802107c                HAL_GPIO_TogglePin
 *fill*         0x080210b2        0x2 
 .text.HAL_I2C_Init
                0x080210b4      0x14c Thirdparty\STM32G0xx_HAL_Driver\Src\stm32g0xx_hal_i2c.o
                0x080210b4                HAL_I2C_Init
 .text.HAL_I2C_MspInit
                0x08021200       0x10 Thirdparty\STM32G0xx_HAL_Driver\Src\stm32g0xx_hal_i2c.o
                0x08021200                HAL_I2C_MspInit
 .text.HAL_I2C_Master_Transmit
                0x08021210      0x254 Thirdparty\STM32G0xx_HAL_Driver\Src\stm32g0xx_hal_i2c.o
                0x08021210                HAL_I2C_Master_Transmit
 .text.HAL_I2C_Master_Receive
                0x08021464      0x210 Thirdparty\STM32G0xx_HAL_Driver\Src\stm32g0xx_hal_i2c.o
                0x08021464                HAL_I2C_Master_Receive
 .text.I2C_Flush_TXDR
                0x08021674       0x44 Thirdparty\STM32G0xx_HAL_Driver\Src\stm32g0xx_hal_i2c.o
 .text.I2C_WaitOnFlagUntilTimeout
                0x080216b8       0xb0 Thirdparty\STM32G0xx_HAL_Driver\Src\stm32g0xx_hal_i2c.o
 .text.I2C_WaitOnTXISFlagUntilTimeout
                0x08021768       0x8c Thirdparty\STM32G0xx_HAL_Driver\Src\stm32g0xx_hal_i2c.o
 .text.I2C_WaitOnSTOPFlagUntilTimeout
                0x080217f4       0x86 Thirdparty\STM32G0xx_HAL_Driver\Src\stm32g0xx_hal_i2c.o
 *fill*         0x0802187a        0x2 
 .text.I2C_WaitOnRXNEFlagUntilTimeout
                0x0802187c      0x13c Thirdparty\STM32G0xx_HAL_Driver\Src\stm32g0xx_hal_i2c.o
 .text.I2C_IsErrorOccurred
                0x080219b8      0x200 Thirdparty\STM32G0xx_HAL_Driver\Src\stm32g0xx_hal_i2c.o
 .text.I2C_TransferConfig
                0x08021bb8       0x74 Thirdparty\STM32G0xx_HAL_Driver\Src\stm32g0xx_hal_i2c.o
 .text.HAL_I2CEx_ConfigAnalogFilter
                0x08021c2c       0x98 Thirdparty\STM32G0xx_HAL_Driver\Src\stm32g0xx_hal_i2c_ex.o
                0x08021c2c                HAL_I2CEx_ConfigAnalogFilter
 .text.HAL_I2CEx_ConfigDigitalFilter
                0x08021cc4       0x98 Thirdparty\STM32G0xx_HAL_Driver\Src\stm32g0xx_hal_i2c_ex.o
                0x08021cc4                HAL_I2CEx_ConfigDigitalFilter
 .text.HAL_MspInit
                0x08021d5c        0xa Thirdparty\STM32G0xx_HAL_Driver\Src\stm32g0xx_hal_msp_template.o
                0x08021d5c                HAL_MspInit
 *fill*         0x08021d66        0x2 
 .text.HAL_PWR_EnableWakeUpPin
                0x08021d68       0x40 Thirdparty\STM32G0xx_HAL_Driver\Src\stm32g0xx_hal_pwr.o
                0x08021d68                HAL_PWR_EnableWakeUpPin
 .text.HAL_PWR_DisableWakeUpPin
                0x08021da8       0x28 Thirdparty\STM32G0xx_HAL_Driver\Src\stm32g0xx_hal_pwr.o
                0x08021da8                HAL_PWR_DisableWakeUpPin
 .text.HAL_PWR_EnterSTOPMode
                0x08021dd0       0x70 Thirdparty\STM32G0xx_HAL_Driver\Src\stm32g0xx_hal_pwr.o
                0x08021dd0                HAL_PWR_EnterSTOPMode
 .text.HAL_PWR_EnterSTANDBYMode
                0x08021e40       0x34 Thirdparty\STM32G0xx_HAL_Driver\Src\stm32g0xx_hal_pwr.o
                0x08021e40                HAL_PWR_EnterSTANDBYMode
 .text.HAL_PWREx_EnableSRAMRetention
                0x08021e74       0x1c Thirdparty\STM32G0xx_HAL_Driver\Src\stm32g0xx_hal_pwr_ex.o
                0x08021e74                HAL_PWREx_EnableSRAMRetention
 .text.HAL_PWREx_ControlVoltageScaling
                0x08021e90       0x80 Thirdparty\STM32G0xx_HAL_Driver\Src\stm32g0xx_hal_pwr_ex.o
                0x08021e90                HAL_PWREx_ControlVoltageScaling
 .text.LL_RCC_GetAPB1Prescaler
                0x08021f10       0x18 Thirdparty\STM32G0xx_HAL_Driver\Src\stm32g0xx_hal_rcc.o
 .text.HAL_RCC_OscConfig
                0x08021f28      0x6c0 Thirdparty\STM32G0xx_HAL_Driver\Src\stm32g0xx_hal_rcc.o
                0x08021f28                HAL_RCC_OscConfig
 .text.HAL_RCC_ClockConfig
                0x080225e8      0x210 Thirdparty\STM32G0xx_HAL_Driver\Src\stm32g0xx_hal_rcc.o
                0x080225e8                HAL_RCC_ClockConfig
 .text.HAL_RCC_GetSysClockFreq
                0x080227f8      0x104 Thirdparty\STM32G0xx_HAL_Driver\Src\stm32g0xx_hal_rcc.o
                0x080227f8                HAL_RCC_GetSysClockFreq
 .text.HAL_RCC_GetHCLKFreq
                0x080228fc       0x14 Thirdparty\STM32G0xx_HAL_Driver\Src\stm32g0xx_hal_rcc.o
                0x080228fc                HAL_RCC_GetHCLKFreq
 .text.HAL_RCC_GetPCLK1Freq
                0x08022910       0x2c Thirdparty\STM32G0xx_HAL_Driver\Src\stm32g0xx_hal_rcc.o
                0x08022910                HAL_RCC_GetPCLK1Freq
 .text.HAL_RCCEx_PeriphCLKConfig
                0x0802293c      0x478 Thirdparty\STM32G0xx_HAL_Driver\Src\stm32g0xx_hal_rcc_ex.o
                0x0802293c                HAL_RCCEx_PeriphCLKConfig
 .text.HAL_RTC_Init
                0x08022db4      0x144 Thirdparty\STM32G0xx_HAL_Driver\Src\stm32g0xx_hal_rtc.o
                0x08022db4                HAL_RTC_Init
 .text.HAL_RTC_DeInit
                0x08022ef8      0x138 Thirdparty\STM32G0xx_HAL_Driver\Src\stm32g0xx_hal_rtc.o
                0x08022ef8                HAL_RTC_DeInit
 .text.HAL_RTC_SetTime
                0x08023030      0x150 Thirdparty\STM32G0xx_HAL_Driver\Src\stm32g0xx_hal_rtc.o
                0x08023030                HAL_RTC_SetTime
 .text.HAL_RTC_GetTime
                0x08023180       0xb8 Thirdparty\STM32G0xx_HAL_Driver\Src\stm32g0xx_hal_rtc.o
                0x08023180                HAL_RTC_GetTime
 .text.HAL_RTC_SetDate
                0x08023238      0x124 Thirdparty\STM32G0xx_HAL_Driver\Src\stm32g0xx_hal_rtc.o
                0x08023238                HAL_RTC_SetDate
 .text.HAL_RTC_GetDate
                0x0802335c       0x9c Thirdparty\STM32G0xx_HAL_Driver\Src\stm32g0xx_hal_rtc.o
                0x0802335c                HAL_RTC_GetDate
 .text.HAL_RTC_WaitForSynchro
                0x080233f8       0x4c Thirdparty\STM32G0xx_HAL_Driver\Src\stm32g0xx_hal_rtc.o
                0x080233f8                HAL_RTC_WaitForSynchro
 .text.RTC_EnterInitMode
                0x08023444       0x84 Thirdparty\STM32G0xx_HAL_Driver\Src\stm32g0xx_hal_rtc.o
                0x08023444                RTC_EnterInitMode
 .text.RTC_ExitInitMode
                0x080234c8       0x88 Thirdparty\STM32G0xx_HAL_Driver\Src\stm32g0xx_hal_rtc.o
                0x080234c8                RTC_ExitInitMode
 .text.RTC_ByteToBcd2
                0x08023550       0x50 Thirdparty\STM32G0xx_HAL_Driver\Src\stm32g0xx_hal_rtc.o
                0x08023550                RTC_ByteToBcd2
 .text.RTC_Bcd2ToByte
                0x080235a0       0x3a Thirdparty\STM32G0xx_HAL_Driver\Src\stm32g0xx_hal_rtc.o
                0x080235a0                RTC_Bcd2ToByte
 .text.HAL_RTCEx_BKUPWrite
                0x080235da       0x3a Thirdparty\STM32G0xx_HAL_Driver\Src\stm32g0xx_hal_rtc_ex.o
                0x080235da                HAL_RTCEx_BKUPWrite
 .text.HAL_RTCEx_BKUPRead
                0x08023614       0x36 Thirdparty\STM32G0xx_HAL_Driver\Src\stm32g0xx_hal_rtc_ex.o
                0x08023614                HAL_RTCEx_BKUPRead
 .text.HAL_TIM_Base_Init
                0x0802364a       0xb0 Thirdparty\STM32G0xx_HAL_Driver\Src\stm32g0xx_hal_tim.o
                0x0802364a                HAL_TIM_Base_Init
 .text.HAL_TIM_Base_MspInit
                0x080236fa       0x10 Thirdparty\STM32G0xx_HAL_Driver\Src\stm32g0xx_hal_tim.o
                0x080236fa                HAL_TIM_Base_MspInit
 *fill*         0x0802370a        0x2 
 .text.HAL_TIM_Base_Start
                0x0802370c       0xb4 Thirdparty\STM32G0xx_HAL_Driver\Src\stm32g0xx_hal_tim.o
                0x0802370c                HAL_TIM_Base_Start
 .text.TIM_Base_SetConfig
                0x080237c0      0x130 Thirdparty\STM32G0xx_HAL_Driver\Src\stm32g0xx_hal_tim.o
                0x080237c0                TIM_Base_SetConfig
 .text.HAL_UART_Init
                0x080238f0       0xac Thirdparty\STM32G0xx_HAL_Driver\Src\stm32g0xx_hal_uart.o
                0x080238f0                HAL_UART_Init
 .text.HAL_UART_DeInit
                0x0802399c       0x80 Thirdparty\STM32G0xx_HAL_Driver\Src\stm32g0xx_hal_uart.o