stm32f0xx_hal_adc.c:1990:26:ADC_ConversionStop	16	static
stm32f0xx_hal_adc.c:1933:26:ADC_Disable	16	static
stm32f0xx_hal_adc.c:1868:26:ADC_Enable	24	static
stm32f0xx_hal_adc.c:689:13:HAL_ADC_MspInit	0	static
stm32f0xx_hal_adc.c:361:19:HAL_ADC_Init	16	static
stm32f0xx_hal_adc.c:701:13:HAL_ADC_MspDeInit	0	static
stm32f0xx_hal_adc.c:573:19:HAL_ADC_DeInit	16	static
stm32f0xx_hal_adc.c:740:19:HAL_ADC_Start	8	static
stm32f0xx_hal_adc.c:805:19:HAL_ADC_Stop	8	static
stm32f0xx_hal_adc.c:859:19:HAL_ADC_PollForConversion	24	static
stm32f0xx_hal_adc.c:979:19:HAL_ADC_PollForEvent	24	static
stm32f0xx_hal_adc.c:1055:19:HAL_ADC_Start_IT	8	static
stm32f0xx_hal_adc.c:1136:19:HAL_ADC_Stop_IT	8	static
stm32f0xx_hal_adc.c:1189:19:HAL_ADC_Start_DMA	16	static
stm32f0xx_hal_adc.c:1278:19:HAL_ADC_Stop_DMA	16	static
stm32f0xx_hal_adc.c:1350:10:HAL_ADC_GetValue	0	static
stm32f0xx_hal_adc.c:1486:13:HAL_ADC_ConvCpltCallback	0	static
stm32f0xx_hal_adc.c:2041:13:ADC_DMAConvCplt	8	static
stm32f0xx_hal_adc.c:1498:13:HAL_ADC_ConvHalfCpltCallback	0	static
stm32f0xx_hal_adc.c:2102:13:ADC_DMAHalfConvCplt	8	static
stm32f0xx_hal_adc.c:1510:13:HAL_ADC_LevelOutOfWindowCallback	0	static
stm32f0xx_hal_adc.c:1523:13:HAL_ADC_ErrorCallback	0	static
stm32f0xx_hal_adc.c:2116:13:ADC_DMAError	8	static
stm32f0xx_hal_adc.c:1370:6:HAL_ADC_IRQHandler	8	static
stm32f0xx_hal_adc.c:1574:19:HAL_ADC_ConfigChannel	24	static
stm32f0xx_hal_adc.c:1707:19:HAL_ADC_AnalogWDGConfig	16	static
stm32f0xx_hal_adc.c:1824:10:HAL_ADC_GetState	0	static
stm32f0xx_hal_adc.c:1838:10:HAL_ADC_GetError	0	static
