BOS.c:232:12:LoadROtopology	32	static
BOS.c:265:12:LoadEEportsDir	24	static
BOS.c:281:12:LoadEEalias	48	static
BOS.c:302:12:LoadEEgroup	40	static
BOS.c:333:12:LoadEEstreams	32	static
BOS.c:394:12:LoadEEparams	16	static
BOS.c:487:12:LoadEEbuttons	64	static
BOS.c:523:12:LoadROsnippets	40	static
BOS.c:202:6:LoadEEvars	8	static
BOS.c:582:12:SaveEEportsDir	32	static
BOS.c:598:12:SaveEEalias	32	static
BOS.c:620:12:SaveEEgroup	32	static
BOS.c:652:12:SaveEEstreams	40	static
BOS.c:673:12:SaveEEparams	8	static
BOS.c:707:12:ClearEEportsDir	32	static
BOS.c:726:6:EE_FormatForFactoryReset	8	static
BOS.c:746:9:IsLowerCLIbaud	72	static
BOS.c:792:9:IsModuleParameter	16	static
BOS.c:804:9:IsMathOperator	16	static
BOS.c:831:6:BOS_Init	16	static,ignoring_inline_asm
BOS.c:907:6:Module_Init	8	static
BOS.c:1189:12:ExploreNeighbors	32	static
BOS.c:1212:12:FindBroadcastRoutes	56	dynamic
BOS.c:1376:9:minArr	20	static
BOS.c:1398:9:QnotEmpty	0	static
BOS.c:1293:9:FindRoute	96	static
BOS.c:1411:6:DisplayTopology	48	static
BOS.c:1451:6:DisplayPortsDir	40	static
BOS.c:1476:6:DisplayModuleStatus	40	static
BOS.c:1567:9:GetID	24	static
BOS.c:1607:12:NameModule	32	static
BOS.c:1657:12:AddModuleToGroup	24	static
BOS.c:1732:12:WriteToRemote	32	static
BOS.c:1883:11:ReadRemoteVar	24	static
BOS.c:1917:11:ReadRemoteMemory	24	static
BOS.c:1953:11:ReadRemoteParam	32	static
BOS.c:1987:12:WriteRemote	16	static
BOS.c:2000:12:WriteRemoteForce	16	static
BOS.c:2008:9:AddBOSvar	20	static
BOS.c:2035:12:ReadFromMBModule	16	static
BOS.c:2078:12:WriteToMBModule	8	static
BOS.c:2110:7:GetDateString	16	static
BOS.c:2121:7:GetTimeString	16	static
BOS.c:2132:12:Bridge	24	static
BOS.c:2140:12:Unbridge	40	static
BOS.c:2166:12:printfp	24	static
