BOS.c:54:19:Send_BOS_Message	32	static
BOS.c:293:12:LoadROtopology	32	static
BOS.c:326:12:LoadEEportsDir	24	static
BOS.c:342:12:LoadEEalias	48	static
BOS.c:363:12:LoadEEgroup	40	static
BOS.c:394:12:LoadEEstreams	32	static
BOS.c:455:12:LoadEEparams	16	static
BOS.c:548:12:LoadEEbuttons	64	static
BOS.c:584:12:LoadROsnippets	40	static
BOS.c:263:6:LoadEEvars	8	static
BOS.c:643:12:SaveEEportsDir	32	static
BOS.c:659:12:SaveEEalias	32	static
BOS.c:681:12:SaveEEgroup	32	static
BOS.c:713:12:SaveEEstreams	40	static
BOS.c:734:12:SaveEEparams	8	static
BOS.c:768:12:ClearEEportsDir	32	static
BOS.c:787:6:EE_FormatForFactoryReset	8	static
BOS.c:807:9:IsLowerCLIbaud	72	static
BOS.c:853:9:IsModuleParameter	16	static
BOS.c:865:9:IsMathOperator	16	static
BOS.c:892:6:BOS_Init	16	static,ignoring_inline_asm
BOS.c:980:6:Module_Init	8	static
BOS.c:1262:12:ExploreNeighbors	32	static
BOS.c:1285:12:FindBroadcastRoutes	56	dynamic
BOS.c:1449:9:minArr	20	static
BOS.c:1471:9:QnotEmpty	0	static
BOS.c:1366:9:FindRoute	96	static
BOS.c:1484:6:DisplayTopology	48	static
BOS.c:1524:6:DisplayPortsDir	40	static
BOS.c:1549:6:DisplayModuleStatus	40	static
BOS.c:1640:9:GetID	24	static
BOS.c:1680:12:NameModule	32	static
BOS.c:1730:12:AddModuleToGroup	24	static
BOS.c:1805:12:WriteToRemote	32	static
BOS.c:1956:11:ReadRemoteVar	24	static
BOS.c:1990:11:ReadRemoteMemory	24	static
BOS.c:2026:11:ReadRemoteParam	32	static
BOS.c:2060:12:WriteRemote	16	static
BOS.c:2073:12:WriteRemoteForce	16	static
BOS.c:2081:9:AddBOSvar	20	static
BOS.c:2108:12:ReadFromMBModule	16	static
BOS.c:2151:12:WriteToMBModule	8	static
BOS.c:2183:7:GetDateString	16	static
BOS.c:2194:7:GetTimeString	16	static
BOS.c:2205:12:Bridge	24	static
BOS.c:2213:12:Unbridge	40	static
BOS.c:2239:12:printfp	24	static
