BOS.c:228:12:LoadROtopology	32	static
BOS.c:261:12:LoadEEportsDir	24	static
BOS.c:277:12:LoadEEalias	48	static
BOS.c:298:12:LoadEEgroup	40	static
BOS.c:329:12:LoadEEstreams	32	static
BOS.c:390:12:LoadEEparams	16	static
BOS.c:483:12:LoadEEbuttons	64	static
BOS.c:519:12:LoadROsnippets	40	static
BOS.c:198:6:LoadEEvars	8	static
BOS.c:578:12:SaveEEportsDir	32	static
BOS.c:594:12:SaveEEalias	32	static
BOS.c:616:12:SaveEEgroup	32	static
BOS.c:648:12:SaveEEstreams	40	static
BOS.c:669:12:SaveEEparams	8	static
BOS.c:703:12:ClearEEportsDir	32	static
BOS.c:722:6:EE_FormatForFactoryReset	8	static
BOS.c:742:9:IsLowerCLIbaud	72	static
BOS.c:841:6:SetupPortForRemoteBootloaderUpdate	8	static
BOS.c:857:9:IsModuleParameter	16	static
BOS.c:869:9:IsMathOperator	16	static
BOS.c:1253:12:ExploreNeighbors	32	static
BOS.c:1276:12:FindBroadcastRoutes	56	dynamic
BOS.c:1440:9:minArr	20	static
BOS.c:1462:9:QnotEmpty	0	static
BOS.c:1357:9:FindRoute	96	static
BOS.c:785:6:remoteBootloaderUpdate	48	static
BOS.c:1475:6:DisplayTopology	48	static
BOS.c:1515:6:DisplayPortsDir	40	static
BOS.c:1540:6:DisplayModuleStatus	40	static
BOS.c:1631:9:GetID	24	static
BOS.c:1671:12:NameModule	32	static
BOS.c:1721:12:AddModuleToGroup	24	static
BOS.c:1788:12:ReadPortsDir	40	static
BOS.c:1817:12:UpdateMyPortsDir	24	static
BOS.c:896:6:BOS_Init	16	static,ignoring_inline_asm
BOS.c:972:6:Module_Init	8	static
BOS.c:1846:12:WriteToRemote	32	static
BOS.c:1997:11:ReadRemoteVar	24	static
BOS.c:2031:11:ReadRemoteMemory	24	static
BOS.c:2067:11:ReadRemoteParam	32	static
BOS.c:2101:12:WriteRemote	16	static
BOS.c:2114:12:WriteRemoteForce	16	static
BOS.c:2122:9:AddBOSvar	20	static
BOS.c:2149:12:ReadFromMBModule	16	static
BOS.c:2192:12:WriteToMBModule	8	static
BOS.c:2224:7:GetDateString	16	static
BOS.c:2235:7:GetTimeString	16	static
BOS.c:2246:12:Bridge	24	static
BOS.c:2254:12:Unbridge	40	static
BOS.c:2280:12:printfp	24	static
