BOS_messaging.c:116:6:StreamTimerCallback	8	static
BOS_messaging.c:64:12:SetupDMAStreams	40	static
BOS_messaging.c:181:6:NotifyMessagingTask	8	static
BOS_messaging.c:321:12:SendMessageFromPort	64	static
BOS_messaging.c:130:12:ForwardReceivedMessage	24	static
BOS_messaging.c:160:12:BroadcastReceivedMessage	16	static
BOS_messaging.c:228:12:BroadcastMessage	24	static
BOS_messaging.c:249:12:SendMessageToGroup	32	static
BOS_messaging.c:273:12:SendMessageToModule	32	static
BOS_messaging.c:529:12:StartScastDMAStream	104	static
