BOS_inputs.c:68:13:buttonPressedCallback	0	static
BOS_inputs.c:309:12:CheckForTimedButtonPress	8	static
BOS_inputs.c:334:12:CheckForTimedButtonRelease	8	static
BOS_inputs.c:359:6:ResetAttachedButtonStates	0	static
BOS_inputs.c:375:12:AddPortButton	72	static
BOS_inputs.c:445:12:RemovePortButton	24	static
BOS_inputs.c:527:12:SetButtonEvents	56	static
BOS_inputs.c:662:6:HAL_ADC_MspInit	40	static
BOS_inputs.c:727:6:HAL_ADC_MspDeInit	8	static
BOS_inputs.c:855:10:Get_PIN	0	static
BOS_inputs.c:912:9:Get_channel	0	static
BOS_inputs.c:924:6:Error_Handler	8	static
BOS_inputs.c:641:6:MX_ADC_Init	8	static
BOS_inputs.c:797:6:ReadTempAndVref	24	static
BOS_inputs.c:863:7:GetReadPrecentage	40	static
BOS_inputs.c:930:9:Get_Rank	0	static
BOS_inputs.c:750:6:ADCSelectChannel	16	static
BOS_inputs.c:763:6:ReadADCChannel	24	static
BOS_inputs.c:943:6:Deinit_ADC_Channel	8	static
BOS_inputs.c:956:13:buttonReleasedCallback	0	static
BOS_inputs.c:964:13:buttonClickedCallback	0	static
BOS_inputs.c:972:13:buttonDblClickedCallback	0	static
BOS_inputs.c:980:13:buttonPressedForXCallback	0	static
BOS_inputs.c:988:13:buttonReleasedForYCallback	0	static
BOS_inputs.c:73:6:CheckAttachedButtons	72	static
