BOS_CLIcommands.c:534:22:exploreCommand	0	static
BOS_CLIcommands.c:1363:22:setBaudrateCommand	24	static
BOS_CLIcommands.c:1475:22:flashsizeCommand	8	static
BOS_CLIcommands.c:2008:22:GetReadPrecentageCommand	16	static
BOS_CLIcommands.c:1988:22:ReadVrefCommand	16	static
BOS_CLIcommands.c:1967:22:ReadTempCommand	16	static
BOS_CLIcommands.c:1911:22:ADCReadCommand	32	static
BOS_CLIcommands.c:1817:22:testportCommand	48	static
BOS_CLIcommands.c:1764:22:unbridgeCommand	24	static
BOS_CLIcommands.c:1711:22:bridgeCommand	24	static
BOS_CLIcommands.c:1656:22:delSnipCommand	48	static
BOS_CLIcommands.c:1620:22:pauseSnipCommand	16	static
BOS_CLIcommands.c:1584:22:actSnipCommand	16	static
BOS_CLIcommands.c:1494:22:snipCommand	80	static
BOS_CLIcommands.c:1433:22:idcodeCommand	8	static
BOS_CLIcommands.c:1408:22:uuidCommand	16	static
BOS_CLIcommands.c:1315:22:timeCommand	24	static
BOS_CLIcommands.c:1343:22:dateCommand	8	static
BOS_CLIcommands.c:1165:22:getCommand	40	static
BOS_CLIcommands.c:1266:22:defaultCommand	24	static
BOS_CLIcommands.c:935:22:setCommand	88	static
BOS_CLIcommands.c:901:22:removebuttonCommand	24	static
BOS_CLIcommands.c:851:22:addbuttonCommand	48	static
BOS_CLIcommands.c:777:22:scastCommand	128	static
BOS_CLIcommands.c:741:22:infoCommand	32	static
BOS_CLIcommands.c:723:22:statusCommand	8	static
BOS_CLIcommands.c:634:22:groupCommand	88	static
BOS_CLIcommands.c:590:22:nameCommand	16	static
BOS_CLIcommands.c:446:22:bootloaderUpdateCommand	40	static,ignoring_inline_asm
BOS_CLIcommands.c:420:22:pingCommand	8	static
BOS_CLIcommands.c:399:22:prvRunTimeStatsCommand	8	static
BOS_CLIcommands.c:379:22:prvTaskStatsCommand	8	static
BOS_CLIcommands.c:573:22:resetCommand	0	static,ignoring_inline_asm
BOS_CLIcommands.c:317:13:RegisterUserCLICommands	0	static
BOS_CLIcommands.c:325:6:vRegisterCLICommands	8	static
